Component: ARM Compiler 6.16 Tool: armlink [5dfeaa00]

==============================================================================

Section Cross References

    main.o(.ARM.exidx.text.main) refers to main.o(.text.main) for [Anonymous Symbol]
    gd32f30x_it.o(.ARM.exidx.text.NMI_Handler) refers to gd32f30x_it.o(.text.NMI_Handler) for [Anonymous Symbol]
    gd32f30x_it.o(.ARM.exidx.text.MemManage_Handler) refers to gd32f30x_it.o(.text.MemManage_Handler) for [Anonymous Symbol]
    gd32f30x_it.o(.ARM.exidx.text.BusFault_Handler) refers to gd32f30x_it.o(.text.BusFault_Handler) for [Anonymous Symbol]
    gd32f30x_it.o(.ARM.exidx.text.UsageFault_Handler) refers to gd32f30x_it.o(.text.UsageFault_Handler) for [Anonymous Symbol]
    gd32f30x_it.o(.ARM.exidx.text.SVC_Handler) refers to gd32f30x_it.o(.text.SVC_Handler) for [Anonymous Symbol]
    gd32f30x_it.o(.ARM.exidx.text.DebugMon_Handler) refers to gd32f30x_it.o(.text.DebugMon_Handler) for [Anonymous Symbol]
    gd32f30x_it.o(.text.SysTick_Handler) refers to systick.o(.text.delay_decrement) for delay_decrement
    gd32f30x_it.o(.ARM.exidx.text.SysTick_Handler) refers to gd32f30x_it.o(.text.SysTick_Handler) for [Anonymous Symbol]
    systick.o(.text.systick_config) refers to system_gd32f30x.o(.data.SystemCoreClock) for SystemCoreClock
    systick.o(.text.systick_config) refers to systick.o(.text.SysTick_Config) for SysTick_Config
    systick.o(.text.systick_config) refers to systick.o(.text.NVIC_SetPriority) for NVIC_SetPriority
    systick.o(.ARM.exidx.text.systick_config) refers to systick.o(.text.systick_config) for [Anonymous Symbol]
    systick.o(.text.SysTick_Config) refers to systick.o(.text.NVIC_SetPriority) for NVIC_SetPriority
    systick.o(.ARM.exidx.text.SysTick_Config) refers to systick.o(.text.SysTick_Config) for [Anonymous Symbol]
    systick.o(.ARM.exidx.text.NVIC_SetPriority) refers to systick.o(.text.NVIC_SetPriority) for [Anonymous Symbol]
    systick.o(.text.delay_1ms) refers to systick.o(.bss.delay) for delay
    systick.o(.ARM.exidx.text.delay_1ms) refers to systick.o(.text.delay_1ms) for [Anonymous Symbol]
    systick.o(.text.delay_decrement) refers to systick.o(.bss.delay) for delay
    systick.o(.ARM.exidx.text.delay_decrement) refers to systick.o(.text.delay_decrement) for [Anonymous Symbol]
    system_gd32f30x.o(.text.SystemInit) refers to system_gd32f30x.o(.text.system_clock_config) for system_clock_config
    system_gd32f30x.o(.ARM.exidx.text.SystemInit) refers to system_gd32f30x.o(.text.SystemInit) for [Anonymous Symbol]
    system_gd32f30x.o(.text.system_clock_config) refers to system_gd32f30x.o(.text.system_clock_120m_hxtal) for system_clock_120m_hxtal
    system_gd32f30x.o(.ARM.exidx.text.system_clock_config) refers to system_gd32f30x.o(.text.system_clock_config) for [Anonymous Symbol]
    system_gd32f30x.o(.text.SystemCoreClockUpdate) refers to system_gd32f30x.o(.data.SystemCoreClock) for SystemCoreClock
    system_gd32f30x.o(.ARM.exidx.text.SystemCoreClockUpdate) refers to system_gd32f30x.o(.text.SystemCoreClockUpdate) for [Anonymous Symbol]
    system_gd32f30x.o(.ARM.exidx.text.system_clock_120m_hxtal) refers to system_gd32f30x.o(.text.system_clock_120m_hxtal) for [Anonymous Symbol]
    gd32f30x_adc.o(.text.adc_deinit) refers to gd32f30x_rcu.o(.text.rcu_periph_reset_enable) for rcu_periph_reset_enable
    gd32f30x_adc.o(.text.adc_deinit) refers to gd32f30x_rcu.o(.text.rcu_periph_reset_disable) for rcu_periph_reset_disable
    gd32f30x_adc.o(.ARM.exidx.text.adc_deinit) refers to gd32f30x_adc.o(.text.adc_deinit) for [Anonymous Symbol]
    gd32f30x_adc.o(.ARM.exidx.text.adc_enable) refers to gd32f30x_adc.o(.text.adc_enable) for [Anonymous Symbol]
    gd32f30x_adc.o(.ARM.exidx.text.adc_disable) refers to gd32f30x_adc.o(.text.adc_disable) for [Anonymous Symbol]
    gd32f30x_adc.o(.ARM.exidx.text.adc_calibration_enable) refers to gd32f30x_adc.o(.text.adc_calibration_enable) for [Anonymous Symbol]
    gd32f30x_adc.o(.ARM.exidx.text.adc_dma_mode_enable) refers to gd32f30x_adc.o(.text.adc_dma_mode_enable) for [Anonymous Symbol]
    gd32f30x_adc.o(.ARM.exidx.text.adc_dma_mode_disable) refers to gd32f30x_adc.o(.text.adc_dma_mode_disable) for [Anonymous Symbol]
    gd32f30x_adc.o(.ARM.exidx.text.adc_tempsensor_vrefint_enable) refers to gd32f30x_adc.o(.text.adc_tempsensor_vrefint_enable) for [Anonymous Symbol]
    gd32f30x_adc.o(.ARM.exidx.text.adc_tempsensor_vrefint_disable) refers to gd32f30x_adc.o(.text.adc_tempsensor_vrefint_disable) for [Anonymous Symbol]
    gd32f30x_adc.o(.ARM.exidx.text.adc_resolution_config) refers to gd32f30x_adc.o(.text.adc_resolution_config) for [Anonymous Symbol]
    gd32f30x_adc.o(.ARM.exidx.text.adc_discontinuous_mode_config) refers to gd32f30x_adc.o(.text.adc_discontinuous_mode_config) for [Anonymous Symbol]
    gd32f30x_adc.o(.ARM.exidx.text.adc_mode_config) refers to gd32f30x_adc.o(.text.adc_mode_config) for [Anonymous Symbol]
[...]
    [Anonymous Symbol]                       0x080002fc   Section        0  gd32f30x_it.o(.text.MemManage_Handler)
    [Anonymous Symbol]                       0x08000300   Section        0  gd32f30x_it.o(.text.NMI_Handler)
    [Anonymous Symbol]                       0x08000304   Section        0  gd32f30x_it.o(.text.SVC_Handler)
    [Anonymous Symbol]                       0x08000308   Section        0  gd32f30x_it.o(.text.SysTick_Handler)
    [Anonymous Symbol]                       0x08000310   Section        0  system_gd32f30x.o(.text.SystemInit)
    [Anonymous Symbol]                       0x080003a8   Section        0  gd32f30x_it.o(.text.UsageFault_Handler)
    [Anonymous Symbol]                       0x080003ac   Section        0  kservice.o(.text.__rt_ffs)
    _has_defunct_thread                      0x080003e5   Thumb Code    18  idle.o(.text._has_defunct_thread)
    [Anonymous Symbol]                       0x080003e4   Section        0  idle.o(.text._has_defunct_thread)
    _msh_exec_cmd                            0x080003f9   Thumb Code    94  msh.o(.text._msh_exec_cmd)
    [Anonymous Symbol]                       0x080003f8   Section        0  msh.o(.text._msh_exec_cmd)
    _rt_thread_init                          0x08000459   Thumb Code   128  thread.o(.text._rt_thread_init)
    [Anonymous Symbol]                       0x08000458   Section        0  thread.o(.text._rt_thread_init)
    _rt_timer_init                           0x080004d9   Thumb Code    34  timer.o(.text._rt_timer_init)
    [Anonymous Symbol]                       0x080004d8   Section        0  timer.o(.text._rt_timer_init)
    _rt_timer_remove                         0x080004fd   Thumb Code    10  timer.o(.text._rt_timer_remove)
    [Anonymous Symbol]                       0x080004fc   Section        0  timer.o(.text._rt_timer_remove)
    _thread_cleanup_execute                  0x08000509   Thumb Code    28  thread.o(.text._thread_cleanup_execute)
    [Anonymous Symbol]                       0x08000508   Section        0  thread.o(.text._thread_cleanup_execute)
    bus_fault_track                          0x08000525   Thumb Code   120  cpuport.o(.text.bus_fault_track)
    [Anonymous Symbol]                       0x08000524   Section        0  cpuport.o(.text.bus_fault_track)
    [Anonymous Symbol]                       0x0800060c   Section        0  msh.o(.text.cmd_free)
    [Anonymous Symbol]                       0x08000618   Section        0  msh.o(.text.cmd_ps)
    [Anonymous Symbol]                       0x08000624   Section        0  systick.o(.text.delay_decrement)
    divide                                   0x0800063d   Thumb Code    50  kservice.o(.text.divide)
    [Anonymous Symbol]                       0x0800063c   Section        0  kservice.o(.text.divide)
    [Anonymous Symbol]                       0x08000670   Section        0  shell.o(.text.finsh_get_prompt)
    finsh_getchar                            0x08000709   Thumb Code   104  shell.o(.text.finsh_getchar)
    [Anonymous Symbol]                       0x08000708   Section        0  shell.o(.text.finsh_getchar)
    finsh_rx_ind                             0x08000771   Thumb Code    20  shell.o(.text.finsh_rx_ind)
    [Anonymous Symbol]                       0x08000770   Section        0  shell.o(.text.finsh_rx_ind)
    [Anonymous Symbol]                       0x08000784   Section        0  shell.o(.text.finsh_set_device)
    [Anonymous Symbol]                       0x08000814   Section        0  shell.o(.text.finsh_set_prompt_mode)
    [Anonymous Symbol]                       0x08000834   Section        0  shell.o(.text.finsh_system_function_init)
    [Anonymous Symbol]                       0x0800084c   Section        0  shell.o(.text.finsh_system_init)
    [Anonymous Symbol]                       0x080008f0   Section        0  shell.o(.text.finsh_thread_entry)
    hard_fault_track                         0x08000c81   Thumb Code    84  cpuport.o(.text.hard_fault_track)
    [Anonymous Symbol]                       0x08000c80   Section        0  cpuport.o(.text.hard_fault_track)
    [Anonymous Symbol]                       0x08000cfc   Section        0  cmd.o(.text.hello)
    [Anonymous Symbol]                       0x08000d1c   Section        0  cmd.o(.text.list)
    [Anonymous Symbol]                       0x08000d9c   Section        0  cmd.o(.text.list_device)
    list_find_init                           0x08000ebd   Thumb Code    32  cmd.o(.text.list_find_init)
    [Anonymous Symbol]                       0x08000ebc   Section        0  cmd.o(.text.list_find_init)
    list_get_next                            0x08000edd   Thumb Code   106  cmd.o(.text.list_get_next)
    [Anonymous Symbol]                       0x08000edc   Section        0  cmd.o(.text.list_get_next)
    [Anonymous Symbol]                       0x08000f48   Section        0  mem.o(.text.list_mem)
    [Anonymous Symbol]                       0x08000fc4   Section        0  cmd.o(.text.list_mempool)
    [Anonymous Symbol]                       0x0800112c   Section        0  cmd.o(.text.list_mutex)
    [Anonymous Symbol]                       0x08001234   Section        0  cmd.o(.text.list_sem)
    [Anonymous Symbol]                       0x0800136c   Section        0  cmd.o(.text.list_thread)
    [Anonymous Symbol]                       0x080014e4   Section        0  cmd.o(.text.list_timer)
    [Anonymous Symbol]                       0x08001624   Section        0  main.o(.text.main)
    [Anonymous Symbol]                       0x08001628   Section        0  components.o(.text.main_thread_entry)
    mem_manage_fault_track                   0x08001635   Thumb Code   108  cpuport.o(.text.mem_manage_fault_track)
    [Anonymous Symbol]                       0x08001634   Section        0  cpuport.o(.text.mem_manage_fault_track)
    [Anonymous Symbol]                       0x0800170c   Section        0  msh.o(.text.msh_auto_complete)
    [Anonymous Symbol]                       0x080017cc   Section        0  msh.o(.text.msh_exec)
    msh_get_cmd                              0x08001841   Thumb Code   104  msh.o(.text.msh_get_cmd)
    [Anonymous Symbol]                       0x08001840   Section        0  msh.o(.text.msh_get_cmd)
    [Anonymous Symbol]                       0x080018a8   Section        0  msh.o(.text.msh_help)
    [Anonymous Symbol]                       0x08001938   Section        0  msh.o(.text.msh_is_used)
    msh_split                                0x0800193d   Thumb Code   244  msh.o(.text.msh_split)
    [Anonymous Symbol]                       0x0800193c   Section        0  msh.o(.text.msh_split)
    object_split                             0x08001a55   Thumb Code    20  cmd.o(.text.object_split)
    [Anonymous Symbol]                       0x08001a54   Section        0  cmd.o(.text.object_split)
    plug_holes                               0x08001a6d   Thumb Code   124  mem.o(.text.plug_holes)
    [Anonymous Symbol]                       0x08001a6c   Section        0  mem.o(.text.plug_holes)
    print_number                             0x08001ae9   Thumb Code   428  kservice.o(.text.print_number)
    [Anonymous Symbol]                       0x08001ae8   Section        0  kservice.o(.text.print_number)
    [Anonymous Symbol]                       0x08001c94   Section        0  components.o(.text.rt_application_init)
    [Anonymous Symbol]                       0x08001cc8   Section        0  mem.o(.text.rt_calloc)
    [Anonymous Symbol]                       0x08001ce8   Section        0  components.o(.text.rt_components_board_init)
    [Anonymous Symbol]                       0x08001d14   Section        0  components.o(.text.rt_components_init)
    [Anonymous Symbol]                       0x08001d40   Section        0  kservice.o(.text.rt_console_get_device)
    [Anonymous Symbol]                       0x08001d4c   Section        0  device.o(.text.rt_device_close)
    [Anonymous Symbol]                       0x08001d84   Section        0  device.o(.text.rt_device_find)
    [Anonymous Symbol]                       0x08001d90   Section        0  device.o(.text.rt_device_open)
    [Anonymous Symbol]                       0x08001e10   Section        0  device.o(.text.rt_device_read)
    [Anonymous Symbol]                       0x08001e3c   Section        0  device.o(.text.rt_device_set_rx_indicate)
    [Anonymous Symbol]                       0x08001e44   Section        0  device.o(.text.rt_device_write)
    [Anonymous Symbol]                       0x08001e70   Section        0  scheduler.o(.text.rt_enter_critical)
    [Anonymous Symbol]                       0x08001e8c   Section        0  scheduler.o(.text.rt_exit_critical)
    [Anonymous Symbol]                       0x08001ecc   Section        0  mem.o(.text.rt_free)
    [Anonymous Symbol]                       0x08001fbc   Section        0  board.o(.text.rt_heap_begin_get)
    [Anonymous Symbol]                       0x08001fc8   Section        0  board.o(.text.rt_heap_end_get)
    [Anonymous Symbol]                       0x08001fd8   Section        0  board.o(.text.rt_hw_board_init)
    [Anonymous Symbol]                       0x08001ff4   Section        0  finsh_port.o(.text.rt_hw_console_getchar)
    [Anonymous Symbol]                       0x08001ff8   Section        0  kservice.o(.text.rt_hw_console_output)
    [Anonymous Symbol]                       0x08001ffc   Section        0  cpuport.o(.text.rt_hw_hard_fault_exception)
    [Anonymous Symbol]                       0x0800218c   Section        0  cpuport.o(.text.rt_hw_stack_init)
    [Anonymous Symbol]                       0x080021d0   Section        0  irq.o(.text.rt_interrupt_get_nest)
    rt_ipc_list_resume                       0x080021e9   Thumb Code    12  ipc.o(.text.rt_ipc_list_resume)
    [Anonymous Symbol]                       0x080021e8   Section        0  ipc.o(.text.rt_ipc_list_resume)
    rt_ipc_list_suspend                      0x080021f5   Thumb Code    86  ipc.o(.text.rt_ipc_list_suspend)
    [Anonymous Symbol]                       0x080021f4   Section        0  ipc.o(.text.rt_ipc_list_suspend)
    rt_ipc_object_init                       0x0800224d   Thumb Code    10  ipc.o(.text.rt_ipc_object_init)
    [Anonymous Symbol]                       0x0800224c   Section        0  ipc.o(.text.rt_ipc_object_init)
    [Anonymous Symbol]                       0x08002258   Section        0  kservice.o(.text.rt_kprintf)
    rt_list_init                             0x080022c5   Thumb Code     6  ipc.o(.text.rt_list_init)
    [Anonymous Symbol]                       0x080022c4   Section        0  ipc.o(.text.rt_list_init)
    rt_list_init                             0x080022cd   Thumb Code     6  scheduler.o(.text.rt_list_init)
    [Anonymous Symbol]                       0x080022cc   Section        0  scheduler.o(.text.rt_list_init)
    rt_list_init                             0x080022d5   Thumb Code     6  thread.o(.text.rt_list_init)
    [Anonymous Symbol]                       0x080022d4   Section        0  thread.o(.text.rt_list_init)
    rt_list_init                             0x080022dd   Thumb Code     6  timer.o(.text.rt_list_init)
    [Anonymous Symbol]                       0x080022dc   Section        0  timer.o(.text.rt_list_init)
    rt_list_insert_after                     0x080022e5   Thumb Code    12  object.o(.text.rt_list_insert_after)
    [Anonymous Symbol]                       0x080022e4   Section        0  object.o(.text.rt_list_insert_after)
    rt_list_insert_after                     0x080022f1   Thumb Code    20  thread.o(.text.rt_list_insert_after)
    [Anonymous Symbol]                       0x080022f0   Section        0  thread.o(.text.rt_list_insert_after)
    rt_list_insert_after                     0x08002305   Thumb Code    12  timer.o(.text.rt_list_insert_after)
    [Anonymous Symbol]                       0x08002304   Section        0  timer.o(.text.rt_list_insert_after)
    rt_list_insert_before                    0x08002311   Thumb Code    12  ipc.o(.text.rt_list_insert_before)
    [Anonymous Symbol]                       0x08002310   Section        0  ipc.o(.text.rt_list_insert_before)
    rt_list_insert_before                    0x0800231d   Thumb Code    12  scheduler.o(.text.rt_list_insert_before)
    [Anonymous Symbol]                       0x0800231c   Section        0  scheduler.o(.text.rt_list_insert_before)
    rt_list_isempty                          0x08002329   Thumb Code    12  ipc.o(.text.rt_list_isempty)
    [Anonymous Symbol]                       0x08002328   Section        0  ipc.o(.text.rt_list_isempty)
    rt_list_isempty                          0x08002335   Thumb Code    12  scheduler.o(.text.rt_list_isempty)
    [Anonymous Symbol]                       0x08002334   Section        0  scheduler.o(.text.rt_list_isempty)
    rt_list_isempty                          0x08002341   Thumb Code    12  cmd.o(.text.rt_list_isempty)
    [Anonymous Symbol]                       0x08002340   Section        0  cmd.o(.text.rt_list_isempty)
    rt_list_len                              0x0800234d   Thumb Code    18  cmd.o(.text.rt_list_len)
    [Anonymous Symbol]                       0x0800234c   Section        0  cmd.o(.text.rt_list_len)
    rt_list_remove                           0x08002361   Thumb Code    16  idle.o(.text.rt_list_remove)
    [Anonymous Symbol]                       0x08002360   Section        0  idle.o(.text.rt_list_remove)
    rt_list_remove                           0x08002371   Thumb Code    16  object.o(.text.rt_list_remove)
    [Anonymous Symbol]                       0x08002370   Section        0  object.o(.text.rt_list_remove)
    rt_list_remove                           0x08002381   Thumb Code    16  scheduler.o(.text.rt_list_remove)
    [Anonymous Symbol]                       0x08002380   Section        0  scheduler.o(.text.rt_list_remove)
    rt_list_remove                           0x08002391   Thumb Code    16  thread.o(.text.rt_list_remove)
    [Anonymous Symbol]                       0x08002390   Section        0  thread.o(.text.rt_list_remove)
    rt_list_remove                           0x080023a1   Thumb Code    16  timer.o(.text.rt_list_remove)
    [Anonymous Symbol]                       0x080023a0   Section        0  timer.o(.text.rt_list_remove)
    [Anonymous Symbol]                       0x080023b0   Section        0  mem.o(.text.rt_malloc)
    [Anonymous Symbol]                       0x08002524   Section        0  kservice.o(.text.rt_memmove)
    [Anonymous Symbol]                       0x08002560   Section        0  kservice.o(.text.rt_memset)
    [Anonymous Symbol]                       0x080025bc   Section        0  object.o(.text.rt_object_allocate)
    [Anonymous Symbol]                       0x0800260c   Section        0  object.o(.text.rt_object_delete)
    [Anonymous Symbol]                       0x08002630   Section        0  object.o(.text.rt_object_detach)
    [Anonymous Symbol]                       0x08002650   Section        0  object.o(.text.rt_object_find)
    [Anonymous Symbol]                       0x08002698   Section        0  object.o(.text.rt_object_get_information)
    [Anonymous Symbol]                       0x080026bc   Section        0  object.o(.text.rt_object_init)
    [Anonymous Symbol]                       0x0800270c   Section        0  object.o(.text.rt_object_is_systemobject)
    [Anonymous Symbol]                       0x08002714   Section        0  scheduler.o(.text.rt_schedule)
    [Anonymous Symbol]                       0x08002790   Section        0  scheduler.o(.text.rt_schedule_insert_thread)
    [Anonymous Symbol]                       0x080027d8   Section        0  scheduler.o(.text.rt_schedule_remove_thread)
    [Anonymous Symbol]                       0x0800281c   Section        0  ipc.o(.text.rt_sem_init)
    [Anonymous Symbol]                       0x0800283c   Section        0  ipc.o(.text.rt_sem_release)
    [Anonymous Symbol]                       0x08002890   Section        0  ipc.o(.text.rt_sem_take)
    [Anonymous Symbol]                       0x0800290c   Section        0  kservice.o(.text.rt_set_errno)
    [Anonymous Symbol]                       0x08002930   Section        0  kservice.o(.text.rt_show_version)
    [Anonymous Symbol]                       0x080029e8   Section        0  kservice.o(.text.rt_strncmp)
    [Anonymous Symbol]                       0x08002a14   Section        0  kservice.o(.text.rt_strncpy)
    [Anonymous Symbol]                       0x08002a48   Section        0  mem.o(.text.rt_system_heap_init)
    [Anonymous Symbol]                       0x08002b18   Section        0  scheduler.o(.text.rt_system_scheduler_init)
    [Anonymous Symbol]                       0x08002b70   Section        0  scheduler.o(.text.rt_system_scheduler_start)
    [Anonymous Symbol]                       0x08002ba8   Section        0  timer.o(.text.rt_system_timer_init)
    [Anonymous Symbol]                       0x08002bb8   Section        0  timer.o(.text.rt_system_timer_thread_init)
    [Anonymous Symbol]                       0x08002bbc   Section        0  thread.o(.text.rt_thread_create)
    [Anonymous Symbol]                       0x08002c08   Section        0  thread.o(.text.rt_thread_delay)
    [Anonymous Symbol]                       0x08002c14   Section        0  thread.o(.text.rt_thread_exit)
    rt_thread_idle_entry                     0x08002c69   Thumb Code     6  idle.o(.text.rt_thread_idle_entry)
    [Anonymous Symbol]                       0x08002c68   Section        0  idle.o(.text.rt_thread_idle_entry)
    [Anonymous Symbol]                       0x08002c70   Section        0  idle.o(.text.rt_thread_idle_excute)
    [Anonymous Symbol]                       0x08002cb4   Section        0  idle.o(.text.rt_thread_idle_init)
    [Anonymous Symbol]                       0x08002d00   Section        0  thread.o(.text.rt_thread_init)
    [Anonymous Symbol]                       0x08002d38   Section        0  thread.o(.text.rt_thread_resume)
    [Anonymous Symbol]                       0x08002d74   Section        0  thread.o(.text.rt_thread_self)
    [Anonymous Symbol]                       0x08002d80   Section        0  thread.o(.text.rt_thread_sleep)
    [Anonymous Symbol]                       0x08002dcc   Section        0  thread.o(.text.rt_thread_startup)
    [Anonymous Symbol]                       0x08002df8   Section        0  thread.o(.text.rt_thread_suspend)
    [Anonymous Symbol]                       0x08002e3c   Section        0  thread.o(.text.rt_thread_timeout)
    [Anonymous Symbol]                       0x08002e5c   Section        0  clock.o(.text.rt_tick_get)
    [Anonymous Symbol]                       0x08002e68   Section        0  timer.o(.text.rt_timer_control)
    [Anonymous Symbol]                       0x08002eb8   Section        0  timer.o(.text.rt_timer_detach)
    [Anonymous Symbol]                       0x08002ee0   Section        0  timer.o(.text.rt_timer_init)
    [Anonymous Symbol]                       0x08002f0c   Section        0  timer.o(.text.rt_timer_start)
    [Anonymous Symbol]                       0x08002f88   Section        0  timer.o(.text.rt_timer_stop)
    [Anonymous Symbol]                       0x08002fb8   Section        0  kservice.o(.text.rt_vsnprintf)
    rti_board_end                            0x080032c9   Thumb Code     4  components.o(.text.rti_board_end)
    [Anonymous Symbol]                       0x080032c8   Section        0  components.o(.text.rti_board_end)
    rti_board_start                          0x080032cd   Thumb Code     4  components.o(.text.rti_board_start)
    [Anonymous Symbol]                       0x080032cc   Section        0  components.o(.text.rti_board_start)
    rti_end                                  0x080032d1   Thumb Code     4  components.o(.text.rti_end)
    [Anonymous Symbol]                       0x080032d0   Section        0  components.o(.text.rti_end)
    rti_start                                0x080032d5   Thumb Code     4  components.o(.text.rti_start)
    [Anonymous Symbol]                       0x080032d4   Section        0  components.o(.text.rti_start)
    [Anonymous Symbol]                       0x080032d8   Section        0  components.o(.text.rtthread_startup)
    shell_auto_complete                      0x08003305   Thumb Code    52  shell.o(.text.shell_auto_complete)
    [Anonymous Symbol]                       0x08003304   Section        0  shell.o(.text.shell_auto_complete)
    show_wait_queue                          0x08003341   Thumb Code    56  cmd.o(.text.show_wait_queue)
    [Anonymous Symbol]                       0x08003340   Section        0  cmd.o(.text.show_wait_queue)
    skip_atoi                                0x08003381   Thumb Code    60  kservice.o(.text.skip_atoi)
    [Anonymous Symbol]                       0x08003380   Section        0  kservice.o(.text.skip_atoi)
    str_common                               0x080033bd   Thumb Code    40  msh.o(.text.str_common)
    [Anonymous Symbol]                       0x080033bc   Section        0  msh.o(.text.str_common)
    system_clock_120m_hxtal                  0x080033e5   Thumb Code   212  system_gd32f30x.o(.text.system_clock_120m_hxtal)
    [Anonymous Symbol]                       0x080033e4   Section        0  system_gd32f30x.o(.text.system_clock_120m_hxtal)
    system_clock_config                      0x080034b9   Thumb Code     8  system_gd32f30x.o(.text.system_clock_config)
    [Anonymous Symbol]                       0x080034b8   Section        0  system_gd32f30x.o(.text.system_clock_config)
    usage_fault_track                        0x080034c1   Thumb Code   112  cpuport.o(.text.usage_fault_track)
    [Anonymous Symbol]                       0x080034c0   Section        0  cpuport.o(.text.usage_fault_track)
    [Anonymous Symbol]                       0x08003598   Section        0  cmd.o(.text.version)
    i.__scatterload_copy                     0x080035a2   Section       14  handlers.o(i.__scatterload_copy)
    i.__scatterload_null                     0x080035b0   Section        2  handlers.o(i.__scatterload_null)
    i.__scatterload_zeroinit                 0x080035b2   Section       14  handlers.o(i.__scatterload_zeroinit)
    device_type_str                          0x080036c0   Data          88  cmd.o(.rodata.device_type_str)
    [Anonymous Symbol]                       0x080036c0   Section        0  cmd.o(.rodata.device_type_str)
    .L.str.5                                 0x080039f2   Data           7  kservice.o(.rodata.str1.1)
    [Anonymous Symbol]                       0x080039f2   Section        0  kservice.o(.rodata.str1.1)
    print_number.large_digits                0x080039f9   Data          17  kservice.o(.rodata.str1.1)
    print_number.small_digits                0x08003a0a   Data          17  kservice.o(.rodata.str1.1)
    .L.str                                   0x08003a1b   Data          54  device.o(.rodata.str1.1)
    [Anonymous Symbol]                       0x08003a1b   Section        0  device.o(.rodata.str1.1)
    .L.str.2                                 0x08003a51   Data          68  cmd.o(.rodata.str1.1)
    [Anonymous Symbol]                       0x08003a51   Section        0  cmd.o(.rodata.str1.1)
    .L.str.32                                0x08003a95   Data          21  cmd.o(.rodata.str1.1)
    .L.str.15                                0x08003aa8   Data           2  cmd.o(.rodata.str1.1)
    .L.str.29                                0x08003aa8   Data           2  cmd.o(.rodata.str1.1)
    .L.str.3                                 0x08003aa8   Data           2  cmd.o(.rodata.str1.1)
    .L.str.8                                 0x08003aa8   Data           2  cmd.o(.rodata.str1.1)
    .L.str.64                                0x08003bba   Data           8  cmd.o(.rodata.str1.1)
    .L.str.1                                 0x08003be8   Data           7  msh.o(.rodata.str1.1)
    [Anonymous Symbol]                       0x08003be8   Section        0  msh.o(.rodata.str1.1)
    .L.str.4                                 0x08003bef   Data           2  shell.o(.rodata.str1.1)
    [Anonymous Symbol]                       0x08003bef   Section        0  shell.o(.rodata.str1.1)
    .L.str.5                                 0x08003bf1   Data           3  shell.o(.rodata.str1.1)
    .L.str.17                                0x08003bf4   Data          26  cpuport.o(.rodata.str1.1)
    [Anonymous Symbol]                       0x08003bf4   Section        0  cpuport.o(.rodata.str1.1)
    .L.str.16                                0x08003c0e   Data          29  cpuport.o(.rodata.str1.1)
    .L.str.1                                 0x08003c2b   Data          13  cpuport.o(.rodata.str1.1)
    .L.str.2                                 0x08003c38   Data          13  cpuport.o(.rodata.str1.1)
    .L.str.3                                 0x08003c45   Data          13  cpuport.o(.rodata.str1.1)
    .L.str.4                                 0x08003c52   Data          13  cpuport.o(.rodata.str1.1)
    .L.str.5                                 0x08003c5f   Data          13  cpuport.o(.rodata.str1.1)
    .L.str                                   0x08003c6c   Data          13  cpuport.o(.rodata.str1.1)
    __tagsym$$used.0                         0x08003c7c   Number         0  components.o(.rti_fn.0)
    __tagsym$$used.1                         0x08003c80   Number         0  components.o(.rti_fn.0.end)
    __tagsym$$used.2                         0x08003c84   Number         0  components.o(.rti_fn.1.end)
    __tagsym$$used.0                         0x08003c88   Number         0  shell.o(.rti_fn.6)
    __tagsym$$used.3                         0x08003c8c   Number         0  components.o(.rti_fn.6.end)
    __tagsym$$used.0                         0x08003c90   Number         0  mem.o(FSymTab)
    __tagsym$$used.0                         0x08003c9c   Number         0  cmd.o(FSymTab)
    __tagsym$$used.1                         0x08003ca8   Number         0  cmd.o(FSymTab)
    __tagsym$$used.2                         0x08003cb4   Number         0  cmd.o(FSymTab)
    __tagsym$$used.3                         0x08003cc0   Number         0  cmd.o(FSymTab)
    __tagsym$$used.4                         0x08003ccc   Number         0  cmd.o(FSymTab)
    __tagsym$$used.5                         0x08003cd8   Number         0  cmd.o(FSymTab)
    __tagsym$$used.6                         0x08003ce4   Number         0  cmd.o(FSymTab)
    __tagsym$$used.7                         0x08003cf0   Number         0  cmd.o(FSymTab)
    __tagsym$$used.8                         0x08003cfc   Number         0  cmd.o(FSymTab)
    __tagsym$$used.9                         0x08003d08   Number         0  cmd.o(FSymTab)
    __tagsym$$used.10                        0x08003d14   Number         0  cmd.o(FSymTab)
    __tagsym$$used.11                        0x08003d20   Number         0  cmd.o(FSymTab)
    __tagsym$$used.12                        0x08003d2c   Number         0  cmd.o(FSymTab)
    __tagsym$$used.13                        0x08003d38   Number         0  cmd.o(FSymTab)
    __tagsym$$used.14                        0x08003d44   Number         0  cmd.o(FSymTab)
    __tagsym$$used.15                        0x08003d50   Number         0  cmd.o(FSymTab)
    __tagsym$$used.0                         0x08003d5c   Number         0  msh.o(FSymTab)
    __tagsym$$used.1                         0x08003d68   Number         0  msh.o(FSymTab)
    __tagsym$$used.2                         0x08003d74   Number         0  msh.o(FSymTab)
    rt_object_container                      0x20000000   Data          96  object.o(.data.rt_object_container)
    [Anonymous Symbol]                       0x20000000   Section        0  object.o(.data.rt_object_container)
    __rt_errno                               0x20000060   Data           4  kservice.o(.bss.__rt_errno)
    [Anonymous Symbol]                       0x20000060   Section        0  kservice.o(.bss.__rt_errno)
    _console_device                          0x20000064   Data           4  kservice.o(.bss._console_device)
    [Anonymous Symbol]                       0x20000064   Section        0  kservice.o(.bss._console_device)
    delay                                    0x20000070   Data           4  systick.o(.bss.delay)
    [Anonymous Symbol]                       0x20000070   Section        0  systick.o(.bss.delay)
    finsh_get_prompt.finsh_prompt            0x20000074   Data         257  shell.o(.bss.finsh_get_prompt.finsh_prompt)
    [Anonymous Symbol]                       0x20000074   Section        0  shell.o(.bss.finsh_get_prompt.finsh_prompt)
    finsh_prompt_custom                      0x20000178   Data           4  shell.o(.bss.finsh_prompt_custom)
    [Anonymous Symbol]                       0x20000178   Section        0  shell.o(.bss.finsh_prompt_custom)
    heap_end                                 0x2000017c   Data           4  mem.o(.bss.heap_end)
    [Anonymous Symbol]                       0x2000017c   Section        0  mem.o(.bss.heap_end)
    heap_ptr                                 0x20000180   Data           4  mem.o(.bss.heap_ptr)
    [Anonymous Symbol]                       0x20000180   Section        0  mem.o(.bss.heap_ptr)
    heap_sem                                 0x20000184   Data          40  mem.o(.bss.heap_sem)
    [Anonymous Symbol]                       0x20000184   Section        0  mem.o(.bss.heap_sem)
    idle                                     0x200001ac   Data         136  idle.o(.bss.idle)
    [Anonymous Symbol]                       0x200001ac   Section        0  idle.o(.bss.idle)
    lfree                                    0x20000234   Data           4  mem.o(.bss.lfree)
    [Anonymous Symbol]                       0x20000234   Section        0  mem.o(.bss.lfree)
    max_mem                                  0x20000238   Data           4  mem.o(.bss.max_mem)
    [Anonymous Symbol]                       0x20000238   Section        0  mem.o(.bss.max_mem)
    mem_size_aligned                         0x2000023c   Data           4  mem.o(.bss.mem_size_aligned)
    [Anonymous Symbol]                       0x2000023c   Section        0  mem.o(.bss.mem_size_aligned)
    rt_exception_hook                        0x20000248   Data           4  cpuport.o(.bss.rt_exception_hook)
    [Anonymous Symbol]                       0x20000248   Section        0  cpuport.o(.bss.rt_exception_hook)
    rt_heap                                  0x2000024c   Data       15360  board.o(.bss.rt_heap)
    [Anonymous Symbol]                       0x2000024c   Section        0  board.o(.bss.rt_heap)
    rt_kprintf.rt_log_buf                    0x20003e58   Data         256  kservice.o(.bss.rt_kprintf.rt_log_buf)
    [Anonymous Symbol]                       0x20003e58   Section        0  kservice.o(.bss.rt_kprintf.rt_log_buf)
    rt_scheduler_lock_nest                   0x20003f58   Data           2  scheduler.o(.bss.rt_scheduler_lock_nest)
    [Anonymous Symbol]                       0x20003f58   Section        0  scheduler.o(.bss.rt_scheduler_lock_nest)
    rt_thread_stack                          0x20004068   Data         256  idle.o(.bss.rt_thread_stack)
    [Anonymous Symbol]                       0x20004068   Section        0  idle.o(.bss.rt_thread_stack)
    rt_tick                                  0x2000416c   Data           4  clock.o(.bss.rt_tick)
    [Anonymous Symbol]                       0x2000416c   Section        0  clock.o(.bss.rt_tick)
    rt_timer_list                            0x20004170   Data           8  timer.o(.bss.rt_timer_list)
    [Anonymous Symbol]                       0x20004170   Section        0  timer.o(.bss.rt_timer_list)
    rt_timer_start.random_nr                 0x20004178   Data           4  timer.o(.bss.rt_timer_start.random_nr)
    [Anonymous Symbol]                       0x20004178   Section        0  timer.o(.bss.rt_timer_start.random_nr)
    used_mem                                 0x20004180   Data           4  mem.o(.bss.used_mem)
    [Anonymous Symbol]                       0x20004180   Section        0  mem.o(.bss.used_mem)
    STACK                                    0x20004188   Section     1024  startup_gd32f30x_hd.o(STACK)

    Global Symbols

    Symbol Name                              Value     Ov Type        Size  Object(Section)

    BuildAttributes$$THM_ISAv4$E$P$D$K$B$S$7EM$VFPi3$EXTD16$VFPS$VFMA$PE$A:L22UL41UL21$X:L11$S22US41US21$IEEE1$IW$~IW$USESV6$~STKCKD$USESV7$~SHL$OTIME$EBA8$MICROLIB$REQ8$PRES8$EABIv2 0x00000000   Number         0  anon$$obj.o ABSOLUTE
    __cpp_initialize__aeabi_                  - Undefined Weak Reference
    __cxa_finalize                            - Undefined Weak Reference
    __decompress                              - Undefined Weak Reference
    _clock_init                               - Undefined Weak Reference
    _microlib_exit                            - Undefined Weak Reference
    __Vectors_Size                           0x00000130   Number         0  startup_gd32f30x_hd.o ABSOLUTE
    __Vectors                                0x08000000   Data           4  startup_gd32f30x_hd.o(RESET)
    __Vectors_End                            0x08000130   Data           0  startup_gd32f30x_hd.o(RESET)
    __main                                   0x08000131   Thumb Code     0  entry.o(.ARM.Collect$$$$00000000)
    _main_stk                                0x08000131   Thumb Code     0  entry2.o(.ARM.Collect$$$$00000001)
    _main_scatterload                        0x08000135   Thumb Code     0  entry5.o(.ARM.Collect$$$$00000004)
    __main_after_scatterload                 0x08000139   Thumb Code     0  entry5.o(.ARM.Collect$$$$00000004)
    _main_clock                              0x08000139   Thumb Code     0  entry7b.o(.ARM.Collect$$$$00000008)
    _main_cpp_init                           0x08000139   Thumb Code     0  entry8b.o(.ARM.Collect$$$$0000000A)
    _main_init                               0x08000139   Thumb Code     0  entry9a.o(.ARM.Collect$$$$0000000B)
    __rt_final_cpp                           0x08000141   Thumb Code     0  entry10a.o(.ARM.Collect$$$$0000000D)
    __rt_final_exit                          0x08000141   Thumb Code     0  entry11a.o(.ARM.Collect$$$$0000000F)
    Reset_Handler                            0x08000145   Thumb Code     8  startup_gd32f30x_hd.o(.text)
    ADC0_1_IRQHandler                        0x0800015f   Thumb Code     0  startup_gd32f30x_hd.o(.text)
    ADC2_IRQHandler                          0x0800015f   Thumb Code     0  startup_gd32f30x_hd.o(.text)
    CAN0_EWMC_IRQHandler                     0x0800015f   Thumb Code     0  startup_gd32f30x_hd.o(.text)
    CAN0_RX1_IRQHandler                      0x0800015f   Thumb Code     0  startup_gd32f30x_hd.o(.text)
    DMA0_Channel0_IRQHandler                 0x0800015f   Thumb Code     0  startup_gd32f30x_hd.o(.text)
    DMA0_Channel1_IRQHandler                 0x0800015f   Thumb Code     0  startup_gd32f30x_hd.o(.text)
    DMA0_Channel2_IRQHandler                 0x0800015f   Thumb Code     0  startup_gd32f30x_hd.o(.text)
    DMA0_Channel3_IRQHandler                 0x0800015f   Thumb Code     0  startup_gd32f30x_hd.o(.text)
    DMA0_Channel4_IRQHandler                 0x0800015f   Thumb Code     0  startup_gd32f30x_hd.o(.text)
    DMA0_Channel5_IRQHandler                 0x0800015f   Thumb Code     0  startup_gd32f30x_hd.o(.text)
    DMA0_Channel6_IRQHandler                 0x0800015f   Thumb Code     0  startup_gd32f30x_hd.o(.text)
    DMA1_Channel0_IRQHandler                 0x0800015f   Thumb Code     0  startup_gd32f30x_hd.o(.text)
    DMA1_Channel1_IRQHandler                 0x0800015f   Thumb Code     0  startup_gd32f30x_hd.o(.text)
    DMA1_Channel2_IRQHandler                 0x0800015f   Thumb Code     0  startup_gd32f30x_hd.o(.text)
    DMA1_Channel3_4_IRQHandler               0x0800015f   Thumb Code     0  startup_gd32f30x_hd.o(.text)
    EXMC_IRQHandler                          0x0800015f   Thumb Code     0  startup_gd32f30x_hd.o(.text)
    EXTI0_IRQHandler                         0x0800015f   Thumb Code     0  startup_gd32f30x_hd.o(.text)
    EXTI10_15_IRQHandler                     0x0800015f   Thumb Code     0  startup_gd32f30x_hd.o(.text)
    EXTI1_IRQHandler                         0x0800015f   Thumb Code     0  startup_gd32f30x_hd.o(.text)
    EXTI2_IRQHandler                         0x0800015f   Thumb Code     0  startup_gd32f30x_hd.o(.text)
    EXTI3_IRQHandler                         0x0800015f   Thumb Code     0  startup_gd32f30x_hd.o(.text)
    EXTI4_IRQHandler                         0x0800015f   Thumb Code     0  startup_gd32f30x_hd.o(.text)
    EXTI5_9_IRQHandler                       0x0800015f   Thumb Code     0  startup_gd32f30x_hd.o(.text)
    FMC_IRQHandler                           0x0800015f   Thumb Code     0  startup_gd32f30x_hd.o(.text)
    I2C0_ER_IRQHandler                       0x0800015f   Thumb Code     0  startup_gd32f30x_hd.o(.text)
    I2C0_EV_IRQHandler                       0x0800015f   Thumb Code     0  startup_gd32f30x_hd.o(.text)
    I2C1_ER_IRQHandler                       0x0800015f   Thumb Code     0  startup_gd32f30x_hd.o(.text)
    I2C1_EV_IRQHandler                       0x0800015f   Thumb Code     0  startup_gd32f30x_hd.o(.text)
    LVD_IRQHandler                           0x0800015f   Thumb Code     0  startup_gd32f30x_hd.o(.text)
    RCU_CTC_IRQHandler                       0x0800015f   Thumb Code     0  startup_gd32f30x_hd.o(.text)
    RTC_Alarm_IRQHandler                     0x0800015f   Thumb Code     0  startup_gd32f30x_hd.o(.text)
    RTC_IRQHandler                           0x0800015f   Thumb Code     0  startup_gd32f30x_hd.o(.text)
    SDIO_IRQHandler                          0x0800015f   Thumb Code     0  startup_gd32f30x_hd.o(.text)
    SPI0_IRQHandler                          0x0800015f   Thumb Code     0  startup_gd32f30x_hd.o(.text)
    SPI1_IRQHandler                          0x0800015f   Thumb Code     0  startup_gd32f30x_hd.o(.text)
    SPI2_IRQHandler                          0x0800015f   Thumb Code     0  startup_gd32f30x_hd.o(.text)
    TAMPER_IRQHandler                        0x0800015f   Thumb Code     0  startup_gd32f30x_hd.o(.text)
    TIMER0_BRK_IRQHandler                    0x0800015f   Thumb Code     0  startup_gd32f30x_hd.o(.text)
    TIMER0_Channel_IRQHandler                0x0800015f   Thumb Code     0  startup_gd32f30x_hd.o(.text)
    TIMER0_TRG_CMT_IRQHandler                0x0800015f   Thumb Code     0  startup_gd32f30x_hd.o(.text)
    TIMER0_UP_IRQHandler                     0x0800015f   Thumb Code     0  startup_gd32f30x_hd.o(.text)
    TIMER1_IRQHandler                        0x0800015f   Thumb Code     0  startup_gd32f30x_hd.o(.text)
    TIMER2_IRQHandler                        0x0800015f   Thumb Code     0  startup_gd32f30x_hd.o(.text)
    TIMER3_IRQHandler                        0x0800015f   Thumb Code     0  startup_gd32f30x_hd.o(.text)
    TIMER4_IRQHandler                        0x0800015f   Thumb Code     0  startup_gd32f30x_hd.o(.text)
    TIMER5_IRQHandler                        0x0800015f   Thumb Code     0  startup_gd32f30x_hd.o(.text)
    TIMER6_IRQHandler                        0x0800015f   Thumb Code     0  startup_gd32f30x_hd.o(.text)
    TIMER7_BRK_IRQHandler                    0x0800015f   Thumb Code     0  startup_gd32f30x_hd.o(.text)
    TIMER7_Channel_IRQHandler                0x0800015f   Thumb Code     0  startup_gd32f30x_hd.o(.text)
    TIMER7_TRG_CMT_IRQHandler                0x0800015f   Thumb Code     0  startup_gd32f30x_hd.o(.text)
    TIMER7_UP_IRQHandler                     0x0800015f   Thumb Code     0  startup_gd32f30x_hd.o(.text)
    UART3_IRQHandler                         0x0800015f   Thumb Code     0  startup_gd32f30x_hd.o(.text)
    UART4_IRQHandler                         0x0800015f   Thumb Code     0  startup_gd32f30x_hd.o(.text)
    USART0_IRQHandler                        0x0800015f   Thumb Code     0  startup_gd32f30x_hd.o(.text)
    USART1_IRQHandler                        0x0800015f   Thumb Code     0  startup_gd32f30x_hd.o(.text)
    USART2_IRQHandler                        0x0800015f   Thumb Code     0  startup_gd32f30x_hd.o(.text)
    USBD_HP_CAN0_TX_IRQHandler               0x0800015f   Thumb Code     0  startup_gd32f30x_hd.o(.text)
    USBD_LP_CAN0_RX0_IRQHandler              0x0800015f   Thumb Code     0  startup_gd32f30x_hd.o(.text)
    USBD_WKUP_IRQHandler                     0x0800015f   Thumb Code     0  startup_gd32f30x_hd.o(.text)
    WWDGT_IRQHandler                         0x0800015f   Thumb Code     0  startup_gd32f30x_hd.o(.text)
    rt_hw_interrupt_disable                  0x08000169   Thumb Code     8  context_rvds.o(.text)
    rt_hw_interrupt_enable                   0x08000171   Thumb Code     6  context_rvds.o(.text)
    rt_hw_context_switch                     0x08000177   Thumb Code    32  context_rvds.o(.text)
    rt_hw_context_switch_interrupt           0x08000177   Thumb Code     0  context_rvds.o(.text)
    PendSV_Handler                           0x08000197   Thumb Code    60  context_rvds.o(.text)
    rt_hw_context_switch_to                  0x080001d3   Thumb Code    56  context_rvds.o(.text)
    rt_hw_interrupt_thread_switch            0x0800020b   Thumb Code     2  context_rvds.o(.text)
    HardFault_Handler                        0x0800020d   Thumb Code    52  context_rvds.o(.text)
    __aeabi_memset                           0x0800025d   Thumb Code    14  memseta.o(.text)
    __aeabi_memset4                          0x0800025d   Thumb Code     0  memseta.o(.text)
    __aeabi_memset8                          0x0800025d   Thumb Code     0  memseta.o(.text)
    __aeabi_memclr                           0x0800026b   Thumb Code     4  memseta.o(.text)
    __aeabi_memclr4                          0x0800026b   Thumb Code     0  memseta.o(.text)
    __aeabi_memclr8                          0x0800026b   Thumb Code     0  memseta.o(.text)
    _memset$wrapper                          0x0800026f   Thumb Code    18  memseta.o(.text)
    strncpy                                  0x08000281   Thumb Code    24  strncpy.o(.text)
    strlen                                   0x08000299   Thumb Code    14  strlen.o(.text)
    strncmp                                  0x080002a7   Thumb Code    30  strncmp.o(.text)
    __scatterload                            0x080002c5   Thumb Code    28  init.o(.text)
    __scatterload_rt2                        0x080002c5   Thumb Code     0  init.o(.text)
    main                                     0x080002e9   Thumb Code    10  components.o(.text.$Sub$$main)
    BusFault_Handler                         0x080002f5   Thumb Code     2  gd32f30x_it.o(.text.BusFault_Handler)
    DebugMon_Handler                         0x080002f9   Thumb Code     2  gd32f30x_it.o(.text.DebugMon_Handler)
    MemManage_Handler                        0x080002fd   Thumb Code     2  gd32f30x_it.o(.text.MemManage_Handler)
    NMI_Handler                              0x08000301   Thumb Code     2  gd32f30x_it.o(.text.NMI_Handler)
    SVC_Handler                              0x08000305   Thumb Code     2  gd32f30x_it.o(.text.SVC_Handler)
    SysTick_Handler                          0x08000309   Thumb Code     8  gd32f30x_it.o(.text.SysTick_Handler)
    SystemInit                               0x08000311   Thumb Code   150  system_gd32f30x.o(.text.SystemInit)
    UsageFault_Handler                       0x080003a9   Thumb Code     2  gd32f30x_it.o(.text.UsageFault_Handler)
    __rt_ffs                                 0x080003ad   Thumb Code    56  kservice.o(.text.__rt_ffs)
    cmd_free                                 0x0800060d   Thumb Code    10  msh.o(.text.cmd_free)
    cmd_ps                                   0x08000619   Thumb Code    10  msh.o(.text.cmd_ps)
    delay_decrement                          0x08000625   Thumb Code    24  systick.o(.text.delay_decrement)
    finsh_get_prompt                         0x08000671   Thumb Code   150  shell.o(.text.finsh_get_prompt)
    finsh_set_device                         0x08000785   Thumb Code   112  shell.o(.text.finsh_set_device)
    finsh_set_prompt_mode                    0x08000815   Thumb Code    32  shell.o(.text.finsh_set_prompt_mode)
    finsh_system_function_init               0x08000835   Thumb Code    22  shell.o(.text.finsh_system_function_init)
    finsh_system_init                        0x0800084d   Thumb Code   124  shell.o(.text.finsh_system_init)
    finsh_thread_entry                       0x080008f1   Thumb Code   896  shell.o(.text.finsh_thread_entry)
    hello                                    0x08000cfd   Thumb Code    12  cmd.o(.text.hello)
    list                                     0x08000d1d   Thumb Code    88  cmd.o(.text.list)
    list_device                              0x08000d9d   Thumb Code   184  cmd.o(.text.list_device)
    list_mem                                 0x08000f49   Thumb Code    52  mem.o(.text.list_mem)
    list_mempool                             0x08000fc5   Thumb Code   220  cmd.o(.text.list_mempool)
    list_mutex                               0x0800112d   Thumb Code   164  cmd.o(.text.list_mutex)
    list_sem                                 0x08001235   Thumb Code   216  cmd.o(.text.list_sem)
    list_thread                              0x0800136d   Thumb Code   232  cmd.o(.text.list_thread)
    list_timer                               0x080014e5   Thumb Code   184  cmd.o(.text.list_timer)
    $Super$$main                             0x08001625   Thumb Code     2  main.o(.text.main)
    main_thread_entry                        0x08001629   Thumb Code    12  components.o(.text.main_thread_entry)
    msh_auto_complete                        0x0800170d   Thumb Code   188  msh.o(.text.msh_auto_complete)
    msh_exec                                 0x080017cd   Thumb Code    92  msh.o(.text.msh_exec)
    msh_help                                 0x080018a9   Thumb Code   104  msh.o(.text.msh_help)
    msh_is_used                              0x08001939   Thumb Code     4  msh.o(.text.msh_is_used)
    rt_application_init                      0x08001c95   Thumb Code    44  components.o(.text.rt_application_init)
    rt_calloc                                0x08001cc9   Thumb Code    30  mem.o(.text.rt_calloc)
    rt_components_board_init                 0x08001ce9   Thumb Code    44  components.o(.text.rt_components_board_init)
    rt_components_init                       0x08001d15   Thumb Code    44  components.o(.text.rt_components_init)
    rt_console_get_device                    0x08001d41   Thumb Code    12  kservice.o(.text.rt_console_get_device)
    rt_device_close                          0x08001d4d   Thumb Code    56  device.o(.text.rt_device_close)
    rt_device_find                           0x08001d85   Thumb Code    10  device.o(.text.rt_device_find)
    rt_device_open                           0x08001d91   Thumb Code   128  device.o(.text.rt_device_open)
    rt_device_read                           0x08001e11   Thumb Code    44  device.o(.text.rt_device_read)
    rt_device_set_rx_indicate                0x08001e3d   Thumb Code     8  device.o(.text.rt_device_set_rx_indicate)
    rt_device_write                          0x08001e45   Thumb Code    44  device.o(.text.rt_device_write)
    rt_enter_critical                        0x08001e71   Thumb Code    26  scheduler.o(.text.rt_enter_critical)
    rt_exit_critical                         0x08001e8d   Thumb Code    62  scheduler.o(.text.rt_exit_critical)
    rt_free                                  0x08001ecd   Thumb Code   164  mem.o(.text.rt_free)
    rt_heap_begin_get                        0x08001fbd   Thumb Code    10  board.o(.text.rt_heap_begin_get)
    rt_heap_end_get                          0x08001fc9   Thumb Code    14  board.o(.text.rt_heap_end_get)
    rt_hw_board_init                         0x08001fd9   Thumb Code    26  board.o(.text.rt_hw_board_init)
    rt_hw_console_getchar                    0x08001ff5   Thumb Code     4  finsh_port.o(.text.rt_hw_console_getchar)
    rt_hw_console_output                     0x08001ff9   Thumb Code     2  kservice.o(.text.rt_hw_console_output)
    rt_hw_hard_fault_exception               0x08001ffd   Thumb Code   240  cpuport.o(.text.rt_hw_hard_fault_exception)
    rt_hw_stack_init                         0x0800218d   Thumb Code    66  cpuport.o(.text.rt_hw_stack_init)
    rt_interrupt_get_nest                    0x080021d1   Thumb Code    24  irq.o(.text.rt_interrupt_get_nest)
    rt_kprintf                               0x08002259   Thumb Code   106  kservice.o(.text.rt_kprintf)
    rt_malloc                                0x080023b1   Thumb Code   370  mem.o(.text.rt_malloc)
    rt_memmove                               0x08002525   Thumb Code    58  kservice.o(.text.rt_memmove)
    rt_memset                                0x08002561   Thumb Code    92  kservice.o(.text.rt_memset)
    rt_object_allocate                       0x080025bd   Thumb Code    80  object.o(.text.rt_object_allocate)
    rt_object_delete                         0x0800260d   Thumb Code    36  object.o(.text.rt_object_delete)
    rt_object_detach                         0x08002631   Thumb Code    30  object.o(.text.rt_object_detach)
    rt_object_find                           0x08002651   Thumb Code    70  object.o(.text.rt_object_find)
    rt_object_get_information                0x08002699   Thumb Code    34  object.o(.text.rt_object_get_information)
    rt_object_init                           0x080026bd   Thumb Code    80  object.o(.text.rt_object_init)
    rt_object_is_systemobject                0x0800270d   Thumb Code     6  object.o(.text.rt_object_is_systemobject)
    rt_schedule                              0x08002715   Thumb Code   124  scheduler.o(.text.rt_schedule)
    rt_schedule_insert_thread                0x08002791   Thumb Code    72  scheduler.o(.text.rt_schedule_insert_thread)
    rt_schedule_remove_thread                0x080027d9   Thumb Code    66  scheduler.o(.text.rt_schedule_remove_thread)
    rt_sem_init                              0x0800281d   Thumb Code    30  ipc.o(.text.rt_sem_init)
    rt_sem_release                           0x0800283d   Thumb Code    82  ipc.o(.text.rt_sem_release)
    rt_sem_take                              0x08002891   Thumb Code   122  ipc.o(.text.rt_sem_take)
    rt_set_errno                             0x0800290d   Thumb Code    34  kservice.o(.text.rt_set_errno)
    rt_show_version                          0x08002931   Thumb Code    48  kservice.o(.text.rt_show_version)
    rt_strncmp                               0x080029e9   Thumb Code    42  kservice.o(.text.rt_strncmp)
    rt_strncpy                               0x08002a15   Thumb Code    50  kservice.o(.text.rt_strncpy)
    rt_system_heap_init                      0x08002a49   Thumb Code   140  mem.o(.text.rt_system_heap_init)
    rt_system_scheduler_init                 0x08002b19   Thumb Code    86  scheduler.o(.text.rt_system_scheduler_init)
    rt_system_scheduler_start                0x08002b71   Thumb Code    54  scheduler.o(.text.rt_system_scheduler_start)
    rt_system_timer_init                     0x08002ba9   Thumb Code    16  timer.o(.text.rt_system_timer_init)
    rt_system_timer_thread_init              0x08002bb9   Thumb Code     2  timer.o(.text.rt_system_timer_thread_init)
    rt_thread_create                         0x08002bbd   Thumb Code    74  thread.o(.text.rt_thread_create)
    rt_thread_delay                          0x08002c09   Thumb Code    10  thread.o(.text.rt_thread_delay)
    rt_thread_exit                           0x08002c15   Thumb Code    82  thread.o(.text.rt_thread_exit)
    rt_thread_idle_excute                    0x08002c71   Thumb Code    66  idle.o(.text.rt_thread_idle_excute)
    rt_thread_idle_init                      0x08002cb5   Thumb Code    68  idle.o(.text.rt_thread_idle_init)
    rt_thread_init                           0x08002d01   Thumb Code    56  thread.o(.text.rt_thread_init)
    rt_thread_resume                         0x08002d39   Thumb Code    60  thread.o(.text.rt_thread_resume)
    rt_thread_self                           0x08002d75   Thumb Code    12  thread.o(.text.rt_thread_self)
    rt_thread_sleep                          0x08002d81   Thumb Code    74  thread.o(.text.rt_thread_sleep)
    rt_thread_startup                        0x08002dcd   Thumb Code    44  thread.o(.text.rt_thread_startup)
    rt_thread_suspend                        0x08002df9   Thumb Code    66  thread.o(.text.rt_thread_suspend)
    rt_thread_timeout                        0x08002e3d   Thumb Code    30  thread.o(.text.rt_thread_timeout)
    rt_tick_get                              0x08002e5d   Thumb Code    12  clock.o(.text.rt_tick_get)
    rt_timer_control                         0x08002e69   Thumb Code    78  timer.o(.text.rt_timer_control)
    rt_timer_detach                          0x08002eb9   Thumb Code    40  timer.o(.text.rt_timer_detach)
    rt_timer_init                            0x08002ee1   Thumb Code    44  timer.o(.text.rt_timer_init)
    rt_timer_start                           0x08002f0d   Thumb Code   122  timer.o(.text.rt_timer_start)
    rt_timer_stop                            0x08002f89   Thumb Code    46  timer.o(.text.rt_timer_stop)
    rt_vsnprintf                             0x08002fb9   Thumb Code   782  kservice.o(.text.rt_vsnprintf)
    rtthread_startup                         0x080032d9   Thumb Code    42  components.o(.text.rtthread_startup)
    version                                  0x08003599   Thumb Code    10  cmd.o(.text.version)
    __scatterload_copy                       0x080035a3   Thumb Code    14  handlers.o(i.__scatterload_copy)
    __scatterload_null                       0x080035b1   Thumb Code     2  handlers.o(i.__scatterload_null)
    __scatterload_zeroinit                   0x080035b3   Thumb Code    14  handlers.o(i.__scatterload_zeroinit)
    __lowest_bit_bitmap                      0x080035c0   Data         256  kservice.o(.rodata.__lowest_bit_bitmap)
    __fsym_list_mem_name                     0x08003718   Data           9  mem.o(.rodata.name)
    __fsym_list_mem_desc                     0x08003721   Data          30  mem.o(.rodata.name)
    __fsym_hello_name                        0x0800373f   Data           6  cmd.o(.rodata.name)
    __fsym_hello_desc                        0x08003745   Data          16  cmd.o(.rodata.name)
    __fsym_version_name                      0x08003755   Data           8  cmd.o(.rodata.name)
    __fsym_version_desc                      0x0800375d   Data          35  cmd.o(.rodata.name)
    __fsym___cmd_version_name                0x08003780   Data          14  cmd.o(.rodata.name)
    __fsym___cmd_version_desc                0x0800378e   Data          35  cmd.o(.rodata.name)
    __fsym_list_thread_name                  0x080037b1   Data          12  cmd.o(.rodata.name)
    __fsym_list_thread_desc                  0x080037bd   Data          12  cmd.o(.rodata.name)
    __fsym___cmd_list_thread_name            0x080037c9   Data          18  cmd.o(.rodata.name)
    __fsym___cmd_list_thread_desc            0x080037db   Data          12  cmd.o(.rodata.name)
    __fsym_list_sem_name                     0x080037e7   Data           9  cmd.o(.rodata.name)
    __fsym_list_sem_desc                     0x080037f0   Data          25  cmd.o(.rodata.name)
    __fsym___cmd_list_sem_name               0x08003809   Data          15  cmd.o(.rodata.name)
    __fsym___cmd_list_sem_desc               0x08003818   Data          25  cmd.o(.rodata.name)
    __fsym_list_mutex_name                   0x08003831   Data          11  cmd.o(.rodata.name)
    __fsym_list_mutex_desc                   0x0800383c   Data          21  cmd.o(.rodata.name)
    __fsym___cmd_list_mutex_name             0x08003851   Data          17  cmd.o(.rodata.name)
    __fsym___cmd_list_mutex_desc             0x08003862   Data          21  cmd.o(.rodata.name)
    __fsym_list_mempool_name                 0x08003877   Data          13  cmd.o(.rodata.name)
    __fsym_list_mempool_desc                 0x08003884   Data          27  cmd.o(.rodata.name)
    __fsym___cmd_list_mempool_name           0x0800389f   Data          19  cmd.o(.rodata.name)
    __fsym___cmd_list_mempool_desc           0x080038b2   Data          27  cmd.o(.rodata.name)
    __fsym_list_timer_name                   0x080038cd   Data          11  cmd.o(.rodata.name)
    __fsym_list_timer_desc                   0x080038d8   Data          21  cmd.o(.rodata.name)
    __fsym___cmd_list_timer_name             0x080038ed   Data          17  cmd.o(.rodata.name)
    __fsym___cmd_list_timer_desc             0x080038fe   Data          21  cmd.o(.rodata.name)
    __fsym_list_device_name                  0x08003913   Data          12  cmd.o(.rodata.name)
    __fsym_list_device_desc                  0x0800391f   Data          22  cmd.o(.rodata.name)
    __fsym___cmd_list_device_name            0x08003935   Data          18  cmd.o(.rodata.name)
    __fsym___cmd_list_device_desc            0x08003947   Data          22  cmd.o(.rodata.name)
    __fsym_list_name                         0x0800395d   Data           5  cmd.o(.rodata.name)
    __fsym_list_desc                         0x08003962   Data          26  cmd.o(.rodata.name)
    __fsym___cmd_help_name                   0x0800397c   Data          11  msh.o(.rodata.name)
    __fsym___cmd_help_desc                   0x08003987   Data          22  msh.o(.rodata.name)
    __fsym___cmd_ps_name                     0x0800399d   Data           9  msh.o(.rodata.name)
    __fsym___cmd_ps_desc                     0x080039a6   Data          28  msh.o(.rodata.name)
    __fsym___cmd_free_name                   0x080039c2   Data          11  msh.o(.rodata.name)
    __fsym___cmd_free_desc                   0x080039cd   Data          37  msh.o(.rodata.name)
    __rt_init_rti_start                      0x08003c7c   Data           4  components.o(.rti_fn.0)
    __rt_init_rti_board_start                0x08003c80   Data           4  components.o(.rti_fn.0.end)
    __rt_init_rti_board_end                  0x08003c84   Data           4  components.o(.rti_fn.1.end)
    __rt_init_finsh_system_init              0x08003c88   Data           4  shell.o(.rti_fn.6)
    __rt_init_rti_end                        0x08003c8c   Data           4  components.o(.rti_fn.6.end)
    FSymTab$$Base                            0x08003c90   Number         0  mem.o(FSymTab)
    __fsym_list_mem                          0x08003c90   Data          12  mem.o(FSymTab)
    __fsym_hello                             0x08003c9c   Data          12  cmd.o(FSymTab)
    __fsym_version                           0x08003ca8   Data          12  cmd.o(FSymTab)
    __fsym___cmd_version                     0x08003cb4   Data          12  cmd.o(FSymTab)
    __fsym_list_thread                       0x08003cc0   Data          12  cmd.o(FSymTab)
    __fsym___cmd_list_thread                 0x08003ccc   Data          12  cmd.o(FSymTab)
    __fsym_list_sem                          0x08003cd8   Data          12  cmd.o(FSymTab)
    __fsym___cmd_list_sem                    0x08003ce4   Data          12  cmd.o(FSymTab)
    __fsym_list_mutex                        0x08003cf0   Data          12  cmd.o(FSymTab)
    __fsym___cmd_list_mutex                  0x08003cfc   Data          12  cmd.o(FSymTab)
    __fsym_list_mempool                      0x08003d08   Data          12  cmd.o(FSymTab)
    __fsym___cmd_list_mempool                0x08003d14   Data          12  cmd.o(FSymTab)
    __fsym_list_timer                        0x08003d20   Data          12  cmd.o(FSymTab)
    __fsym___cmd_list_timer                  0x08003d2c   Data          12  cmd.o(FSymTab)
    __fsym_list_device                       0x08003d38   Data          12  cmd.o(FSymTab)
    __fsym___cmd_list_device                 0x08003d44   Data          12  cmd.o(FSymTab)
    __fsym_list                              0x08003d50   Data          12  cmd.o(FSymTab)
    __fsym___cmd_help                        0x08003d5c   Data          12  msh.o(FSymTab)
    __fsym___cmd_ps                          0x08003d68   Data          12  msh.o(FSymTab)
    __fsym___cmd_free                        0x08003d74   Data          12  msh.o(FSymTab)
    FSymTab$$Limit                           0x08003d80   Number         0  msh.o(FSymTab)
    Region$$Table$$Base                      0x08003d80   Number         0  anon$$obj.o(Region$$Table)
    Region$$Table$$Limit                     0x08003da0   Number         0  anon$$obj.o(Region$$Table)
    _syscall_table_begin                     0x20000068   Data           4  shell.o(.bss._syscall_table_begin)
    _syscall_table_end                       0x2000006c   Data           4  shell.o(.bss._syscall_table_end)
    rt_current_priority                      0x20000240   Data           1  scheduler.o(.bss.rt_current_priority)
    rt_current_thread                        0x20000244   Data           4  scheduler.o(.bss.rt_current_thread)
    rt_interrupt_from_thread                 0x20003e4c   Data           4  cpuport.o(.bss.rt_interrupt_from_thread)
    rt_interrupt_nest                        0x20003e50   Data           1  irq.o(.bss.rt_interrupt_nest)
    rt_interrupt_to_thread                   0x20003e54   Data           4  cpuport.o(.bss.rt_interrupt_to_thread)
    rt_thread_defunct                        0x20003f5c   Data           8  scheduler.o(.bss.rt_thread_defunct)
    rt_thread_priority_table                 0x20003f64   Data         256  scheduler.o(.bss.rt_thread_priority_table)
    rt_thread_ready_priority_group           0x20004064   Data           4  scheduler.o(.bss.rt_thread_ready_priority_group)
    rt_thread_switch_interrupt_flag          0x20004168   Data           4  cpuport.o(.bss.rt_thread_switch_interrupt_flag)
    shell                                    0x2000417c   Data           4  shell.o(.bss.shell)
    __initial_sp                             0x20004588   Data           0  startup_gd32f30x_hd.o(STACK)



==============================================================================

Memory Map of the image

  Image Entry point : 0x08000131

  Load Region LR_IROM1 (Base: 0x08000000, Size: 0x00003e00, Max: 0x00040000, ABSOLUTE)

    Execution Region ER_IROM1 (Exec base: 0x08000000, Load base: 0x08000000, Size: 0x00003da0, Max: 0x00040000, ABSOLUTE)

    Exec Addr    Load Addr    Size         Type   Attr      Idx    E Section Name        Object

    0x08000000   0x08000000   0x00000130   Data   RO         1446    RESET               startup_gd32f30x_hd.o
    0x08000130   0x08000130   0x00000000   Code   RO         2146  * .ARM.Collect$$$$00000000  mc_w.l(entry.o)
    0x08000130   0x08000130   0x00000004   Code   RO         2159    .ARM.Collect$$$$00000001  mc_w.l(entry2.o)
    0x08000134   0x08000134   0x00000004   Code   RO         2162    .ARM.Collect$$$$00000004  mc_w.l(entry5.o)
    0x08000138   0x08000138   0x00000000   Code   RO         2164    .ARM.Collect$$$$00000008  mc_w.l(entry7b.o)
    0x08000138   0x08000138   0x00000000   Code   RO         2166    .ARM.Collect$$$$0000000A  mc_w.l(entry8b.o)
    0x08000138   0x08000138   0x00000008   Code   RO         2167    .ARM.Collect$$$$0000000B  mc_w.l(entry9a.o)
    0x08000140   0x08000140   0x00000000   Code   RO         2169    .ARM.Collect$$$$0000000D  mc_w.l(entry10a.o)
    0x08000140   0x08000140   0x00000000   Code   RO         2171    .ARM.Collect$$$$0000000F  mc_w.l(entry11a.o)
    0x08000140   0x08000140   0x00000004   Code   RO         2160    .ARM.Collect$$$$00002712  mc_w.l(entry2.o)
    0x08000144   0x08000144   0x00000024   Code   RO         1447    .text               startup_gd32f30x_hd.o
    0x08000168   0x08000168   0x000000f4   Code   RO         2142    .text               context_rvds.o
    0x0800025c   0x0800025c   0x00000024   Code   RO         2149    .text               mc_w.l(memseta.o)
    0x08000280   0x08000280   0x00000018   Code   RO         2151    .text               mc_w.l(strncpy.o)
    0x08000298   0x08000298   0x0000000e   Code   RO         2153    .text               mc_w.l(strlen.o)
    0x080002a6   0x080002a6   0x0000001e   Code   RO         2157    .text               mc_w.l(strncmp.o)
    0x080002c4   0x080002c4   0x00000024   Code   RO         2173    .text               mc_w.l(init.o)
    0x080002e8   0x080002e8   0x0000000a   Code   RO         1501    .text.$Sub$$main    components.o
    0x080002f2   0x080002f2   0x00000002   PAD
    0x080002f4   0x080002f4   0x00000002   Code   RO           15    .text.BusFault_Handler  gd32f30x_it.o
    0x080002f6   0x080002f6   0x00000002   PAD
    0x080002f8   0x080002f8   0x00000002   Code   RO           21    .text.DebugMon_Handler  gd32f30x_it.o
    0x080002fa   0x080002fa   0x00000002   PAD
    0x080002fc   0x080002fc   0x00000002   Code   RO           13    .text.MemManage_Handler  gd32f30x_it.o
    0x080002fe   0x080002fe   0x00000002   PAD
    0x08000300   0x08000300   0x00000002   Code   RO           11    .text.NMI_Handler   gd32f30x_it.o
    0x08000302   0x08000302   0x00000002   PAD
    0x08000304   0x08000304   0x00000002   Code   RO           19    .text.SVC_Handler   gd32f30x_it.o
    0x08000306   0x08000306   0x00000002   PAD
    0x08000308   0x08000308   0x00000008   Code   RO           23    .text.SysTick_Handler  gd32f30x_it.o
    0x08000310   0x08000310   0x00000096   Code   RO           51    .text.SystemInit    system_gd32f30x.o
    0x080003a6   0x080003a6   0x00000002   PAD
    0x080003a8   0x080003a8   0x00000002   Code   RO           17    .text.UsageFault_Handler  gd32f30x_it.o
    0x080003aa   0x080003aa   0x00000002   PAD
    0x080003ac   0x080003ac   0x00000038   Code   RO         1669    .text.__rt_ffs      kservice.o
    0x080003e4   0x080003e4   0x00000012   Code   RO         1524    .text._has_defunct_thread  idle.o
    0x080003f6   0x080003f6   0x00000002   PAD
    0x080003f8   0x080003f8   0x0000005e   Code   RO         2017    .text._msh_exec_cmd  msh.o
    0x08000456   0x08000456   0x00000002   PAD
    0x08000458   0x08000458   0x00000080   Code   RO         1828    .text._rt_thread_init  thread.o
    0x080004d8   0x080004d8   0x00000022   Code   RO         1876    .text._rt_timer_init  timer.o
    0x080004fa   0x080004fa   0x00000002   PAD
    0x080004fc   0x080004fc   0x0000000a   Code   RO         1880    .text._rt_timer_remove  timer.o
    0x08000506   0x08000506   0x00000002   PAD
    0x08000508   0x08000508   0x0000001c   Code   RO         1822    .text._thread_cleanup_execute  thread.o
    0x08000524   0x08000524   0x000000e8   Code   RO         2124    .text.bus_fault_track  cpuport.o
    0x0800060c   0x0800060c   0x0000000a   Code   RO         2013    .text.cmd_free      msh.o
    0x08000616   0x08000616   0x00000002   PAD
    0x08000618   0x08000618   0x0000000a   Code   RO         2011    .text.cmd_ps        msh.o
    0x08000622   0x08000622   0x00000002   PAD
    0x08000624   0x08000624   0x00000018   Code   RO           40    .text.delay_decrement  systick.o
    0x0800063c   0x0800063c   0x00000032   Code   RO         1671    .text.divide        kservice.o
    0x0800066e   0x0800066e   0x00000002   PAD
    0x08000670   0x08000670   0x00000096   Code   RO         2040    .text.finsh_get_prompt  shell.o
    0x08000706   0x08000706   0x00000002   PAD
    0x08000708   0x08000708   0x00000068   Code   RO         2058    .text.finsh_getchar  shell.o
    0x08000770   0x08000770   0x00000014   Code   RO         2048    .text.finsh_rx_ind  shell.o
    0x08000784   0x08000784   0x00000090   Code   RO         2046    .text.finsh_set_device  shell.o
    0x08000814   0x08000814   0x00000020   Code   RO         2044    .text.finsh_set_prompt_mode  shell.o
    0x08000834   0x08000834   0x00000016   Code   RO         2062    .text.finsh_system_function_init  shell.o
    0x0800084a   0x0800084a   0x00000002   PAD
    0x0800084c   0x0800084c   0x000000a4   Code   RO         2066    .text.finsh_system_init  shell.o
    0x080008f0   0x080008f0   0x00000390   Code   RO         2056    .text.finsh_thread_entry  shell.o
    0x08000c80   0x08000c80   0x0000007c   Code   RO         2118    .text.hard_fault_track  cpuport.o
    0x08000cfc   0x08000cfc   0x00000020   Code   RO         1957    .text.hello         cmd.o
    0x08000d1c   0x08000d1c   0x00000080   Code   RO         1985    .text.list          cmd.o
    0x08000d9c   0x08000d9c   0x00000120   Code   RO         1983    .text.list_device   cmd.o
    0x08000ebc   0x08000ebc   0x00000020   Code   RO         1963    .text.list_find_init  cmd.o
    0x08000edc   0x08000edc   0x0000006a   Code   RO         1967    .text.list_get_next  cmd.o
    0x08000f46   0x08000f46   0x00000002   PAD
    0x08000f48   0x08000f48   0x0000007c   Code   RO         1700    .text.list_mem      mem.o
    0x08000fc4   0x08000fc4   0x00000168   Code   RO         1979    .text.list_mempool  cmd.o
    0x0800112c   0x0800112c   0x00000108   Code   RO         1977    .text.list_mutex    cmd.o
    0x08001234   0x08001234   0x00000138   Code   RO         1969    .text.list_sem      cmd.o
    0x0800136c   0x0800136c   0x00000178   Code   RO         1961    .text.list_thread   cmd.o
    0x080014e4   0x080014e4   0x00000140   Code   RO         1981    .text.list_timer    cmd.o
    0x08001624   0x08001624   0x00000002   Code   RO            2    .text.main          main.o
    0x08001626   0x08001626   0x00000002   PAD
    0x08001628   0x08001628   0x0000000c   Code   RO         1505    .text.main_thread_entry  components.o
    0x08001634   0x08001634   0x000000d8   Code   RO         2126    .text.mem_manage_fault_track  cpuport.o
    0x0800170c   0x0800170c   0x000000c0   Code   RO         2019    .text.msh_auto_complete  msh.o
    0x080017cc   0x080017cc   0x00000074   Code   RO         2015    .text.msh_exec      msh.o
    0x08001840   0x08001840   0x00000068   Code   RO         2023    .text.msh_get_cmd   msh.o
    0x080018a8   0x080018a8   0x00000090   Code   RO         2009    .text.msh_help      msh.o
    0x08001938   0x08001938   0x00000004   Code   RO         2007    .text.msh_is_used   msh.o
    0x0800193c   0x0800193c   0x00000118   Code   RO         2025    .text.msh_split     msh.o
    0x08001a54   0x08001a54   0x00000018   Code   RO         1965    .text.object_split  cmd.o
    0x08001a6c   0x08001a6c   0x0000007c   Code   RO         1694    .text.plug_holes    mem.o
    0x08001ae8   0x08001ae8   0x000001ac   Code   RO         1649    .text.print_number  kservice.o
    0x08001c94   0x08001c94   0x00000034   Code   RO         1507    .text.rt_application_init  components.o
    0x08001cc8   0x08001cc8   0x0000001e   Code   RO         1696    .text.rt_calloc     mem.o
    0x08001ce6   0x08001ce6   0x00000002   PAD
    0x08001ce8   0x08001ce8   0x0000002c   Code   RO         1497    .text.rt_components_board_init  components.o
    0x08001d14   0x08001d14   0x0000002c   Code   RO         1499    .text.rt_components_init  components.o
    0x08001d40   0x08001d40   0x0000000c   Code   RO         1657    .text.rt_console_get_device  kservice.o
    0x08001d4c   0x08001d4c   0x00000038   Code   RO         1936    .text.rt_device_close  device.o
    0x08001d84   0x08001d84   0x0000000a   Code   RO         1922    .text.rt_device_find  device.o
    0x08001d8e   0x08001d8e   0x00000002   PAD
    0x08001d90   0x08001d90   0x00000080   Code   RO         1934    .text.rt_device_open  device.o
    0x08001e10   0x08001e10   0x0000002c   Code   RO         1938    .text.rt_device_read  device.o
    0x08001e3c   0x08001e3c   0x00000008   Code   RO         1944    .text.rt_device_set_rx_indicate  device.o
    0x08001e44   0x08001e44   0x0000002c   Code   RO         1940    .text.rt_device_write  device.o
    0x08001e70   0x08001e70   0x0000001a   Code   RO         1799    .text.rt_enter_critical  scheduler.o
    0x08001e8a   0x08001e8a   0x00000002   PAD
    0x08001e8c   0x08001e8c   0x0000003e   Code   RO         1801    .text.rt_exit_critical  scheduler.o
    0x08001eca   0x08001eca   0x00000002   PAD
    0x08001ecc   0x08001ecc   0x000000f0   Code   RO         1692    .text.rt_free       mem.o
    0x08001fbc   0x08001fbc   0x0000000a   Code   RO         1454    .text.rt_heap_begin_get  board.o
    0x08001fc6   0x08001fc6   0x00000002   PAD
    0x08001fc8   0x08001fc8   0x0000000e   Code   RO         1456    .text.rt_heap_end_get  board.o
    0x08001fd6   0x08001fd6   0x00000002   PAD
    0x08001fd8   0x08001fd8   0x0000001a   Code   RO         1460    .text.rt_hw_board_init  board.o
    0x08001ff2   0x08001ff2   0x00000002   PAD
    0x08001ff4   0x08001ff4   0x00000004   Code   RO         1999    .text.rt_hw_console_getchar  finsh_port.o
    0x08001ff8   0x08001ff8   0x00000002   Code   RO         1661    .text.rt_hw_console_output  kservice.o
    0x08001ffa   0x08001ffa   0x00000002   PAD
    0x08001ffc   0x08001ffc   0x00000190   Code   RO         2116    .text.rt_hw_hard_fault_exception  cpuport.o
    0x0800218c   0x0800218c   0x00000042   Code   RO         2112    .text.rt_hw_stack_init  cpuport.o
    0x080021ce   0x080021ce   0x00000002   PAD
    0x080021d0   0x080021d0   0x00000018   Code   RO         1600    .text.rt_interrupt_get_nest  irq.o
    0x080021e8   0x080021e8   0x0000000c   Code   RO         1566    .text.rt_ipc_list_resume  ipc.o
    0x080021f4   0x080021f4   0x00000056   Code   RO         1558    .text.rt_ipc_list_suspend  ipc.o
    0x0800224a   0x0800224a   0x00000002   PAD
    0x0800224c   0x0800224c   0x0000000a   Code   RO         1546    .text.rt_ipc_object_init  ipc.o
    0x08002256   0x08002256   0x00000002   PAD
    0x08002258   0x08002258   0x0000006a   Code   RO         1643    .text.rt_kprintf    kservice.o
    0x080022c2   0x080022c2   0x00000002   PAD
    0x080022c4   0x080022c4   0x00000006   Code   RO         1584    .text.rt_list_init  ipc.o
    0x080022ca   0x080022ca   0x00000002   PAD
    0x080022cc   0x080022cc   0x00000006   Code   RO         1783    .text.rt_list_init  scheduler.o
    0x080022d2   0x080022d2   0x00000002   PAD
    0x080022d4   0x080022d4   0x00000006   Code   RO         1864    .text.rt_list_init  thread.o
    0x080022da   0x080022da   0x00000002   PAD
    0x080022dc   0x080022dc   0x00000006   Code   RO         1896    .text.rt_list_init  timer.o
    0x080022e2   0x080022e2   0x00000002   PAD
    0x080022e4   0x080022e4   0x0000000c   Code   RO         1756    .text.rt_list_insert_after  object.o
    0x080022f0   0x080022f0   0x00000014   Code   RO         1824    .text.rt_list_insert_after  thread.o
    0x08002304   0x08002304   0x0000000c   Code   RO         1888    .text.rt_list_insert_after  timer.o
    0x08002310   0x08002310   0x0000000c   Code   RO         1586    .text.rt_list_insert_before  ipc.o
    0x0800231c   0x0800231c   0x0000000c   Code   RO         1791    .text.rt_list_insert_before  scheduler.o
    0x08002328   0x08002328   0x0000000c   Code   RO         1564    .text.rt_list_isempty  ipc.o
    0x08002334   0x08002334   0x0000000c   Code   RO         1797    .text.rt_list_isempty  scheduler.o
    0x08002340   0x08002340   0x0000000c   Code   RO         1971    .text.rt_list_isempty  cmd.o
    0x0800234c   0x0800234c   0x00000012   Code   RO         1973    .text.rt_list_len   cmd.o
    0x0800235e   0x0800235e   0x00000002   PAD
    0x08002360   0x08002360   0x00000010   Code   RO         1526    .text.rt_list_remove  idle.o
    0x08002370   0x08002370   0x00000010   Code   RO         1760    .text.rt_list_remove  object.o
    0x08002380   0x08002380   0x00000010   Code   RO         1795    .text.rt_list_remove  scheduler.o
    0x08002390   0x08002390   0x00000010   Code   RO         1844    .text.rt_list_remove  thread.o
    0x080023a0   0x080023a0   0x00000010   Code   RO         1900    .text.rt_list_remove  timer.o
    0x080023b0   0x080023b0   0x00000172   Code   RO         1688    .text.rt_malloc     mem.o
    0x08002522   0x08002522   0x00000002   PAD
    0x08002524   0x08002524   0x0000003a   Code   RO         1621    .text.rt_memmove    kservice.o
    0x0800255e   0x0800255e   0x00000002   PAD
    0x08002560   0x08002560   0x0000005c   Code   RO         1617    .text.rt_memset     kservice.o
    0x080025bc   0x080025bc   0x00000050   Code   RO         1762    .text.rt_object_allocate  object.o
    0x0800260c   0x0800260c   0x00000024   Code   RO         1764    .text.rt_object_delete  object.o
    0x08002630   0x08002630   0x0000001e   Code   RO         1758    .text.rt_object_detach  object.o
    0x0800264e   0x0800264e   0x00000002   PAD
    0x08002650   0x08002650   0x00000046   Code   RO         1770    .text.rt_object_find  object.o
    0x08002696   0x08002696   0x00000002   PAD
    0x08002698   0x08002698   0x00000022   Code   RO         1748    .text.rt_object_get_information  object.o
    0x080026ba   0x080026ba   0x00000002   PAD
    0x080026bc   0x080026bc   0x00000050   Code   RO         1754    .text.rt_object_init  object.o
    0x0800270c   0x0800270c   0x00000006   Code   RO         1766    .text.rt_object_is_systemobject  object.o
    0x08002712   0x08002712   0x00000002   PAD
    0x08002714   0x08002714   0x0000007c   Code   RO         1787    .text.rt_schedule   scheduler.o
    0x08002790   0x08002790   0x00000048   Code   RO         1789    .text.rt_schedule_insert_thread  scheduler.o
    0x080027d8   0x080027d8   0x00000042   Code   RO         1793    .text.rt_schedule_remove_thread  scheduler.o
    0x0800281a   0x0800281a   0x00000002   PAD
    0x0800281c   0x0800281c   0x0000001e   Code   RO         1544    .text.rt_sem_init   ipc.o
    0x0800283a   0x0800283a   0x00000002   PAD
    0x0800283c   0x0800283c   0x00000052   Code   RO         1562    .text.rt_sem_release  ipc.o
    0x0800288e   0x0800288e   0x00000002   PAD
    0x08002890   0x08002890   0x0000007a   Code   RO         1556    .text.rt_sem_take   ipc.o
    0x0800290a   0x0800290a   0x00000002   PAD
    0x0800290c   0x0800290c   0x00000022   Code   RO         1613    .text.rt_set_errno  kservice.o
    0x0800292e   0x0800292e   0x00000002   PAD
    0x08002930   0x08002930   0x000000b8   Code   RO         1641    .text.rt_show_version  kservice.o
    0x080029e8   0x080029e8   0x0000002a   Code   RO         1633    .text.rt_strncmp    kservice.o
    0x08002a12   0x08002a12   0x00000002   PAD
    0x08002a14   0x08002a14   0x00000032   Code   RO         1631    .text.rt_strncpy    kservice.o
    0x08002a46   0x08002a46   0x00000002   PAD
    0x08002a48   0x08002a48   0x000000d0   Code   RO         1686    .text.rt_system_heap_init  mem.o
    0x08002b18   0x08002b18   0x00000056   Code   RO         1781    .text.rt_system_scheduler_init  scheduler.o
    0x08002b6e   0x08002b6e   0x00000002   PAD
    0x08002b70   0x08002b70   0x00000036   Code   RO         1785    .text.rt_system_scheduler_start  scheduler.o
    0x08002ba6   0x08002ba6   0x00000002   PAD
    0x08002ba8   0x08002ba8   0x00000010   Code   RO         1906    .text.rt_system_timer_init  timer.o
    0x08002bb8   0x08002bb8   0x00000002   Code   RO         1908    .text.rt_system_timer_thread_init  timer.o
    0x08002bba   0x08002bba   0x00000002   PAD
    0x08002bbc   0x08002bbc   0x0000004a   Code   RO         1838    .text.rt_thread_create  thread.o
    0x08002c06   0x08002c06   0x00000002   PAD
    0x08002c08   0x08002c08   0x0000000a   Code   RO         1852    .text.rt_thread_delay  thread.o
    0x08002c12   0x08002c12   0x00000002   PAD
    0x08002c14   0x08002c14   0x00000052   Code   RO         1820    .text.rt_thread_exit  thread.o
    0x08002c66   0x08002c66   0x00000002   PAD
    0x08002c68   0x08002c68   0x00000006   Code   RO         1530    .text.rt_thread_idle_entry  idle.o
    0x08002c6e   0x08002c6e   0x00000002   PAD
    0x08002c70   0x08002c70   0x00000042   Code   RO         1522    .text.rt_thread_idle_excute  idle.o
    0x08002cb2   0x08002cb2   0x00000002   PAD
    0x08002cb4   0x08002cb4   0x0000004c   Code   RO         1528    .text.rt_thread_idle_init  idle.o
    0x08002d00   0x08002d00   0x00000038   Code   RO         1826    .text.rt_thread_init  thread.o
    0x08002d38   0x08002d38   0x0000003c   Code   RO         1834    .text.rt_thread_resume  thread.o
    0x08002d74   0x08002d74   0x0000000c   Code   RO         1830    .text.rt_thread_self  thread.o
    0x08002d80   0x08002d80   0x0000004a   Code   RO         1848    .text.rt_thread_sleep  thread.o
    0x08002dca   0x08002dca   0x00000002   PAD
    0x08002dcc   0x08002dcc   0x0000002c   Code   RO         1832    .text.rt_thread_startup  thread.o
    0x08002df8   0x08002df8   0x00000042   Code   RO         1850    .text.rt_thread_suspend  thread.o
    0x08002e3a   0x08002e3a   0x00000002   PAD
    0x08002e3c   0x08002e3c   0x0000001e   Code   RO         1860    .text.rt_thread_timeout  thread.o
    0x08002e5a   0x08002e5a   0x00000002   PAD
    0x08002e5c   0x08002e5c   0x0000000c   Code   RO         1472    .text.rt_tick_get   clock.o
    0x08002e68   0x08002e68   0x0000004e   Code   RO         1892    .text.rt_timer_control  timer.o
    0x08002eb6   0x08002eb6   0x00000002   PAD
    0x08002eb8   0x08002eb8   0x00000028   Code   RO         1878    .text.rt_timer_detach  timer.o
    0x08002ee0   0x08002ee0   0x0000002c   Code   RO         1874    .text.rt_timer_init  timer.o
    0x08002f0c   0x08002f0c   0x0000007a   Code   RO         1886    .text.rt_timer_start  timer.o
    0x08002f86   0x08002f86   0x00000002   PAD
    0x08002f88   0x08002f88   0x0000002e   Code   RO         1890    .text.rt_timer_stop  timer.o
    0x08002fb6   0x08002fb6   0x00000002   PAD
    0x08002fb8   0x08002fb8   0x0000030e   Code   RO         1645    .text.rt_vsnprintf  kservice.o
    0x080032c6   0x080032c6   0x00000002   PAD
    0x080032c8   0x080032c8   0x00000004   Code   RO         1493    .text.rti_board_end  components.o
    0x080032cc   0x080032cc   0x00000004   Code   RO         1491    .text.rti_board_start  components.o
    0x080032d0   0x080032d0   0x00000004   Code   RO         1495    .text.rti_end       components.o
    0x080032d4   0x080032d4   0x00000004   Code   RO         1489    .text.rti_start     components.o
    0x080032d8   0x080032d8   0x0000002a   Code   RO         1503    .text.rtthread_startup  components.o
    0x08003302   0x08003302   0x00000002   PAD
    0x08003304   0x08003304   0x0000003c   Code   RO         2060    .text.shell_auto_complete  shell.o
    0x08003340   0x08003340   0x00000040   Code   RO         1975    .text.show_wait_queue  cmd.o
    0x08003380   0x08003380   0x0000003c   Code   RO         1647    .text.skip_atoi     kservice.o
    0x080033bc   0x080033bc   0x00000028   Code   RO         2021    .text.str_common    msh.o
    0x080033e4   0x080033e4   0x000000d4   Code   RO           57    .text.system_clock_120m_hxtal  system_gd32f30x.o
    0x080034b8   0x080034b8   0x00000008   Code   RO           53    .text.system_clock_config  system_gd32f30x.o
    0x080034c0   0x080034c0   0x000000d8   Code   RO         2128    .text.usage_fault_track  cpuport.o
    0x08003598   0x08003598   0x0000000a   Code   RO         1959    .text.version       cmd.o
    0x080035a2   0x080035a2   0x0000000e   Code   RO         2177    i.__scatterload_copy  mc_w.l(handlers.o)
    0x080035b0   0x080035b0   0x00000002   Code   RO         2178    i.__scatterload_null  mc_w.l(handlers.o)
    0x080035b2   0x080035b2   0x0000000e   Code   RO         2179    i.__scatterload_zeroinit  mc_w.l(handlers.o)
    0x080035c0   0x080035c0   0x00000100   Data   RO         1677    .rodata.__lowest_bit_bitmap  kservice.o
    0x080036c0   0x080036c0   0x00000058   Data   RO         1990    .rodata.device_type_str  cmd.o
    0x08003718   0x08003718   0x00000027   Data   RO         1709    .rodata.name        mem.o
    0x0800373f   0x0800373f   0x0000023d   Data   RO         1987    .rodata.name        cmd.o
    0x0800397c   0x0800397c   0x00000076   Data   RO         2028    .rodata.name        msh.o
    0x080039f2   0x080039f2   0x00000029   Data   RO         1674    .rodata.str1.1      kservice.o
    0x08003a1b   0x08003a1b   0x00000036   Data   RO         1948    .rodata.str1.1      device.o
    0x08003a51   0x08003a51   0x00000197   Data   RO         1989    .rodata.str1.1      cmd.o
    0x08003be8   0x08003be8   0x00000007   Data   RO         2027    .rodata.str1.1      msh.o
    0x08003bef   0x08003bef   0x00000005   Data   RO         2075    .rodata.str1.1      shell.o
    0x08003bf4   0x08003bf4   0x00000085   Data   RO         2131    .rodata.str1.1      cpuport.o
    0x08003c79   0x08003c79   0x00000003   PAD
    0x08003c7c   0x08003c7c   0x00000004   Data   RO         1509    .rti_fn.0           components.o
    0x08003c80   0x08003c80   0x00000004   Data   RO         1510    .rti_fn.0.end       components.o
    0x08003c84   0x08003c84   0x00000004   Data   RO         1511    .rti_fn.1.end       components.o
    0x08003c88   0x08003c88   0x00000004   Data   RO         2076    .rti_fn.6           shell.o
    0x08003c8c   0x08003c8c   0x00000004   Data   RO         1512    .rti_fn.6.end       components.o
    0x08003c90   0x08003c90   0x0000000c   Data   RO         1710    FSymTab             mem.o
    0x08003c9c   0x08003c9c   0x000000c0   Data   RO         1988    FSymTab             cmd.o
    0x08003d5c   0x08003d5c   0x00000024   Data   RO         2029    FSymTab             msh.o
    0x08003d80   0x08003d80   0x00000020   Data   RO         2176    Region$$Table       anon$$obj.o


    Execution Region RW_IRAM1 (Exec base: 0x20000000, Load base: 0x08003da0, Size: 0x00004588, Max: 0x00180000, ABSOLUTE)

    Exec Addr    Load Addr    Size         Type   Attr      Idx    E Section Name        Object

    0x20000000   0x08003da0   0x00000060   Data   RW         1772    .data.rt_object_container  object.o
    0x20000060        -       0x00000004   Zero   RW         1673    .bss.__rt_errno     kservice.o
    0x20000064        -       0x00000004   Zero   RW         1675    .bss._console_device  kservice.o
    0x20000068        -       0x00000004   Zero   RW         2068    .bss._syscall_table_begin  shell.o
    0x2000006c        -       0x00000004   Zero   RW         2069    .bss._syscall_table_end  shell.o
    0x20000070        -       0x00000004   Zero   RW           42    .bss.delay          systick.o
    0x20000074        -       0x00000101   Zero   RW         2073    .bss.finsh_get_prompt.finsh_prompt  shell.o
    0x20000175   0x08003e00   0x00000003   PAD
    0x20000178        -       0x00000004   Zero   RW         2072    .bss.finsh_prompt_custom  shell.o
    0x2000017c        -       0x00000004   Zero   RW         1704    .bss.heap_end       mem.o
    0x20000180        -       0x00000004   Zero   RW         1703    .bss.heap_ptr       mem.o
    0x20000184        -       0x00000028   Zero   RW         1705    .bss.heap_sem       mem.o
    0x200001ac        -       0x00000088   Zero   RW         1534    .bss.idle           idle.o
    0x20000234        -       0x00000004   Zero   RW         1706    .bss.lfree          mem.o
    0x20000238        -       0x00000004   Zero   RW         1708    .bss.max_mem        mem.o
    0x2000023c        -       0x00000004   Zero   RW         1702    .bss.mem_size_aligned  mem.o
    0x20000240        -       0x00000001   Zero   RW         1808    .bss.rt_current_priority  scheduler.o
    0x20000241   0x08003e00   0x00000003   PAD
    0x20000244        -       0x00000004   Zero   RW         1805    .bss.rt_current_thread  scheduler.o
    0x20000248        -       0x00000004   Zero   RW         2130    .bss.rt_exception_hook  cpuport.o
    0x2000024c        -       0x00003c00   Zero   RW         1462    .bss.rt_heap        board.o
    0x20003e4c        -       0x00000004   Zero   RW         2132    .bss.rt_interrupt_from_thread  cpuport.o
    0x20003e50        -       0x00000001   Zero   RW         1602    .bss.rt_interrupt_nest  irq.o
    0x20003e51   0x08003e00   0x00000003   PAD
    0x20003e54        -       0x00000004   Zero   RW         2133    .bss.rt_interrupt_to_thread  cpuport.o
    0x20003e58        -       0x00000100   Zero   RW         1676    .bss.rt_kprintf.rt_log_buf  kservice.o
    0x20003f58        -       0x00000002   Zero   RW         1806    .bss.rt_scheduler_lock_nest  scheduler.o
    0x20003f5a   0x08003e00   0x00000002   PAD
    0x20003f5c        -       0x00000008   Zero   RW         1810    .bss.rt_thread_defunct  scheduler.o
    0x20003f64        -       0x00000100   Zero   RW         1807    .bss.rt_thread_priority_table  scheduler.o
    0x20004064        -       0x00000004   Zero   RW         1809    .bss.rt_thread_ready_priority_group  scheduler.o
    0x20004068        -       0x00000100   Zero   RW         1535    .bss.rt_thread_stack  idle.o
    0x20004168        -       0x00000004   Zero   RW         2134    .bss.rt_thread_switch_interrupt_flag  cpuport.o
    0x2000416c        -       0x00000004   Zero   RW         1480    .bss.rt_tick        clock.o
    0x20004170        -       0x00000008   Zero   RW         1911    .bss.rt_timer_list  timer.o
    0x20004178        -       0x00000004   Zero   RW         1910    .bss.rt_timer_start.random_nr  timer.o
    0x2000417c        -       0x00000004   Zero   RW         2074    .bss.shell          shell.o
    0x20004180        -       0x00000004   Zero   RW         1707    .bss.used_mem       mem.o
    0x20004184   0x08003e00   0x00000004   PAD
    0x20004188        -       0x00000400   Zero   RW         1444    STACK               startup_gd32f30x_hd.o


==============================================================================

Image component sizes


      Code (inc. data)   RO Data    RW Data    ZI Data      Debug   Object Name

        50          0          0          0      15360        882   board.o
        12          0          0          0          4       2453   clock.o
      2346        792       1260          0          0      13779   cmd.o
       220          8         16          0          0       3011   components.o
       244         28          0          0          0        780   context_rvds.o
      1254        524        133          0         16       3408   cpuport.o
       290          0         54          0          0       6633   device.o
         4          0          0          0          0        454   finsh_port.o
        20          0          0          0          0        823   gd32f30x_it.o
       182          8          0          0        392       2660   idle.o
       372          0          0          0          0       8558   ipc.o
        24          0          0          0          1        981   irq.o
      1956        238        297          0        264      17023   kservice.o
         2          0          0          0          0        338   main.o
      1096        216         51          0         64       5245   mem.o
       994        104        161          0          0       5299   msh.o
       364          0          0         96          0       5635   object.o
       536          0          0          0        275       4298   scheduler.o
      1608        248          9          0        273       7990   shell.o
        36          8        304          0       1024        888   startup_gd32f30x_hd.o
       370          0          0          0          0       2593   system_gd32f30x.o
        24          0          0          0          4       3965   systick.o
       706          0          0          0          0       8299   thread.o
       426          6          0          0         12       6550   timer.o

    ----------------------------------------------------------------------
     13266       2180       2320         96      17704     112545   Object Totals
         0          0         32          0          0          0   (incl. Generated)
       130          0          3          0         15          0   (incl. Padding)

    ----------------------------------------------------------------------

      Code (inc. data)   RO Data    RW Data    ZI Data      Debug   Library Member Name

         0          0          0          0          0          0   entry.o
         0          0          0          0          0          0   entry10a.o
         0          0          0          0          0          0   entry11a.o
         8          4          0          0          0          0   entry2.o
         4          0          0          0          0          0   entry5.o
         0          0          0          0          0          0   entry7b.o
         0          0          0          0          0          0   entry8b.o
         8          4          0          0          0          0   entry9a.o
        30          0          0          0          0          0   handlers.o
        36          8          0          0          0         68   init.o
        36          0          0          0          0        108   memseta.o
        14          0          0          0          0         68   strlen.o
        30          0          0          0          0         80   strncmp.o
        24          0          0          0          0         76   strncpy.o

    ----------------------------------------------------------------------
       190         16          0          0          0        400   Library Totals
         0          0          0          0          0          0   (incl. Padding)

    ----------------------------------------------------------------------

      Code (inc. data)   RO Data    RW Data    ZI Data      Debug   Library Name

       190         16          0          0          0        400   mc_w.l

    ----------------------------------------------------------------------
       190         16          0          0          0        400   Library Totals

    ----------------------------------------------------------------------

==============================================================================


      Code (inc. data)   RO Data    RW Data    ZI Data      Debug   

     13456       2196       2320         96      17704     112525   Grand Totals
     13456       2196       2320         96      17704     112525   ELF Image Totals
     13456       2196       2320         96          0          0   ROM Totals

==============================================================================

    Total RO  Size (Code + RO Data)                15776 (  15.41kB)
    Total RW  Size (RW Data + ZI Data)             17800 (  17.38kB)
    Total ROM Size (Code + RO Data + RW Data)      15872 (  15.50kB)

==============================================================================

