Component: ARM Compiler 6.16 Tool: armlink [5dfeaa00]

==============================================================================

Section Cross References

    main.o(.text.console_getchar_set) refers to main.o(.data.console_isenable) for console_isenable
    main.o(.ARM.exidx.text.console_getchar_set) refers to main.o(.text.console_getchar_set) for [Anonymous Symbol]
    main.o(.text.reset) refers to main.o(.text.NVIC_SystemReset) for NVIC_SystemReset
    main.o(.ARM.exidx.text.reset) refers to main.o(.text.reset) for [Anonymous Symbol]
    main.o(.ARM.exidx.text.NVIC_SystemReset) refers to main.o(.text.NVIC_SystemReset) for [Anonymous Symbol]
    main.o(.text.BoarInit) refers to systick.o(.text.systick_config) for systick_config
    main.o(.text.BoarInit) refers to system.o(.text.GpioInit) for GpioInit
    main.o(.ARM.exidx.text.BoarInit) refers to main.o(.text.BoarInit) for [Anonymous Symbol]
    main.o(.text.DeviceInit) refers to segger_rtt.o(.text.SEGGER_RTT_ConfigUpBuffer) for SEGGER_RTT_ConfigUpBuffer
    main.o(.text.DeviceInit) refers to key.o(.text.KeyInit) for KeyInit
    main.o(.text.DeviceInit) refers to powerkey.o(.text.PowerKeyInit) for PowerKeyInit
    main.o(.ARM.exidx.text.DeviceInit) refers to main.o(.text.DeviceInit) for [Anonymous Symbol]
    main.o(.text.main) refers to powerboard.o(.text.power_board_init) for power_board_init
    main.o(.text.main) refers to clock.o(.text.rt_tick_get) for rt_tick_get
    main.o(.text.main) refers to key.o(.text.KeyProcess) for KeyProcess
    main.o(.text.main) refers to gd32f30x_fwdgt.o(.text.fwdgt_counter_reload) for fwdgt_counter_reload
    main.o(.text.main) refers to powerboard.o(.text.power_board_proc) for power_board_proc
    main.o(.text.main) refers to thread.o(.text.rt_thread_delay) for rt_thread_delay
    main.o(.ARM.exidx.text.main) refers to main.o(.text.main) for [Anonymous Symbol]
    main.o(FSymTab) refers to main.o(.rodata.name) for __fsym___cmd_reset_name
    main.o(FSymTab) refers to main.o(.text.reset) for reset
    main.o(.rti_fn.1) refers to main.o(.text.BoarInit) for BoarInit
    main.o(.rti_fn.3) refers to main.o(.text.DeviceInit) for DeviceInit
    gd32f30x_it.o(.ARM.exidx.text.NMI_Handler) refers to gd32f30x_it.o(.text.NMI_Handler) for [Anonymous Symbol]
    gd32f30x_it.o(.ARM.exidx.text.MemManage_Handler) refers to gd32f30x_it.o(.text.MemManage_Handler) for [Anonymous Symbol]
    gd32f30x_it.o(.ARM.exidx.text.BusFault_Handler) refers to gd32f30x_it.o(.text.BusFault_Handler) for [Anonymous Symbol]
    gd32f30x_it.o(.ARM.exidx.text.UsageFault_Handler) refers to gd32f30x_it.o(.text.UsageFault_Handler) for [Anonymous Symbol]
    gd32f30x_it.o(.ARM.exidx.text.SVC_Handler) refers to gd32f30x_it.o(.text.SVC_Handler) for [Anonymous Symbol]
    gd32f30x_it.o(.ARM.exidx.text.DebugMon_Handler) refers to gd32f30x_it.o(.text.DebugMon_Handler) for [Anonymous Symbol]
    gd32f30x_it.o(.text.SysTick_Handler) refers to systick.o(.text.delay_decrement) for delay_decrement
    gd32f30x_it.o(.ARM.exidx.text.SysTick_Handler) refers to gd32f30x_it.o(.text.SysTick_Handler) for [Anonymous Symbol]
    systick.o(.text.systick_config) refers to system_gd32f30x.o(.data.SystemCoreClock) for SystemCoreClock
    systick.o(.text.systick_config) refers to systick.o(.text.SysTick_Config) for SysTick_Config
    systick.o(.text.systick_config) refers to systick.o(.text.NVIC_SetPriority) for NVIC_SetPriority
    systick.o(.ARM.exidx.text.systick_config) refers to systick.o(.text.systick_config) for [Anonymous Symbol]
    systick.o(.text.SysTick_Config) refers to systick.o(.text.NVIC_SetPriority) for NVIC_SetPriority
    systick.o(.ARM.exidx.text.SysTick_Config) refers to systick.o(.text.SysTick_Config) for [Anonymous Symbol]
    systick.o(.ARM.exidx.text.NVIC_SetPriority) refers to systick.o(.text.NVIC_SetPriority) for [Anonymous Symbol]
    systick.o(.text.delay_1ms) refers to systick.o(.bss.delay) for delay
    systick.o(.ARM.exidx.text.delay_1ms) refers to systick.o(.text.delay_1ms) for [Anonymous Symbol]
    systick.o(.text.delay_decrement) refers to systick.o(.bss.delay) for delay
    systick.o(.ARM.exidx.text.delay_decrement) refers to systick.o(.text.delay_decrement) for [Anonymous Symbol]
    system.o(.text.GpioInit) refers to gd32f30x_rcu.o(.text.rcu_periph_clock_enable) for rcu_periph_clock_enable
    system.o(.text.GpioInit) refers to gd32f30x_gpio.o(.text.gpio_init) for gpio_init
    system.o(.text.GpioInit) refers to gd32f30x_gpio.o(.text.gpio_bit_reset) for gpio_bit_reset
    system.o(.text.GpioInit) refers to gd32f30x_gpio.o(.text.gpio_bit_set) for gpio_bit_set
    system.o(.ARM.exidx.text.GpioInit) refers to system.o(.text.GpioInit) for [Anonymous Symbol]
    system.o(.text.GpioUartGpioInit) refers to gd32f30x_rcu.o(.text.rcu_periph_clock_enable) for rcu_periph_clock_enable
    system.o(.text.GpioUartGpioInit) refers to gd32f30x_gpio.o(.text.gpio_init) for gpio_init
[...]
    cpuport.o(.text.bus_fault_track) refers to kservice.o(.text.rt_kprintf) for rt_kprintf
    cpuport.o(.text.bus_fault_track) refers to cpuport.o(.rodata.str1.1) for .L.str.29
    cpuport.o(.ARM.exidx.text.bus_fault_track) refers to cpuport.o(.text.bus_fault_track) for [Anonymous Symbol]
    cpuport.o(.text.mem_manage_fault_track) refers to kservice.o(.text.rt_kprintf) for rt_kprintf
    cpuport.o(.text.mem_manage_fault_track) refers to cpuport.o(.rodata.str1.1) for .L.str.29
    cpuport.o(.ARM.exidx.text.mem_manage_fault_track) refers to cpuport.o(.text.mem_manage_fault_track) for [Anonymous Symbol]
    cpuport.o(.text.usage_fault_track) refers to kservice.o(.text.rt_kprintf) for rt_kprintf
    cpuport.o(.text.usage_fault_track) refers to cpuport.o(.rodata.str1.1) for .L.str.29
    cpuport.o(.ARM.exidx.text.usage_fault_track) refers to cpuport.o(.text.usage_fault_track) for [Anonymous Symbol]
    context_rvds.o(.text) refers to cpuport.o(.text.rt_hw_hard_fault_exception) for rt_hw_hard_fault_exception
    context_rvds.o(.text) refers to cpuport.o(.bss.rt_thread_switch_interrupt_flag) for rt_thread_switch_interrupt_flag
    context_rvds.o(.text) refers to cpuport.o(.bss.rt_interrupt_from_thread) for rt_interrupt_from_thread
    context_rvds.o(.text) refers to cpuport.o(.bss.rt_interrupt_to_thread) for rt_interrupt_to_thread
    segger_rtt.o(.text.SEGGER_RTT_ReadUpBufferNoLock) refers to segger_rtt.o(.bss._SEGGER_RTT) for _SEGGER_RTT
    segger_rtt.o(.text.SEGGER_RTT_ReadUpBufferNoLock) refers to segger_rtt.o(.text._DoInit) for _DoInit
    segger_rtt.o(.text.SEGGER_RTT_ReadUpBufferNoLock) refers to memcpya.o(.text) for __aeabi_memcpy
    segger_rtt.o(.ARM.exidx.text.SEGGER_RTT_ReadUpBufferNoLock) refers to segger_rtt.o(.text.SEGGER_RTT_ReadUpBufferNoLock) for [Anonymous Symbol]
    segger_rtt.o(.text._DoInit) refers to segger_rtt.o(.bss._SEGGER_RTT) for _SEGGER_RTT
    segger_rtt.o(.text._DoInit) refers to segger_rtt.o(.bss._acDownBuffer) for _acDownBuffer
    segger_rtt.o(.text._DoInit) refers to segger_rtt.o(.rodata.str1.1) for .L.str
    segger_rtt.o(.text._DoInit) refers to segger_rtt.o(.bss._acUpBuffer) for _acUpBuffer
    segger_rtt.o(.ARM.exidx.text._DoInit) refers to segger_rtt.o(.text._DoInit) for [Anonymous Symbol]
    segger_rtt.o(.text.SEGGER_RTT_ReadNoLock) refers to segger_rtt.o(.bss._SEGGER_RTT) for _SEGGER_RTT
    segger_rtt.o(.text.SEGGER_RTT_ReadNoLock) refers to segger_rtt.o(.text._DoInit) for _DoInit
    segger_rtt.o(.text.SEGGER_RTT_ReadNoLock) refers to memcpya.o(.text) for __aeabi_memcpy
    segger_rtt.o(.ARM.exidx.text.SEGGER_RTT_ReadNoLock) refers to segger_rtt.o(.text.SEGGER_RTT_ReadNoLock) for [Anonymous Symbol]
    segger_rtt.o(.text.SEGGER_RTT_ReadUpBuffer) refers to segger_rtt.o(.text.SEGGER_RTT_ReadUpBufferNoLock) for SEGGER_RTT_ReadUpBufferNoLock
    segger_rtt.o(.ARM.exidx.text.SEGGER_RTT_ReadUpBuffer) refers to segger_rtt.o(.text.SEGGER_RTT_ReadUpBuffer) for [Anonymous Symbol]
    segger_rtt.o(.text.SEGGER_RTT_Read) refers to segger_rtt.o(.text.SEGGER_RTT_ReadNoLock) for SEGGER_RTT_ReadNoLock
    segger_rtt.o(.ARM.exidx.text.SEGGER_RTT_Read) refers to segger_rtt.o(.text.SEGGER_RTT_Read) for [Anonymous Symbol]
    segger_rtt.o(.text.SEGGER_RTT_WriteWithOverwriteNoLock) refers to segger_rtt.o(.bss._SEGGER_RTT) for _SEGGER_RTT
    segger_rtt.o(.text.SEGGER_RTT_WriteWithOverwriteNoLock) refers to memcpya.o(.text) for __aeabi_memcpy
    segger_rtt.o(.ARM.exidx.text.SEGGER_RTT_WriteWithOverwriteNoLock) refers to segger_rtt.o(.text.SEGGER_RTT_WriteWithOverwriteNoLock) for [Anonymous Symbol]
    segger_rtt.o(.text.SEGGER_RTT_WriteDownBufferNoLock) refers to segger_rtt.o(.bss._SEGGER_RTT) for _SEGGER_RTT
    segger_rtt.o(.text.SEGGER_RTT_WriteDownBufferNoLock) refers to segger_rtt.o(.text._GetAvailWriteSpace) for _GetAvailWriteSpace
    segger_rtt.o(.text.SEGGER_RTT_WriteDownBufferNoLock) refers to segger_rtt.o(.text._WriteBlocking) for _WriteBlocking
    segger_rtt.o(.text.SEGGER_RTT_WriteDownBufferNoLock) refers to segger_rtt.o(.text._WriteNoCheck) for _WriteNoCheck
    segger_rtt.o(.ARM.exidx.text.SEGGER_RTT_WriteDownBufferNoLock) refers to segger_rtt.o(.text.SEGGER_RTT_WriteDownBufferNoLock) for [Anonymous Symbol]
    segger_rtt.o(.ARM.exidx.text._GetAvailWriteSpace) refers to segger_rtt.o(.text._GetAvailWriteSpace) for [Anonymous Symbol]
    segger_rtt.o(.text._WriteNoCheck) refers to memcpya.o(.text) for __aeabi_memcpy
    segger_rtt.o(.ARM.exidx.text._WriteNoCheck) refers to segger_rtt.o(.text._WriteNoCheck) for [Anonymous Symbol]
    segger_rtt.o(.text._WriteBlocking) refers to memcpya.o(.text) for __aeabi_memcpy
    segger_rtt.o(.ARM.exidx.text._WriteBlocking) refers to segger_rtt.o(.text._WriteBlocking) for [Anonymous Symbol]
    segger_rtt.o(.text.SEGGER_RTT_WriteNoLock) refers to segger_rtt.o(.bss._SEGGER_RTT) for _SEGGER_RTT
    segger_rtt.o(.text.SEGGER_RTT_WriteNoLock) refers to segger_rtt.o(.text._GetAvailWriteSpace) for _GetAvailWriteSpace
    segger_rtt.o(.text.SEGGER_RTT_WriteNoLock) refers to segger_rtt.o(.text._WriteBlocking) for _WriteBlocking
    segger_rtt.o(.text.SEGGER_RTT_WriteNoLock) refers to segger_rtt.o(.text._WriteNoCheck) for _WriteNoCheck
    segger_rtt.o(.ARM.exidx.text.SEGGER_RTT_WriteNoLock) refers to segger_rtt.o(.text.SEGGER_RTT_WriteNoLock) for [Anonymous Symbol]
    segger_rtt.o(.text.SEGGER_RTT_WriteDownBuffer) refers to segger_rtt.o(.bss._SEGGER_RTT) for _SEGGER_RTT
    segger_rtt.o(.text.SEGGER_RTT_WriteDownBuffer) refers to segger_rtt.o(.text._DoInit) for _DoInit
    segger_rtt.o(.text.SEGGER_RTT_WriteDownBuffer) refers to segger_rtt.o(.text.SEGGER_RTT_WriteDownBufferNoLock) for SEGGER_RTT_WriteDownBufferNoLock
    segger_rtt.o(.ARM.exidx.text.SEGGER_RTT_WriteDownBuffer) refers to segger_rtt.o(.text.SEGGER_RTT_WriteDownBuffer) for [Anonymous Symbol]
    segger_rtt.o(.text.SEGGER_RTT_Write) refers to segger_rtt.o(.bss._SEGGER_RTT) for _SEGGER_RTT
    segger_rtt.o(.text.SEGGER_RTT_Write) refers to segger_rtt.o(.text._DoInit) for _DoInit
    segger_rtt.o(.text.SEGGER_RTT_Write) refers to segger_rtt.o(.text.SEGGER_RTT_WriteNoLock) for SEGGER_RTT_WriteNoLock
    segger_rtt.o(.ARM.exidx.text.SEGGER_RTT_Write) refers to segger_rtt.o(.text.SEGGER_RTT_Write) for [Anonymous Symbol]
    segger_rtt.o(.text.SEGGER_RTT_WriteString) refers to strlen.o(.text) for strlen
    segger_rtt.o(.text.SEGGER_RTT_WriteString) refers to segger_rtt.o(.text.SEGGER_RTT_Write) for SEGGER_RTT_Write
    segger_rtt.o(.ARM.exidx.text.SEGGER_RTT_WriteString) refers to segger_rtt.o(.text.SEGGER_RTT_WriteString) for [Anonymous Symbol]
    segger_rtt.o(.text.SEGGER_RTT_PutCharSkipNoLock) refers to segger_rtt.o(.bss._SEGGER_RTT) for _SEGGER_RTT
    segger_rtt.o(.ARM.exidx.text.SEGGER_RTT_PutCharSkipNoLock) refers to segger_rtt.o(.text.SEGGER_RTT_PutCharSkipNoLock) for [Anonymous Symbol]
    segger_rtt.o(.text.SEGGER_RTT_PutCharSkip) refers to segger_rtt.o(.bss._SEGGER_RTT) for _SEGGER_RTT
    segger_rtt.o(.text.SEGGER_RTT_PutCharSkip) refers to segger_rtt.o(.text._DoInit) for _DoInit
    segger_rtt.o(.ARM.exidx.text.SEGGER_RTT_PutCharSkip) refers to segger_rtt.o(.text.SEGGER_RTT_PutCharSkip) for [Anonymous Symbol]
    segger_rtt.o(.text.SEGGER_RTT_PutChar) refers to segger_rtt.o(.bss._SEGGER_RTT) for _SEGGER_RTT
    segger_rtt.o(.text.SEGGER_RTT_PutChar) refers to segger_rtt.o(.text._DoInit) for _DoInit
    segger_rtt.o(.ARM.exidx.text.SEGGER_RTT_PutChar) refers to segger_rtt.o(.text.SEGGER_RTT_PutChar) for [Anonymous Symbol]
    segger_rtt.o(.text.SEGGER_RTT_GetKey) refers to segger_rtt.o(.text.SEGGER_RTT_Read) for SEGGER_RTT_Read
    segger_rtt.o(.ARM.exidx.text.SEGGER_RTT_GetKey) refers to segger_rtt.o(.text.SEGGER_RTT_GetKey) for [Anonymous Symbol]
    segger_rtt.o(.text.SEGGER_RTT_WaitKey) refers to segger_rtt.o(.text.SEGGER_RTT_GetKey) for SEGGER_RTT_GetKey
    segger_rtt.o(.ARM.exidx.text.SEGGER_RTT_WaitKey) refers to segger_rtt.o(.text.SEGGER_RTT_WaitKey) for [Anonymous Symbol]
    segger_rtt.o(.text.SEGGER_RTT_HasKey) refers to segger_rtt.o(.bss._SEGGER_RTT) for _SEGGER_RTT
    segger_rtt.o(.text.SEGGER_RTT_HasKey) refers to segger_rtt.o(.text._DoInit) for _DoInit
    segger_rtt.o(.ARM.exidx.text.SEGGER_RTT_HasKey) refers to segger_rtt.o(.text.SEGGER_RTT_HasKey) for [Anonymous Symbol]
    segger_rtt.o(.text.SEGGER_RTT_HasData) refers to segger_rtt.o(.bss._SEGGER_RTT) for _SEGGER_RTT
    segger_rtt.o(.ARM.exidx.text.SEGGER_RTT_HasData) refers to segger_rtt.o(.text.SEGGER_RTT_HasData) for [Anonymous Symbol]
    segger_rtt.o(.text.SEGGER_RTT_HasDataUp) refers to segger_rtt.o(.bss._SEGGER_RTT) for _SEGGER_RTT
    segger_rtt.o(.ARM.exidx.text.SEGGER_RTT_HasDataUp) refers to segger_rtt.o(.text.SEGGER_RTT_HasDataUp) for [Anonymous Symbol]
    segger_rtt.o(.text.SEGGER_RTT_AllocDownBuffer) refers to segger_rtt.o(.bss._SEGGER_RTT) for _SEGGER_RTT
    segger_rtt.o(.text.SEGGER_RTT_AllocDownBuffer) refers to segger_rtt.o(.text._DoInit) for _DoInit
    segger_rtt.o(.ARM.exidx.text.SEGGER_RTT_AllocDownBuffer) refers to segger_rtt.o(.text.SEGGER_RTT_AllocDownBuffer) for [Anonymous Symbol]
    segger_rtt.o(.text.SEGGER_RTT_AllocUpBuffer) refers to segger_rtt.o(.bss._SEGGER_RTT) for _SEGGER_RTT
    segger_rtt.o(.text.SEGGER_RTT_AllocUpBuffer) refers to segger_rtt.o(.text._DoInit) for _DoInit
    segger_rtt.o(.ARM.exidx.text.SEGGER_RTT_AllocUpBuffer) refers to segger_rtt.o(.text.SEGGER_RTT_AllocUpBuffer) for [Anonymous Symbol]
    segger_rtt.o(.text.SEGGER_RTT_ConfigUpBuffer) refers to segger_rtt.o(.bss._SEGGER_RTT) for _SEGGER_RTT
    segger_rtt.o(.text.SEGGER_RTT_ConfigUpBuffer) refers to segger_rtt.o(.text._DoInit) for _DoInit
    segger_rtt.o(.ARM.exidx.text.SEGGER_RTT_ConfigUpBuffer) refers to segger_rtt.o(.text.SEGGER_RTT_ConfigUpBuffer) for [Anonymous Symbol]
    segger_rtt.o(.text.SEGGER_RTT_ConfigDownBuffer) refers to segger_rtt.o(.bss._SEGGER_RTT) for _SEGGER_RTT
    segger_rtt.o(.text.SEGGER_RTT_ConfigDownBuffer) refers to segger_rtt.o(.text._DoInit) for _DoInit
    segger_rtt.o(.ARM.exidx.text.SEGGER_RTT_ConfigDownBuffer) refers to segger_rtt.o(.text.SEGGER_RTT_ConfigDownBuffer) for [Anonymous Symbol]
    segger_rtt.o(.text.SEGGER_RTT_SetNameUpBuffer) refers to segger_rtt.o(.bss._SEGGER_RTT) for _SEGGER_RTT
    segger_rtt.o(.text.SEGGER_RTT_SetNameUpBuffer) refers to segger_rtt.o(.text._DoInit) for _DoInit
    segger_rtt.o(.ARM.exidx.text.SEGGER_RTT_SetNameUpBuffer) refers to segger_rtt.o(.text.SEGGER_RTT_SetNameUpBuffer) for [Anonymous Symbol]
    segger_rtt.o(.text.SEGGER_RTT_SetNameDownBuffer) refers to segger_rtt.o(.bss._SEGGER_RTT) for _SEGGER_RTT
    segger_rtt.o(.text.SEGGER_RTT_SetNameDownBuffer) refers to segger_rtt.o(.text._DoInit) for _DoInit
    segger_rtt.o(.ARM.exidx.text.SEGGER_RTT_SetNameDownBuffer) refers to segger_rtt.o(.text.SEGGER_RTT_SetNameDownBuffer) for [Anonymous Symbol]
    segger_rtt.o(.text.SEGGER_RTT_SetFlagsUpBuffer) refers to segger_rtt.o(.bss._SEGGER_RTT) for _SEGGER_RTT
    segger_rtt.o(.text.SEGGER_RTT_SetFlagsUpBuffer) refers to segger_rtt.o(.text._DoInit) for _DoInit
    segger_rtt.o(.ARM.exidx.text.SEGGER_RTT_SetFlagsUpBuffer) refers to segger_rtt.o(.text.SEGGER_RTT_SetFlagsUpBuffer) for [Anonymous Symbol]
    segger_rtt.o(.text.SEGGER_RTT_SetFlagsDownBuffer) refers to segger_rtt.o(.bss._SEGGER_RTT) for _SEGGER_RTT
    segger_rtt.o(.text.SEGGER_RTT_SetFlagsDownBuffer) refers to segger_rtt.o(.text._DoInit) for _DoInit
    segger_rtt.o(.ARM.exidx.text.SEGGER_RTT_SetFlagsDownBuffer) refers to segger_rtt.o(.text.SEGGER_RTT_SetFlagsDownBuffer) for [Anonymous Symbol]
    segger_rtt.o(.text.SEGGER_RTT_Init) refers to segger_rtt.o(.text._DoInit) for _DoInit
    segger_rtt.o(.ARM.exidx.text.SEGGER_RTT_Init) refers to segger_rtt.o(.text.SEGGER_RTT_Init) for [Anonymous Symbol]
    segger_rtt.o(.text.SEGGER_RTT_SetTerminal) refers to segger_rtt.o(.bss._SEGGER_RTT) for _SEGGER_RTT
    segger_rtt.o(.text.SEGGER_RTT_SetTerminal) refers to segger_rtt.o(.text._DoInit) for _DoInit
    segger_rtt.o(.text.SEGGER_RTT_SetTerminal) refers to segger_rtt.o(.rodata.cst16) for _aTerminalId
    segger_rtt.o(.text.SEGGER_RTT_SetTerminal) refers to segger_rtt.o(.bss._ActiveTerminal) for _ActiveTerminal
    segger_rtt.o(.text.SEGGER_RTT_SetTerminal) refers to segger_rtt.o(.text._WriteBlocking) for _WriteBlocking
    segger_rtt.o(.text.SEGGER_RTT_SetTerminal) refers to segger_rtt.o(.text._GetAvailWriteSpace) for _GetAvailWriteSpace
    segger_rtt.o(.text.SEGGER_RTT_SetTerminal) refers to segger_rtt.o(.text._WriteNoCheck) for _WriteNoCheck
    segger_rtt.o(.ARM.exidx.text.SEGGER_RTT_SetTerminal) refers to segger_rtt.o(.text.SEGGER_RTT_SetTerminal) for [Anonymous Symbol]
    segger_rtt.o(.text.SEGGER_RTT_TerminalOut) refers to segger_rtt.o(.bss._SEGGER_RTT) for _SEGGER_RTT
    segger_rtt.o(.text.SEGGER_RTT_TerminalOut) refers to segger_rtt.o(.text._DoInit) for _DoInit
    segger_rtt.o(.text.SEGGER_RTT_TerminalOut) refers to strlen.o(.text) for strlen
    segger_rtt.o(.text.SEGGER_RTT_TerminalOut) refers to segger_rtt.o(.text._GetAvailWriteSpace) for _GetAvailWriteSpace
    segger_rtt.o(.text.SEGGER_RTT_TerminalOut) refers to segger_rtt.o(.text._PostTerminalSwitch) for _PostTerminalSwitch
    segger_rtt.o(.text.SEGGER_RTT_TerminalOut) refers to segger_rtt.o(.text._WriteBlocking) for _WriteBlocking
    segger_rtt.o(.text.SEGGER_RTT_TerminalOut) refers to segger_rtt.o(.bss._ActiveTerminal) for _ActiveTerminal
    segger_rtt.o(.ARM.exidx.text.SEGGER_RTT_TerminalOut) refers to segger_rtt.o(.text.SEGGER_RTT_TerminalOut) for [Anonymous Symbol]
    segger_rtt.o(.text._PostTerminalSwitch) refers to segger_rtt.o(.rodata.cst16) for _aTerminalId
    segger_rtt.o(.text._PostTerminalSwitch) refers to segger_rtt.o(.bss._SEGGER_RTT) for _SEGGER_RTT
    segger_rtt.o(.text._PostTerminalSwitch) refers to segger_rtt.o(.text._WriteBlocking) for _WriteBlocking
    segger_rtt.o(.ARM.exidx.text._PostTerminalSwitch) refers to segger_rtt.o(.text._PostTerminalSwitch) for [Anonymous Symbol]
    segger_rtt.o(.text.SEGGER_RTT_GetAvailWriteSpace) refers to segger_rtt.o(.bss._SEGGER_RTT) for _SEGGER_RTT
    segger_rtt.o(.text.SEGGER_RTT_GetAvailWriteSpace) refers to segger_rtt.o(.text._GetAvailWriteSpace) for _GetAvailWriteSpace
    segger_rtt.o(.ARM.exidx.text.SEGGER_RTT_GetAvailWriteSpace) refers to segger_rtt.o(.text.SEGGER_RTT_GetAvailWriteSpace) for [Anonymous Symbol]
    segger_rtt.o(.text.SEGGER_RTT_GetBytesInBuffer) refers to segger_rtt.o(.bss._SEGGER_RTT) for _SEGGER_RTT
    segger_rtt.o(.ARM.exidx.text.SEGGER_RTT_GetBytesInBuffer) refers to segger_rtt.o(.text.SEGGER_RTT_GetBytesInBuffer) for [Anonymous Symbol]
    segger_rtt_printf.o(.text.SEGGER_RTT_vprintf) refers to segger_rtt_printf.o(.text._StoreChar) for _StoreChar
    segger_rtt_printf.o(.text.SEGGER_RTT_vprintf) refers to segger_rtt_printf.o(.text._PrintInt) for _PrintInt
    segger_rtt_printf.o(.text.SEGGER_RTT_vprintf) refers to segger_rtt_printf.o(.text._PrintUnsigned) for _PrintUnsigned
    segger_rtt_printf.o(.text.SEGGER_RTT_vprintf) refers to segger_rtt.o(.text.SEGGER_RTT_Write) for SEGGER_RTT_Write
    segger_rtt_printf.o(.ARM.exidx.text.SEGGER_RTT_vprintf) refers to segger_rtt_printf.o(.text.SEGGER_RTT_vprintf) for [Anonymous Symbol]
    segger_rtt_printf.o(.text._StoreChar) refers to segger_rtt.o(.text.SEGGER_RTT_Write) for SEGGER_RTT_Write
    segger_rtt_printf.o(.ARM.exidx.text._StoreChar) refers to segger_rtt_printf.o(.text._StoreChar) for [Anonymous Symbol]
    segger_rtt_printf.o(.text._PrintInt) refers to segger_rtt_printf.o(.text._StoreChar) for _StoreChar
    segger_rtt_printf.o(.text._PrintInt) refers to segger_rtt_printf.o(.text._PrintUnsigned) for _PrintUnsigned
    segger_rtt_printf.o(.ARM.exidx.text._PrintInt) refers to segger_rtt_printf.o(.text._PrintInt) for [Anonymous Symbol]
    segger_rtt_printf.o(.text._PrintUnsigned) refers to segger_rtt_printf.o(.text._StoreChar) for _StoreChar
    segger_rtt_printf.o(.ARM.exidx.text._PrintUnsigned) refers to segger_rtt_printf.o(.text._PrintUnsigned) for [Anonymous Symbol]
    segger_rtt_printf.o(.text.SEGGER_RTT_printf) refers to segger_rtt_printf.o(.text.SEGGER_RTT_vprintf) for SEGGER_RTT_vprintf
    segger_rtt_printf.o(.ARM.exidx.text.SEGGER_RTT_printf) refers to segger_rtt_printf.o(.text.SEGGER_RTT_printf) for [Anonymous Symbol]
    key.o(.text.KeyInit) refers to key.o(.bss.key_sl_list) for key_sl_list
    key.o(.ARM.exidx.text.KeyInit) refers to key.o(.text.KeyInit) for [Anonymous Symbol]
    key.o(.text.KeyRegister) refers to key.o(.bss.key_sl_list) for key_sl_list
    key.o(.text.KeyRegister) refers to sl_list.o(.text.sl_list_append) for sl_list_append
    key.o(.ARM.exidx.text.KeyRegister) refers to key.o(.text.KeyRegister) for [Anonymous Symbol]
    key.o(.text.KeyUnRegister) refers to key.o(.bss.key_sl_list) for key_sl_list
    key.o(.text.KeyUnRegister) refers to sl_list.o(.text.sl_list_remove) for sl_list_remove
    key.o(.ARM.exidx.text.KeyUnRegister) refers to key.o(.text.KeyUnRegister) for [Anonymous Symbol]
    key.o(.text.KeyDetect) refers to key.o(.bss.key_sl_list) for key_sl_list
    key.o(.ARM.exidx.text.KeyDetect) refers to key.o(.text.KeyDetect) for [Anonymous Symbol]
    key.o(.text.KeyProcess) refers to key.o(.bss.KeyProcess.keytick) for KeyProcess.keytick
    key.o(.text.KeyProcess) refers to key.o(.text.KeyDetect) for KeyDetect
    key.o(.ARM.exidx.text.KeyProcess) refers to key.o(.text.KeyProcess) for [Anonymous Symbol]
    sl_list.o(.ARM.exidx.text.sl_list_init) refers to sl_list.o(.text.sl_list_init) for [Anonymous Symbol]
    sl_list.o(.ARM.exidx.text.sl_list_cnt) refers to sl_list.o(.text.sl_list_cnt) for [Anonymous Symbol]
    sl_list.o(.ARM.exidx.text.sl_list_append) refers to sl_list.o(.text.sl_list_append) for [Anonymous Symbol]
    sl_list.o(.ARM.exidx.text.sl_list_insert) refers to sl_list.o(.text.sl_list_insert) for [Anonymous Symbol]
    sl_list.o(.ARM.exidx.text.sl_list_remove) refers to sl_list.o(.text.sl_list_remove) for [Anonymous Symbol]
    sl_list.o(.ARM.exidx.text.sl_list_tail) refers to sl_list.o(.text.sl_list_tail) for [Anonymous Symbol]
    sl_list.o(.ARM.exidx.text.sl_list_next) refers to sl_list.o(.text.sl_list_next) for [Anonymous Symbol]
    sl_list.o(.ARM.exidx.text.sl_list_offet) refers to sl_list.o(.text.sl_list_offet) for [Anonymous Symbol]
    ext_flash.o(.text.FlashInit) refers to ext_flash.o(.rodata.str1.1) for .L.str
    ext_flash.o(.text.FlashInit) refers to mallocr.o(i.__malloc$realloc) for malloc
    ext_flash.o(.text.FlashInit) refers to memseta.o(.text) for __aeabi_memset
    ext_flash.o(.text.FlashInit) refers to fwrite.o(i.fwrite) for fwrite
    ext_flash.o(.text.FlashInit) refers to mallocr.o(i.__free$realloc) for free
    ext_flash.o(.ARM.exidx.text.FlashInit) refers to ext_flash.o(.text.FlashInit) for [Anonymous Symbol]
    ext_flash.o(.text.flash_sector_erase) refers to mallocr.o(i.__malloc$realloc) for malloc
    ext_flash.o(.text.flash_sector_erase) refers to memseta.o(.text) for __aeabi_memset
    ext_flash.o(.text.flash_sector_erase) refers to ext_flash.o(.rodata.str1.1) for .L.str
    ext_flash.o(.text.flash_sector_erase) refers to fwrite.o(i.fwrite) for fwrite
    ext_flash.o(.ARM.exidx.text.flash_sector_erase) refers to ext_flash.o(.text.flash_sector_erase) for [Anonymous Symbol]
    ext_flash.o(.text.flash_sector_read) refers to ext_flash.o(.rodata.str1.1) for .L.str
    ext_flash.o(.text.flash_sector_read) refers to fread.o(i.fread) for fread
    ext_flash.o(.ARM.exidx.text.flash_sector_read) refers to ext_flash.o(.text.flash_sector_read) for [Anonymous Symbol]
    ext_flash.o(.text.flash_sector_write) refers to ext_flash.o(.rodata.str1.1) for .L.str
    ext_flash.o(.text.flash_sector_write) refers to fwrite.o(i.fwrite) for fwrite
    ext_flash.o(.ARM.exidx.text.flash_sector_write) refers to ext_flash.o(.text.flash_sector_write) for [Anonymous Symbol]
    ext_flash.o(.ARM.exidx.text.flash_sector_size) refers to ext_flash.o(.text.flash_sector_size) for [Anonymous Symbol]
    ext_flash.o(.ARM.exidx.text.flash_memory_size) refers to ext_flash.o(.text.flash_memory_size) for [Anonymous Symbol]
    ffsystem.o(.text.ff_cre_syncobj) refers to ffsystem.o(.bss.ff_cre_syncobj.ff_mutex) for ff_cre_syncobj.ff_mutex
    ffsystem.o(.text.ff_cre_syncobj) refers to ipc.o(.text.rt_mutex_init) for rt_mutex_init
    ffsystem.o(.ARM.exidx.text.ff_cre_syncobj) refers to ffsystem.o(.text.ff_cre_syncobj) for [Anonymous Symbol]
    ffsystem.o(.text.ff_del_syncobj) refers to ipc.o(.text.rt_mutex_detach) for rt_mutex_detach
    ffsystem.o(.ARM.exidx.text.ff_del_syncobj) refers to ffsystem.o(.text.ff_del_syncobj) for [Anonymous Symbol]
    ffsystem.o(.text.ff_req_grant) refers to ipc.o(.text.rt_mutex_take) for rt_mutex_take
    ffsystem.o(.ARM.exidx.text.ff_req_grant) refers to ffsystem.o(.text.ff_req_grant) for [Anonymous Symbol]
    ffsystem.o(.text.ff_rel_grant) refers to ipc.o(.text.rt_mutex_release) for rt_mutex_release
    ffsystem.o(.ARM.exidx.text.ff_rel_grant) refers to ffsystem.o(.text.ff_rel_grant) for [Anonymous Symbol]
    flashfs.o(.text.f_mkfs) refers to memseta.o(.text) for __aeabi_memclr4
    flashfs.o(.text.f_mkfs) refers to ext_flash.o(.text.flash_sector_size) for flash_sector_size
    flashfs.o(.text.f_mkfs) refers to ext_flash_1.o(.text.flash_sector_size) for flash_sector_size
    flashfs.o(.text.f_mkfs) refers to ext_flash.o(.text.flash_memory_size) for flash_memory_size
    flashfs.o(.text.f_mkfs) refers to ext_flash_1.o(.text.flash_memory_size) for flash_memory_size
    flashfs.o(.text.f_mkfs) refers to mallocr.o(i.__malloc$realloc) for malloc
    flashfs.o(.text.f_mkfs) refers to ext_flash.o(.text.flash_sector_erase) for flash_sector_erase
    flashfs.o(.text.f_mkfs) refers to ext_flash_1.o(.text.flash_sector_erase) for flash_sector_erase
    flashfs.o(.text.f_mkfs) refers to flashfs.o(.text.f_savefs) for f_savefs
    flashfs.o(.text.f_mkfs) refers to mallocr.o(i.__free$realloc) for free
    flashfs.o(.ARM.exidx.text.f_mkfs) refers to flashfs.o(.text.f_mkfs) for [Anonymous Symbol]
    flashfs.o(.text.f_savefs) refers to flashfs.o(.text.Crc8) for Crc8
    flashfs.o(.text.f_savefs) refers to ext_flash.o(.text.flash_sector_erase) for flash_sector_erase
    flashfs.o(.text.f_savefs) refers to ext_flash_1.o(.text.flash_sector_erase) for flash_sector_erase
    flashfs.o(.text.f_savefs) refers to ext_flash.o(.text.flash_sector_write) for flash_sector_write
    flashfs.o(.text.f_savefs) refers to ext_flash_1.o(.text.flash_sector_write) for flash_sector_write
    flashfs.o(.text.f_savefs) refers to memseta.o(.text) for __aeabi_memclr
    flashfs.o(.text.f_savefs) refers to ext_flash.o(.text.flash_sector_read) for flash_sector_read
    flashfs.o(.text.f_savefs) refers to ext_flash_1.o(.text.flash_sector_read) for flash_sector_read
    flashfs.o(.ARM.exidx.text.f_savefs) refers to flashfs.o(.text.f_savefs) for [Anonymous Symbol]
    flashfs.o(.text.f_mount) refers to flashfs.o(.bss.pfs_table) for pfs_table
    flashfs.o(.text.f_mount) refers to flashfs_1.o(.bss.pfs_table) for pfs_table
    flashfs.o(.text.f_mount) refers to memseta.o(.text) for __aeabi_memclr
    flashfs.o(.text.f_mount) refers to ext_flash.o(.text.flash_sector_read) for flash_sector_read
    flashfs.o(.text.f_mount) refers to ext_flash_1.o(.text.flash_sector_read) for flash_sector_read
    flashfs.o(.text.f_mount) refers to mallocr.o(i.__malloc$realloc) for malloc
    flashfs.o(.text.f_mount) refers to flashfs.o(.text.Crc8) for Crc8
    flashfs.o(.text.f_mount) refers to ffsystem.o(.text.ff_cre_syncobj) for ff_cre_syncobj
    flashfs.o(.ARM.exidx.text.f_mount) refers to flashfs.o(.text.f_mount) for [Anonymous Symbol]
    flashfs.o(.ARM.exidx.text.Crc8) refers to flashfs.o(.text.Crc8) for [Anonymous Symbol]
    flashfs.o(.text.f_unmount) refers to flashfs.o(.bss.pfs_table) for pfs_table
    flashfs.o(.text.f_unmount) refers to flashfs_1.o(.bss.pfs_table) for pfs_table
    flashfs.o(.text.f_unmount) refers to mallocr.o(i.__free$realloc) for free
    flashfs.o(.text.f_unmount) refers to ffsystem.o(.text.ff_del_syncobj) for ff_del_syncobj
    flashfs.o(.ARM.exidx.text.f_unmount) refers to flashfs.o(.text.f_unmount) for [Anonymous Symbol]
    flashfs.o(.text.f_open) refers to flashfs.o(.rodata.str1.1) for .L.str
    flashfs.o(.text.f_open) refers to printf3.o(i.__0sprintf$3) for __2sprintf
    flashfs.o(.text.f_open) refers to strlen.o(.text) for strlen
    flashfs.o(.text.f_open) refers to strncmp.o(.text) for strncmp
    flashfs.o(.text.f_open) refers to flashfs.o(.bss.pfs_table) for pfs_table
    flashfs.o(.text.f_open) refers to flashfs_1.o(.bss.pfs_table) for pfs_table
    flashfs.o(.text.f_open) refers to ffsystem.o(.text.ff_req_grant) for ff_req_grant
    flashfs.o(.text.f_open) refers to strchr.o(.text) for strchr
    flashfs.o(.text.f_open) refers to mallocr.o(i.__free$realloc) for free
    flashfs.o(.text.f_open) refers to mallocr.o(i.__malloc$realloc) for malloc
    flashfs.o(.text.f_open) refers to memseta.o(.text) for __aeabi_memclr
    flashfs.o(.text.f_open) refers to memcpya.o(.text) for __aeabi_memcpy
    flashfs.o(.text.f_open) refers to flashfs.o(.text.f_file_search) for f_file_search
    flashfs.o(.text.f_open) refers to ext_flash.o(.text.flash_sector_read) for flash_sector_read
    flashfs.o(.text.f_open) refers to ext_flash_1.o(.text.flash_sector_read) for flash_sector_read
    flashfs.o(.text.f_open) refers to flashfs.o(.text.f_get_free_clust) for f_get_free_clust
    flashfs.o(.text.f_open) refers to flashfs.o(.text.f_set_clust) for f_set_clust
    flashfs.o(.text.f_open) refers to flashfs.o(.text.f_file_free_scan) for f_file_free_scan
    flashfs.o(.text.f_open) refers to ext_flash.o(.text.flash_sector_erase) for flash_sector_erase
    flashfs.o(.text.f_open) refers to ext_flash_1.o(.text.flash_sector_erase) for flash_sector_erase
    flashfs.o(.text.f_open) refers to ext_flash.o(.text.flash_sector_write) for flash_sector_write
    flashfs.o(.text.f_open) refers to ext_flash_1.o(.text.flash_sector_write) for flash_sector_write
    flashfs.o(.text.f_open) refers to strstr.o(.text) for strstr
    flashfs.o(.text.f_open) refers to ffsystem.o(.text.ff_rel_grant) for ff_rel_grant
    flashfs.o(.ARM.exidx.text.f_open) refers to flashfs.o(.text.f_open) for [Anonymous Symbol]
    flashfs.o(.text.f_file_search) refers to mallocr.o(i.__free$realloc) for free
    flashfs.o(.text.f_file_search) refers to flashfs.o(.text.f_file_scan) for f_file_scan
    flashfs.o(.text.f_file_search) refers to strlen.o(.text) for strlen
    flashfs.o(.text.f_file_search) refers to memcmp.o(.text) for memcmp
    flashfs.o(.ARM.exidx.text.f_file_search) refers to flashfs.o(.text.f_file_search) for [Anonymous Symbol]
    flashfs.o(.ARM.exidx.text.f_get_free_clust) refers to flashfs.o(.text.f_get_free_clust) for [Anonymous Symbol]
    flashfs.o(.ARM.exidx.text.f_set_clust) refers to flashfs.o(.text.f_set_clust) for [Anonymous Symbol]
    flashfs.o(.text.f_file_free_scan) refers to ext_flash.o(.text.flash_sector_read) for flash_sector_read
    flashfs.o(.text.f_file_free_scan) refers to ext_flash_1.o(.text.flash_sector_read) for flash_sector_read
    flashfs.o(.text.f_file_free_scan) refers to flashfs.o(.text.f_get_free_clust) for f_get_free_clust
    flashfs.o(.text.f_file_free_scan) refers to flashfs.o(.text.f_set_clust) for f_set_clust
    flashfs.o(.ARM.exidx.text.f_file_free_scan) refers to flashfs.o(.text.f_file_free_scan) for [Anonymous Symbol]
    flashfs.o(.text.f_close) refers to ffsystem.o(.text.ff_req_grant) for ff_req_grant
    flashfs.o(.text.f_close) refers to ext_flash.o(.text.flash_sector_read) for flash_sector_read
    flashfs.o(.text.f_close) refers to ext_flash_1.o(.text.flash_sector_read) for flash_sector_read
    flashfs.o(.text.f_close) refers to mallocr.o(i.__malloc$realloc) for malloc
    flashfs.o(.text.f_close) refers to ext_flash.o(.text.flash_sector_erase) for flash_sector_erase
    flashfs.o(.text.f_close) refers to ext_flash_1.o(.text.flash_sector_erase) for flash_sector_erase
    flashfs.o(.text.f_close) refers to ext_flash.o(.text.flash_sector_write) for flash_sector_write
    flashfs.o(.text.f_close) refers to ext_flash_1.o(.text.flash_sector_write) for flash_sector_write
    flashfs.o(.text.f_close) refers to mallocr.o(i.__free$realloc) for free
    flashfs.o(.text.f_close) refers to flashfs.o(.text.f_savefs) for f_savefs
    flashfs.o(.text.f_close) refers to ffsystem.o(.text.ff_rel_grant) for ff_rel_grant
    flashfs.o(.ARM.exidx.text.f_close) refers to flashfs.o(.text.f_close) for [Anonymous Symbol]
    flashfs.o(.text.f_read) refers to ffsystem.o(.text.ff_req_grant) for ff_req_grant
    flashfs.o(.text.f_read) refers to flashfs.o(.text.f_get_cur_clust) for f_get_cur_clust
    flashfs.o(.text.f_read) refers to ext_flash.o(.text.flash_sector_read) for flash_sector_read
    flashfs.o(.text.f_read) refers to ext_flash_1.o(.text.flash_sector_read) for flash_sector_read
    flashfs.o(.text.f_read) refers to ffsystem.o(.text.ff_rel_grant) for ff_rel_grant
    flashfs.o(.ARM.exidx.text.f_read) refers to flashfs.o(.text.f_read) for [Anonymous Symbol]
    flashfs.o(.ARM.exidx.text.f_get_cur_clust) refers to flashfs.o(.text.f_get_cur_clust) for [Anonymous Symbol]
    flashfs.o(.text.f_readline) refers to ffsystem.o(.text.ff_req_grant) for ff_req_grant
    flashfs.o(.text.f_readline) refers to flashfs.o(.text.f_get_cur_clust) for f_get_cur_clust
    flashfs.o(.text.f_readline) refers to mallocr.o(i.__malloc$realloc) for malloc
    flashfs.o(.text.f_readline) refers to ext_flash.o(.text.flash_sector_read) for flash_sector_read
    flashfs.o(.text.f_readline) refers to ext_flash_1.o(.text.flash_sector_read) for flash_sector_read
    flashfs.o(.text.f_readline) refers to mallocr.o(i.realloc) for realloc
    flashfs.o(.text.f_readline) refers to mallocr.o(i.__free$realloc) for free
    flashfs.o(.text.f_readline) refers to ffsystem.o(.text.ff_rel_grant) for ff_rel_grant
    flashfs.o(.ARM.exidx.text.f_readline) refers to flashfs.o(.text.f_readline) for [Anonymous Symbol]
    flashfs.o(.text.f_write) refers to ffsystem.o(.text.ff_req_grant) for ff_req_grant
    flashfs.o(.text.f_write) refers to ext_flash.o(.text.flash_sector_write) for flash_sector_write
    flashfs.o(.text.f_write) refers to ext_flash_1.o(.text.flash_sector_write) for flash_sector_write
    flashfs.o(.text.f_write) refers to flashfs.o(.text.f_get_free_clust) for f_get_free_clust
    flashfs.o(.text.f_write) refers to flashfs.o(.text.f_set_clust) for f_set_clust
    flashfs.o(.text.f_write) refers to ext_flash.o(.text.flash_sector_erase) for flash_sector_erase
    flashfs.o(.text.f_write) refers to ext_flash_1.o(.text.flash_sector_erase) for flash_sector_erase
    flashfs.o(.text.f_write) refers to flashfs.o(.text.f_get_cur_clust) for f_get_cur_clust
    flashfs.o(.text.f_write) refers to mallocr.o(i.__malloc$realloc) for malloc
    flashfs.o(.text.f_write) refers to ext_flash.o(.text.flash_sector_read) for flash_sector_read
    flashfs.o(.text.f_write) refers to ext_flash_1.o(.text.flash_sector_read) for flash_sector_read
    flashfs.o(.text.f_write) refers to mallocr.o(i.__free$realloc) for free
    flashfs.o(.text.f_write) refers to ffsystem.o(.text.ff_rel_grant) for ff_rel_grant
    flashfs.o(.ARM.exidx.text.f_write) refers to flashfs.o(.text.f_write) for [Anonymous Symbol]
    flashfs.o(.text.f_lseek) refers to ffsystem.o(.text.ff_req_grant) for ff_req_grant
    flashfs.o(.text.f_lseek) refers to flashfs.o(.text.f_get_cur_clust) for f_get_cur_clust
    flashfs.o(.text.f_lseek) refers to ffsystem.o(.text.ff_rel_grant) for ff_rel_grant
    flashfs.o(.ARM.exidx.text.f_lseek) refers to flashfs.o(.text.f_lseek) for [Anonymous Symbol]
    flashfs.o(.text.f_unlink) refers to flashfs.o(.rodata.str1.1) for .L.str
    flashfs.o(.text.f_unlink) refers to printf3.o(i.__0sprintf$3) for __2sprintf
    flashfs.o(.text.f_unlink) refers to strlen.o(.text) for strlen
    flashfs.o(.text.f_unlink) refers to strncmp.o(.text) for strncmp
    flashfs.o(.text.f_unlink) refers to flashfs.o(.bss.pfs_table) for pfs_table
    flashfs.o(.text.f_unlink) refers to flashfs_1.o(.bss.pfs_table) for pfs_table
    flashfs.o(.text.f_unlink) refers to ffsystem.o(.text.ff_req_grant) for ff_req_grant
    flashfs.o(.text.f_unlink) refers to strchr.o(.text) for strchr
    flashfs.o(.text.f_unlink) refers to mallocr.o(i.__malloc$realloc) for malloc
    flashfs.o(.text.f_unlink) refers to memseta.o(.text) for __aeabi_memclr
    flashfs.o(.text.f_unlink) refers to memcpya.o(.text) for __aeabi_memcpy
    flashfs.o(.text.f_unlink) refers to flashfs.o(.text.f_file_search) for f_file_search
    flashfs.o(.text.f_unlink) refers to mallocr.o(i.__free$realloc) for free
    flashfs.o(.text.f_unlink) refers to ext_flash.o(.text.flash_sector_read) for flash_sector_read
    flashfs.o(.text.f_unlink) refers to ext_flash_1.o(.text.flash_sector_read) for flash_sector_read
    flashfs.o(.text.f_unlink) refers to ffsystem.o(.text.ff_rel_grant) for ff_rel_grant
    flashfs.o(.text.f_unlink) refers to flashfs.o(.text.f_floder_isfree) for f_floder_isfree
    flashfs.o(.text.f_unlink) refers to flashfs.o(.text.f_set_free_clust) for f_set_free_clust
    flashfs.o(.text.f_unlink) refers to flashfs.o(.text.f_savefs) for f_savefs
    flashfs.o(.text.f_unlink) refers to ext_flash.o(.text.flash_sector_erase) for flash_sector_erase
    flashfs.o(.text.f_unlink) refers to ext_flash_1.o(.text.flash_sector_erase) for flash_sector_erase
    flashfs.o(.text.f_unlink) refers to ext_flash.o(.text.flash_sector_write) for flash_sector_write
    flashfs.o(.text.f_unlink) refers to ext_flash_1.o(.text.flash_sector_write) for flash_sector_write
    flashfs.o(.ARM.exidx.text.f_unlink) refers to flashfs.o(.text.f_unlink) for [Anonymous Symbol]
    flashfs.o(.ARM.exidx.text.f_set_free_clust) refers to flashfs.o(.text.f_set_free_clust) for [Anonymous Symbol]
    flashfs.o(.text.f_floder_isfree) refers to ext_flash.o(.text.flash_sector_read) for flash_sector_read
    flashfs.o(.text.f_floder_isfree) refers to ext_flash_1.o(.text.flash_sector_read) for flash_sector_read
    flashfs.o(.ARM.exidx.text.f_floder_isfree) refers to flashfs.o(.text.f_floder_isfree) for [Anonymous Symbol]
    flashfs.o(.text.f_rename) refers to flashfs.o(.rodata.str1.1) for .L.str
    flashfs.o(.text.f_rename) refers to printf3.o(i.__0sprintf$3) for __2sprintf
    flashfs.o(.text.f_rename) refers to strlen.o(.text) for strlen
    flashfs.o(.text.f_rename) refers to strncmp.o(.text) for strncmp
    flashfs.o(.text.f_rename) refers to flashfs.o(.bss.pfs_table) for pfs_table
    flashfs.o(.text.f_rename) refers to flashfs_1.o(.bss.pfs_table) for pfs_table
    flashfs.o(.text.f_rename) refers to ffsystem.o(.text.ff_req_grant) for ff_req_grant
    flashfs.o(.text.f_rename) refers to flashfs.o(.text.f_open) for f_open
    flashfs.o(.text.f_rename) refers to flashfs_1.o(.text.f_open) for f_open
    flashfs.o(.text.f_rename) refers to ffsystem.o(.text.ff_rel_grant) for ff_rel_grant
    flashfs.o(.text.f_rename) refers to flashfs.o(.text.f_close) for f_close
    flashfs.o(.text.f_rename) refers to flashfs_1.o(.text.f_close) for f_close
    flashfs.o(.text.f_rename) refers to strchr.o(.text) for strchr
    flashfs.o(.text.f_rename) refers to mallocr.o(i.__malloc$realloc) for malloc
    flashfs.o(.text.f_rename) refers to memseta.o(.text) for __aeabi_memclr
    flashfs.o(.text.f_rename) refers to memcpya.o(.text) for __aeabi_memcpy
    flashfs.o(.text.f_rename) refers to flashfs.o(.text.f_file_search) for f_file_search
    flashfs.o(.text.f_rename) refers to mallocr.o(i.__free$realloc) for free
    flashfs.o(.text.f_rename) refers to ext_flash.o(.text.flash_sector_read) for flash_sector_read
    flashfs.o(.text.f_rename) refers to ext_flash_1.o(.text.flash_sector_read) for flash_sector_read
    flashfs.o(.text.f_rename) refers to ext_flash.o(.text.flash_sector_write) for flash_sector_write
    flashfs.o(.text.f_rename) refers to ext_flash_1.o(.text.flash_sector_write) for flash_sector_write
    flashfs.o(.ARM.exidx.text.f_rename) refers to flashfs.o(.text.f_rename) for [Anonymous Symbol]
    flashfs.o(.text.f_getfree) refers to ffsystem.o(.text.ff_req_grant) for ff_req_grant
    flashfs.o(.text.f_getfree) refers to ffsystem.o(.text.ff_rel_grant) for ff_rel_grant
    flashfs.o(.ARM.exidx.text.f_getfree) refers to flashfs.o(.text.f_getfree) for [Anonymous Symbol]
    flashfs.o(.text.f_ls) refers to memseta.o(.text) for __aeabi_memclr
    flashfs.o(.text.f_ls) refers to flashfs.o(.text.f_open) for f_open
    flashfs.o(.text.f_ls) refers to flashfs_1.o(.text.f_open) for f_open
    flashfs.o(.text.f_ls) refers to flashfs.o(.text.f_close) for f_close
    flashfs.o(.text.f_ls) refers to flashfs_1.o(.text.f_close) for f_close
    flashfs.o(.text.f_ls) refers to ffsystem.o(.text.ff_req_grant) for ff_req_grant
    flashfs.o(.text.f_ls) refers to flashfs.o(.text.f_get_cur_clust) for f_get_cur_clust
    flashfs.o(.text.f_ls) refers to flashfs.o(.text.f_file_scan) for f_file_scan
    flashfs.o(.text.f_ls) refers to ffsystem.o(.text.ff_rel_grant) for ff_rel_grant
    flashfs.o(.text.f_ls) refers to strlen.o(.text) for strlen
    flashfs.o(.text.f_ls) refers to printf3.o(i.__0sprintf$3) for __2sprintf
    flashfs.o(.text.f_ls) refers to mallocr.o(i.__free$realloc) for free
    flashfs.o(.ARM.exidx.text.f_ls) refers to flashfs.o(.text.f_ls) for [Anonymous Symbol]
    flashfs.o(.text.f_file_scan) refers to mallocr.o(i.__malloc$realloc) for malloc
    flashfs.o(.text.f_file_scan) refers to memseta.o(.text) for __aeabi_memclr
    flashfs.o(.text.f_file_scan) refers to ext_flash.o(.text.flash_sector_read) for flash_sector_read
    flashfs.o(.text.f_file_scan) refers to ext_flash_1.o(.text.flash_sector_read) for flash_sector_read
    flashfs.o(.ARM.exidx.text.f_file_scan) refers to flashfs.o(.text.f_file_scan) for [Anonymous Symbol]
    fifolist.o(.text.fifo_register) refers to mem.o(.text.rt_malloc) for rt_malloc
    fifolist.o(.text.fifo_register) refers to fifolist.o(.bss.pfifolist) for pfifolist
    fifolist.o(.text.fifo_register) refers to mem.o(.text.rt_free) for rt_free
    fifolist.o(.ARM.exidx.text.fifo_register) refers to fifolist.o(.text.fifo_register) for [Anonymous Symbol]
    fifolist.o(.text.fifo_unregister) refers to fifolist.o(.bss.pfifolist) for pfifolist
    fifolist.o(.text.fifo_unregister) refers to mem.o(.text.rt_free) for rt_free
    fifolist.o(.ARM.exidx.text.fifo_unregister) refers to fifolist.o(.text.fifo_unregister) for [Anonymous Symbol]
    fifolist.o(.text.fifo_clear) refers to fifolist.o(.bss.pfifolist) for pfifolist
    fifolist.o(.ARM.exidx.text.fifo_clear) refers to fifolist.o(.text.fifo_clear) for [Anonymous Symbol]
    fifolist.o(.text.fifo_get_char) refers to fifolist.o(.bss.pfifolist) for pfifolist
    fifolist.o(.ARM.exidx.text.fifo_get_char) refers to fifolist.o(.text.fifo_get_char) for [Anonymous Symbol]
    fifolist.o(.text.fifo_fill) refers to fifolist.o(.bss.pfifolist) for pfifolist
    fifolist.o(.ARM.exidx.text.fifo_fill) refers to fifolist.o(.text.fifo_fill) for [Anonymous Symbol]
    powerkey.o(.ARM.exidx.text.PowerOnMotorCb) refers to powerkey.o(.text.PowerOnMotorCb) for [Anonymous Symbol]
    powerkey.o(.ARM.exidx.text.PowerOffMotorCb) refers to powerkey.o(.text.PowerOffMotorCb) for [Anonymous Symbol]
    powerkey.o(.text.PowerKeyDetect) refers to gd32f30x_gpio.o(.text.gpio_input_bit_get) for gpio_input_bit_get
    powerkey.o(.ARM.exidx.text.PowerKeyDetect) refers to powerkey.o(.text.PowerKeyDetect) for [Anonymous Symbol]
    powerkey.o(.ARM.exidx.text.PowerKeyShortPress) refers to powerkey.o(.text.PowerKeyShortPress) for [Anonymous Symbol]
    powerkey.o(.ARM.exidx.text.PowerKeyShortRelease) refers to powerkey.o(.text.PowerKeyShortRelease) for [Anonymous Symbol]
    powerkey.o(.ARM.exidx.text.PowerKeyLongPress) refers to powerkey.o(.text.PowerKeyLongPress) for [Anonymous Symbol]
    powerkey.o(.ARM.exidx.text.PowerKeyLongContinue) refers to powerkey.o(.text.PowerKeyLongContinue) for [Anonymous Symbol]
    powerkey.o(.ARM.exidx.text.PowerKeyLongRelease) refers to powerkey.o(.text.PowerKeyLongRelease) for [Anonymous Symbol]
    powerkey.o(.text.PowerKeyInit) refers to powerkey.o(.bss.power_key_info) for power_key_info
    powerkey.o(.text.PowerKeyInit) refers to powerkey.o(.rodata.PowerKeyCbBuf) for PowerKeyCbBuf
    powerkey.o(.text.PowerKeyInit) refers to powerkey.o(.bss.power_key_list) for power_key_list
    powerkey.o(.text.PowerKeyInit) refers to key.o(.text.KeyRegister) for KeyRegister
    powerkey.o(.ARM.exidx.text.PowerKeyInit) refers to powerkey.o(.text.PowerKeyInit) for [Anonymous Symbol]
    powerkey.o(.rodata.PowerKeyCbBuf) refers to powerkey.o(.text.PowerKeyDetect) for PowerKeyDetect
    powerkey.o(.rodata.PowerKeyCbBuf) refers to powerkey.o(.text.PowerKeyShortPress) for PowerKeyShortPress
    powerkey.o(.rodata.PowerKeyCbBuf) refers to powerkey.o(.text.PowerKeyShortRelease) for PowerKeyShortRelease
    powerkey.o(.rodata.PowerKeyCbBuf) refers to powerkey.o(.text.PowerKeyLongPress) for PowerKeyLongPress
    powerkey.o(.rodata.PowerKeyCbBuf) refers to powerkey.o(.text.PowerKeyLongContinue) for PowerKeyLongContinue
    powerkey.o(.rodata.PowerKeyCbBuf) refers to powerkey.o(.text.PowerKeyLongRelease) for PowerKeyLongRelease
    fatfs.o(.text.fatfs_init) refers to kservice.o(.text.rt_kprintf) for rt_kprintf
    fatfs.o(.text.fatfs_init) refers to fatfs.o(.bss.fs) for fs
    fatfs.o(.text.fatfs_init) refers to flashfs.o(.text.f_mount) for f_mount
    fatfs.o(.text.fatfs_init) refers to flashfs_1.o(.text.f_mount) for f_mount
    fatfs.o(.text.fatfs_init) refers to flashfs.o(.text.f_mkfs) for f_mkfs
    fatfs.o(.text.fatfs_init) refers to flashfs_1.o(.text.f_mkfs) for f_mkfs
    fatfs.o(.ARM.exidx.text.fatfs_init) refers to fatfs.o(.text.fatfs_init) for [Anonymous Symbol]
    fatfs.o(.text.fatfs_format) refers to flashfs.o(.text.f_mkfs) for f_mkfs
    fatfs.o(.text.fatfs_format) refers to flashfs_1.o(.text.f_mkfs) for f_mkfs
    fatfs.o(.text.fatfs_format) refers to kservice.o(.text.rt_kprintf) for rt_kprintf
    fatfs.o(.text.fatfs_format) refers to fatfs.o(.text.fatfs_init) for fatfs_init
    fatfs.o(.ARM.exidx.text.fatfs_format) refers to fatfs.o(.text.fatfs_format) for [Anonymous Symbol]
    fatfs.o(.text.fatfs_freesize) refers to fatfs.o(.bss.fs) for fs
    fatfs.o(.text.fatfs_freesize) refers to flashfs.o(.text.f_getfree) for f_getfree
    fatfs.o(.text.fatfs_freesize) refers to flashfs_1.o(.text.f_getfree) for f_getfree
    fatfs.o(.text.fatfs_freesize) refers to kservice.o(.text.rt_kprintf) for rt_kprintf
    fatfs.o(.ARM.exidx.text.fatfs_freesize) refers to fatfs.o(.text.fatfs_freesize) for [Anonymous Symbol]
    fatfs.o(.text.ls) refers to mem.o(.text.rt_malloc) for rt_malloc
    fatfs.o(.text.ls) refers to fatfs.o(.bss.fs) for fs
    fatfs.o(.text.ls) refers to memseta.o(.text) for __aeabi_memclr
    fatfs.o(.text.ls) refers to flashfs.o(.text.f_ls) for f_ls
    fatfs.o(.text.ls) refers to flashfs_1.o(.text.f_ls) for f_ls
    fatfs.o(.text.ls) refers to kservice.o(.text.rt_kprintf) for rt_kprintf
    fatfs.o(.text.ls) refers to mem.o(.text.rt_free) for rt_free
    fatfs.o(.ARM.exidx.text.ls) refers to fatfs.o(.text.ls) for [Anonymous Symbol]
    fatfs.o(.text.funlink) refers to flashfs.o(.text.f_unlink) for f_unlink
    fatfs.o(.text.funlink) refers to flashfs_1.o(.text.f_unlink) for f_unlink
    fatfs.o(.text.funlink) refers to kservice.o(.text.rt_kprintf) for rt_kprintf
    fatfs.o(.ARM.exidx.text.funlink) refers to fatfs.o(.text.funlink) for [Anonymous Symbol]
    fatfs.o(.text.sysfs_config_write) refers to strlen.o(.text) for strlen
    fatfs.o(.text.sysfs_config_write) refers to fatfs.o(.rodata.str1.1) for .L.str.7
    fatfs.o(.text.sysfs_config_write) refers to flashfs.o(.text.f_open) for f_open
    fatfs.o(.text.sysfs_config_write) refers to flashfs_1.o(.text.f_open) for f_open
    fatfs.o(.text.sysfs_config_write) refers to flashfs.o(.text.f_readline) for f_readline
    fatfs.o(.text.sysfs_config_write) refers to flashfs_1.o(.text.f_readline) for f_readline
    fatfs.o(.text.sysfs_config_write) refers to kservice.o(.text.rt_kprintf) for rt_kprintf
    fatfs.o(.text.sysfs_config_write) refers to strncmp.o(.text) for strncmp
    fatfs.o(.text.sysfs_config_write) refers to mem.o(.text.rt_malloc) for rt_malloc
    fatfs.o(.text.sysfs_config_write) refers to memseta.o(.text) for __aeabi_memclr
    fatfs.o(.text.sysfs_config_write) refers to printf3.o(i.__0sprintf$3) for __2sprintf
    fatfs.o(.text.sysfs_config_write) refers to flashfs.o(.text.f_write) for f_write
    fatfs.o(.text.sysfs_config_write) refers to flashfs_1.o(.text.f_write) for f_write
    fatfs.o(.text.sysfs_config_write) refers to mem.o(.text.rt_free) for rt_free
    fatfs.o(.text.sysfs_config_write) refers to flashfs.o(.text.f_close) for f_close
    fatfs.o(.text.sysfs_config_write) refers to flashfs_1.o(.text.f_close) for f_close
    fatfs.o(.text.sysfs_config_write) refers to flashfs.o(.text.f_unlink) for f_unlink
    fatfs.o(.text.sysfs_config_write) refers to flashfs_1.o(.text.f_unlink) for f_unlink
    fatfs.o(.text.sysfs_config_write) refers to flashfs.o(.text.f_rename) for f_rename
    fatfs.o(.text.sysfs_config_write) refers to flashfs_1.o(.text.f_rename) for f_rename
    fatfs.o(.ARM.exidx.text.sysfs_config_write) refers to fatfs.o(.text.sysfs_config_write) for [Anonymous Symbol]
    fatfs.o(.text.sysfs_config_read) refers to strlen.o(.text) for strlen
    fatfs.o(.text.sysfs_config_read) refers to fatfs.o(.rodata.str1.1) for .L.str.7
    fatfs.o(.text.sysfs_config_read) refers to flashfs.o(.text.f_open) for f_open
    fatfs.o(.text.sysfs_config_read) refers to flashfs_1.o(.text.f_open) for f_open
    fatfs.o(.text.sysfs_config_read) refers to flashfs.o(.text.f_readline) for f_readline
    fatfs.o(.text.sysfs_config_read) refers to flashfs_1.o(.text.f_readline) for f_readline
    fatfs.o(.text.sysfs_config_read) refers to kservice.o(.text.rt_kprintf) for rt_kprintf
    fatfs.o(.text.sysfs_config_read) refers to strncmp.o(.text) for strncmp
    fatfs.o(.text.sysfs_config_read) refers to mem.o(.text.rt_free) for rt_free
    fatfs.o(.text.sysfs_config_read) refers to flashfs.o(.text.f_close) for f_close
    fatfs.o(.text.sysfs_config_read) refers to flashfs_1.o(.text.f_close) for f_close
    fatfs.o(.ARM.exidx.text.sysfs_config_read) refers to fatfs.o(.text.sysfs_config_read) for [Anonymous Symbol]
    fatfs.o(FSymTab) refers to fatfs.o(.rodata.name) for __fsym___cmd_fatfs_format_name
    fatfs.o(FSymTab) refers to fatfs.o(.text.fatfs_format) for fatfs_format
    fatfs.o(FSymTab) refers to fatfs.o(.text.fatfs_freesize) for fatfs_freesize
    fatfs.o(FSymTab) refers to fatfs.o(.text.ls) for ls
    fatfs.o(FSymTab) refers to fatfs.o(.text.funlink) for funlink
    powerboard.o(.text.power_board_set_led) refers to gd32f30x_usart.o(.text.usart_data_transmit) for usart_data_transmit
    powerboard.o(.text.power_board_set_led) refers to gd32f30x_usart.o(.text.usart_flag_get) for usart_flag_get
    powerboard.o(.text.power_board_set_led) refers to powerboard.o(.bss.power_board) for power_board
    powerboard.o(.text.power_board_set_led) refers to clock.o(.text.rt_tick_get) for rt_tick_get
    powerboard.o(.ARM.exidx.text.power_board_set_led) refers to powerboard.o(.text.power_board_set_led) for [Anonymous Symbol]
    powerboard.o(.text.power_board_get_status) refers to gd32f30x_usart.o(.text.usart_data_transmit) for usart_data_transmit
    powerboard.o(.text.power_board_get_status) refers to gd32f30x_usart.o(.text.usart_flag_get) for usart_flag_get
    powerboard.o(.ARM.exidx.text.power_board_get_status) refers to powerboard.o(.text.power_board_get_status) for [Anonymous Symbol]
    powerboard.o(.text.power_board_init) refers to system.o(.text.UsartIrqInit) for UsartIrqInit
    powerboard.o(.text.power_board_init) refers to fifolist.o(.text.fifo_register) for fifo_register
    powerboard.o(.text.power_board_init) refers to powerboard.o(.bss.power_board) for power_board
    powerboard.o(.text.power_board_init) refers to clock.o(.text.rt_tick_get) for rt_tick_get
    powerboard.o(.ARM.exidx.text.power_board_init) refers to powerboard.o(.text.power_board_init) for [Anonymous Symbol]
    powerboard.o(.text.power_board_proc) refers to clock.o(.text.rt_tick_get) for rt_tick_get
    powerboard.o(.text.power_board_proc) refers to powerboard.o(.bss.power_board) for power_board
    powerboard.o(.text.power_board_proc) refers to powerboard.o(.text.power_board_get_status) for power_board_get_status
    powerboard.o(.text.power_board_proc) refers to powerboard.o(.text.power_board_set_led) for power_board_set_led
    powerboard.o(.text.power_board_proc) refers to fifolist.o(.text.fifo_get_char) for fifo_get_char
    powerboard.o(.ARM.exidx.text.power_board_proc) refers to powerboard.o(.text.power_board_proc) for [Anonymous Symbol]
    flash.o(.text.Flash_ErasePage) refers to gd32f30x_fmc.o(.text.fmc_unlock) for fmc_unlock
    flash.o(.text.Flash_ErasePage) refers to gd32f30x_fmc.o(.text.fmc_flag_clear) for fmc_flag_clear
    flash.o(.text.Flash_ErasePage) refers to gd32f30x_fmc.o(.text.fmc_page_erase) for fmc_page_erase
    flash.o(.text.Flash_ErasePage) refers to gd32f30x_fmc.o(.text.fmc_lock) for fmc_lock
    flash.o(.ARM.exidx.text.Flash_ErasePage) refers to flash.o(.text.Flash_ErasePage) for [Anonymous Symbol]
    flash.o(.text.Flash_Program) refers to gd32f30x_fmc.o(.text.fmc_unlock) for fmc_unlock
    flash.o(.text.Flash_Program) refers to gd32f30x_fmc.o(.text.fmc_halfword_program) for fmc_halfword_program
    flash.o(.text.Flash_Program) refers to gd32f30x_fmc.o(.text.fmc_flag_clear) for fmc_flag_clear
    flash.o(.text.Flash_Program) refers to gd32f30x_fmc.o(.text.fmc_word_program) for fmc_word_program
    flash.o(.text.Flash_Program) refers to gd32f30x_fmc.o(.text.fmc_lock) for fmc_lock
    flash.o(.ARM.exidx.text.Flash_Program) refers to flash.o(.text.Flash_Program) for [Anonymous Symbol]
    ext_flash_1.o(.text.FlashInit) refers to ext_flash_1.o(.rodata.str1.1) for .L.str
    ext_flash_1.o(.text.FlashInit) refers to mallocr.o(i.__malloc$realloc) for malloc
    ext_flash_1.o(.text.FlashInit) refers to memseta.o(.text) for __aeabi_memset
    ext_flash_1.o(.text.FlashInit) refers to fwrite.o(i.fwrite) for fwrite
    ext_flash_1.o(.text.FlashInit) refers to mallocr.o(i.__free$realloc) for free
    ext_flash_1.o(.ARM.exidx.text.FlashInit) refers to ext_flash_1.o(.text.FlashInit) for [Anonymous Symbol]
    ext_flash_1.o(.text.flash_sector_erase) refers to mallocr.o(i.__malloc$realloc) for malloc
    ext_flash_1.o(.text.flash_sector_erase) refers to memseta.o(.text) for __aeabi_memset
    ext_flash_1.o(.text.flash_sector_erase) refers to ext_flash_1.o(.rodata.str1.1) for .L.str
    ext_flash_1.o(.text.flash_sector_erase) refers to fwrite.o(i.fwrite) for fwrite
    ext_flash_1.o(.ARM.exidx.text.flash_sector_erase) refers to ext_flash_1.o(.text.flash_sector_erase) for [Anonymous Symbol]
    ext_flash_1.o(.text.flash_sector_read) refers to ext_flash_1.o(.rodata.str1.1) for .L.str
    ext_flash_1.o(.text.flash_sector_read) refers to fread.o(i.fread) for fread
    ext_flash_1.o(.ARM.exidx.text.flash_sector_read) refers to ext_flash_1.o(.text.flash_sector_read) for [Anonymous Symbol]
    ext_flash_1.o(.text.flash_sector_write) refers to ext_flash_1.o(.rodata.str1.1) for .L.str
    ext_flash_1.o(.text.flash_sector_write) refers to fwrite.o(i.fwrite) for fwrite
    ext_flash_1.o(.ARM.exidx.text.flash_sector_write) refers to ext_flash_1.o(.text.flash_sector_write) for [Anonymous Symbol]
    ext_flash_1.o(.ARM.exidx.text.flash_sector_size) refers to ext_flash_1.o(.text.flash_sector_size) for [Anonymous Symbol]
    ext_flash_1.o(.ARM.exidx.text.flash_memory_size) refers to ext_flash_1.o(.text.flash_memory_size) for [Anonymous Symbol]
    flashfs_1.o(.text.f_mkfs) refers to memseta.o(.text) for __aeabi_memclr4
    flashfs_1.o(.text.f_mkfs) refers to ext_flash.o(.text.flash_sector_size) for flash_sector_size
    flashfs_1.o(.text.f_mkfs) refers to ext_flash_1.o(.text.flash_sector_size) for flash_sector_size
    flashfs_1.o(.text.f_mkfs) refers to ext_flash.o(.text.flash_memory_size) for flash_memory_size
    flashfs_1.o(.text.f_mkfs) refers to ext_flash_1.o(.text.flash_memory_size) for flash_memory_size
    flashfs_1.o(.text.f_mkfs) refers to mallocr.o(i.__malloc$realloc) for malloc
    flashfs_1.o(.text.f_mkfs) refers to ext_flash.o(.text.flash_sector_erase) for flash_sector_erase
    flashfs_1.o(.text.f_mkfs) refers to ext_flash_1.o(.text.flash_sector_erase) for flash_sector_erase
    flashfs_1.o(.text.f_mkfs) refers to flashfs_1.o(.text.f_savefs) for f_savefs
    flashfs_1.o(.text.f_mkfs) refers to mallocr.o(i.__free$realloc) for free
    flashfs_1.o(.ARM.exidx.text.f_mkfs) refers to flashfs_1.o(.text.f_mkfs) for [Anonymous Symbol]
    flashfs_1.o(.text.f_savefs) refers to flashfs_1.o(.text.Crc8) for Crc8
    flashfs_1.o(.text.f_savefs) refers to ext_flash.o(.text.flash_sector_erase) for flash_sector_erase
    flashfs_1.o(.text.f_savefs) refers to ext_flash_1.o(.text.flash_sector_erase) for flash_sector_erase
    flashfs_1.o(.text.f_savefs) refers to ext_flash.o(.text.flash_sector_write) for flash_sector_write
    flashfs_1.o(.text.f_savefs) refers to ext_flash_1.o(.text.flash_sector_write) for flash_sector_write
    flashfs_1.o(.text.f_savefs) refers to memseta.o(.text) for __aeabi_memclr
    flashfs_1.o(.text.f_savefs) refers to ext_flash.o(.text.flash_sector_read) for flash_sector_read
    flashfs_1.o(.text.f_savefs) refers to ext_flash_1.o(.text.flash_sector_read) for flash_sector_read
    flashfs_1.o(.ARM.exidx.text.f_savefs) refers to flashfs_1.o(.text.f_savefs) for [Anonymous Symbol]
    flashfs_1.o(.text.f_mount) refers to flashfs.o(.bss.pfs_table) for pfs_table
    flashfs_1.o(.text.f_mount) refers to flashfs_1.o(.bss.pfs_table) for pfs_table
    flashfs_1.o(.text.f_mount) refers to memseta.o(.text) for __aeabi_memclr
    flashfs_1.o(.text.f_mount) refers to ext_flash.o(.text.flash_sector_read) for flash_sector_read
    flashfs_1.o(.text.f_mount) refers to ext_flash_1.o(.text.flash_sector_read) for flash_sector_read
    flashfs_1.o(.text.f_mount) refers to mallocr.o(i.__malloc$realloc) for malloc
    flashfs_1.o(.text.f_mount) refers to flashfs_1.o(.text.Crc8) for Crc8
    flashfs_1.o(.text.f_mount) refers to ffsystem.o(.text.ff_cre_syncobj) for ff_cre_syncobj
    flashfs_1.o(.ARM.exidx.text.f_mount) refers to flashfs_1.o(.text.f_mount) for [Anonymous Symbol]
    flashfs_1.o(.ARM.exidx.text.Crc8) refers to flashfs_1.o(.text.Crc8) for [Anonymous Symbol]
    flashfs_1.o(.text.f_unmount) refers to flashfs.o(.bss.pfs_table) for pfs_table
    flashfs_1.o(.text.f_unmount) refers to flashfs_1.o(.bss.pfs_table) for pfs_table
    flashfs_1.o(.text.f_unmount) refers to mallocr.o(i.__free$realloc) for free
    flashfs_1.o(.text.f_unmount) refers to ffsystem.o(.text.ff_del_syncobj) for ff_del_syncobj
    flashfs_1.o(.ARM.exidx.text.f_unmount) refers to flashfs_1.o(.text.f_unmount) for [Anonymous Symbol]
    flashfs_1.o(.text.f_open) refers to flashfs_1.o(.rodata.str1.1) for .L.str
    flashfs_1.o(.text.f_open) refers to printf3.o(i.__0sprintf$3) for __2sprintf
    flashfs_1.o(.text.f_open) refers to strlen.o(.text) for strlen
    flashfs_1.o(.text.f_open) refers to strncmp.o(.text) for strncmp
    flashfs_1.o(.text.f_open) refers to flashfs.o(.bss.pfs_table) for pfs_table
    flashfs_1.o(.text.f_open) refers to flashfs_1.o(.bss.pfs_table) for pfs_table
    flashfs_1.o(.text.f_open) refers to ffsystem.o(.text.ff_req_grant) for ff_req_grant
    flashfs_1.o(.text.f_open) refers to strchr.o(.text) for strchr
    flashfs_1.o(.text.f_open) refers to mallocr.o(i.__free$realloc) for free
    flashfs_1.o(.text.f_open) refers to mallocr.o(i.__malloc$realloc) for malloc
    flashfs_1.o(.text.f_open) refers to memseta.o(.text) for __aeabi_memclr
    flashfs_1.o(.text.f_open) refers to memcpya.o(.text) for __aeabi_memcpy
    flashfs_1.o(.text.f_open) refers to flashfs_1.o(.text.f_file_search) for f_file_search
    flashfs_1.o(.text.f_open) refers to ext_flash.o(.text.flash_sector_read) for flash_sector_read
    flashfs_1.o(.text.f_open) refers to ext_flash_1.o(.text.flash_sector_read) for flash_sector_read
    flashfs_1.o(.text.f_open) refers to flashfs_1.o(.text.f_get_free_clust) for f_get_free_clust
    flashfs_1.o(.text.f_open) refers to flashfs_1.o(.text.f_set_clust) for f_set_clust
    flashfs_1.o(.text.f_open) refers to flashfs_1.o(.text.f_file_free_scan) for f_file_free_scan
    flashfs_1.o(.text.f_open) refers to ext_flash.o(.text.flash_sector_erase) for flash_sector_erase
    flashfs_1.o(.text.f_open) refers to ext_flash_1.o(.text.flash_sector_erase) for flash_sector_erase
    flashfs_1.o(.text.f_open) refers to ext_flash.o(.text.flash_sector_write) for flash_sector_write
    flashfs_1.o(.text.f_open) refers to ext_flash_1.o(.text.flash_sector_write) for flash_sector_write
    flashfs_1.o(.text.f_open) refers to strstr.o(.text) for strstr
    flashfs_1.o(.text.f_open) refers to ffsystem.o(.text.ff_rel_grant) for ff_rel_grant
    flashfs_1.o(.ARM.exidx.text.f_open) refers to flashfs_1.o(.text.f_open) for [Anonymous Symbol]
    flashfs_1.o(.text.f_file_search) refers to mallocr.o(i.__free$realloc) for free
    flashfs_1.o(.text.f_file_search) refers to flashfs_1.o(.text.f_file_scan) for f_file_scan
    flashfs_1.o(.text.f_file_search) refers to strlen.o(.text) for strlen
    flashfs_1.o(.text.f_file_search) refers to memcmp.o(.text) for memcmp
    flashfs_1.o(.ARM.exidx.text.f_file_search) refers to flashfs_1.o(.text.f_file_search) for [Anonymous Symbol]
    flashfs_1.o(.ARM.exidx.text.f_get_free_clust) refers to flashfs_1.o(.text.f_get_free_clust) for [Anonymous Symbol]
    flashfs_1.o(.ARM.exidx.text.f_set_clust) refers to flashfs_1.o(.text.f_set_clust) for [Anonymous Symbol]
    flashfs_1.o(.text.f_file_free_scan) refers to ext_flash.o(.text.flash_sector_read) for flash_sector_read
    flashfs_1.o(.text.f_file_free_scan) refers to ext_flash_1.o(.text.flash_sector_read) for flash_sector_read
    flashfs_1.o(.text.f_file_free_scan) refers to flashfs_1.o(.text.f_get_free_clust) for f_get_free_clust
    flashfs_1.o(.text.f_file_free_scan) refers to flashfs_1.o(.text.f_set_clust) for f_set_clust
    flashfs_1.o(.ARM.exidx.text.f_file_free_scan) refers to flashfs_1.o(.text.f_file_free_scan) for [Anonymous Symbol]
    flashfs_1.o(.text.f_close) refers to ffsystem.o(.text.ff_req_grant) for ff_req_grant
    flashfs_1.o(.text.f_close) refers to ext_flash.o(.text.flash_sector_read) for flash_sector_read
    flashfs_1.o(.text.f_close) refers to ext_flash_1.o(.text.flash_sector_read) for flash_sector_read
    flashfs_1.o(.text.f_close) refers to mallocr.o(i.__malloc$realloc) for malloc
    flashfs_1.o(.text.f_close) refers to ext_flash.o(.text.flash_sector_erase) for flash_sector_erase
    flashfs_1.o(.text.f_close) refers to ext_flash_1.o(.text.flash_sector_erase) for flash_sector_erase
    flashfs_1.o(.text.f_close) refers to ext_flash.o(.text.flash_sector_write) for flash_sector_write
    flashfs_1.o(.text.f_close) refers to ext_flash_1.o(.text.flash_sector_write) for flash_sector_write
    flashfs_1.o(.text.f_close) refers to mallocr.o(i.__free$realloc) for free
    flashfs_1.o(.text.f_close) refers to flashfs_1.o(.text.f_savefs) for f_savefs
    flashfs_1.o(.text.f_close) refers to ffsystem.o(.text.ff_rel_grant) for ff_rel_grant
    flashfs_1.o(.ARM.exidx.text.f_close) refers to flashfs_1.o(.text.f_close) for [Anonymous Symbol]
    flashfs_1.o(.text.f_read) refers to ffsystem.o(.text.ff_req_grant) for ff_req_grant
    flashfs_1.o(.text.f_read) refers to flashfs_1.o(.text.f_get_cur_clust) for f_get_cur_clust
    flashfs_1.o(.text.f_read) refers to ext_flash.o(.text.flash_sector_read) for flash_sector_read
    flashfs_1.o(.text.f_read) refers to ext_flash_1.o(.text.flash_sector_read) for flash_sector_read
    flashfs_1.o(.text.f_read) refers to ffsystem.o(.text.ff_rel_grant) for ff_rel_grant
    flashfs_1.o(.ARM.exidx.text.f_read) refers to flashfs_1.o(.text.f_read) for [Anonymous Symbol]
    flashfs_1.o(.ARM.exidx.text.f_get_cur_clust) refers to flashfs_1.o(.text.f_get_cur_clust) for [Anonymous Symbol]
    flashfs_1.o(.text.f_readline) refers to ffsystem.o(.text.ff_req_grant) for ff_req_grant
    flashfs_1.o(.text.f_readline) refers to flashfs_1.o(.text.f_get_cur_clust) for f_get_cur_clust
    flashfs_1.o(.text.f_readline) refers to mallocr.o(i.__malloc$realloc) for malloc
    flashfs_1.o(.text.f_readline) refers to ext_flash.o(.text.flash_sector_read) for flash_sector_read
    flashfs_1.o(.text.f_readline) refers to ext_flash_1.o(.text.flash_sector_read) for flash_sector_read
    flashfs_1.o(.text.f_readline) refers to mallocr.o(i.realloc) for realloc
    flashfs_1.o(.text.f_readline) refers to mallocr.o(i.__free$realloc) for free
    flashfs_1.o(.text.f_readline) refers to ffsystem.o(.text.ff_rel_grant) for ff_rel_grant
    flashfs_1.o(.ARM.exidx.text.f_readline) refers to flashfs_1.o(.text.f_readline) for [Anonymous Symbol]
    flashfs_1.o(.text.f_write) refers to ffsystem.o(.text.ff_req_grant) for ff_req_grant
    flashfs_1.o(.text.f_write) refers to ext_flash.o(.text.flash_sector_write) for flash_sector_write
    flashfs_1.o(.text.f_write) refers to ext_flash_1.o(.text.flash_sector_write) for flash_sector_write
    flashfs_1.o(.text.f_write) refers to flashfs_1.o(.text.f_get_free_clust) for f_get_free_clust
    flashfs_1.o(.text.f_write) refers to flashfs_1.o(.text.f_set_clust) for f_set_clust
    flashfs_1.o(.text.f_write) refers to ext_flash.o(.text.flash_sector_erase) for flash_sector_erase
    flashfs_1.o(.text.f_write) refers to ext_flash_1.o(.text.flash_sector_erase) for flash_sector_erase
    flashfs_1.o(.text.f_write) refers to flashfs_1.o(.text.f_get_cur_clust) for f_get_cur_clust
    flashfs_1.o(.text.f_write) refers to mallocr.o(i.__malloc$realloc) for malloc
    flashfs_1.o(.text.f_write) refers to ext_flash.o(.text.flash_sector_read) for flash_sector_read
    flashfs_1.o(.text.f_write) refers to ext_flash_1.o(.text.flash_sector_read) for flash_sector_read
    flashfs_1.o(.text.f_write) refers to mallocr.o(i.__free$realloc) for free
    flashfs_1.o(.text.f_write) refers to ffsystem.o(.text.ff_rel_grant) for ff_rel_grant
    flashfs_1.o(.ARM.exidx.text.f_write) refers to flashfs_1.o(.text.f_write) for [Anonymous Symbol]
    flashfs_1.o(.text.f_lseek) refers to ffsystem.o(.text.ff_req_grant) for ff_req_grant
    flashfs_1.o(.text.f_lseek) refers to flashfs_1.o(.text.f_get_cur_clust) for f_get_cur_clust
    flashfs_1.o(.text.f_lseek) refers to ffsystem.o(.text.ff_rel_grant) for ff_rel_grant
    flashfs_1.o(.ARM.exidx.text.f_lseek) refers to flashfs_1.o(.text.f_lseek) for [Anonymous Symbol]
    flashfs_1.o(.text.f_unlink) refers to flashfs_1.o(.rodata.str1.1) for .L.str
    flashfs_1.o(.text.f_unlink) refers to printf3.o(i.__0sprintf$3) for __2sprintf
    flashfs_1.o(.text.f_unlink) refers to strlen.o(.text) for strlen
    flashfs_1.o(.text.f_unlink) refers to strncmp.o(.text) for strncmp
    flashfs_1.o(.text.f_unlink) refers to flashfs.o(.bss.pfs_table) for pfs_table
    flashfs_1.o(.text.f_unlink) refers to flashfs_1.o(.bss.pfs_table) for pfs_table
    flashfs_1.o(.text.f_unlink) refers to ffsystem.o(.text.ff_req_grant) for ff_req_grant
    flashfs_1.o(.text.f_unlink) refers to strchr.o(.text) for strchr
    flashfs_1.o(.text.f_unlink) refers to mallocr.o(i.__malloc$realloc) for malloc
    flashfs_1.o(.text.f_unlink) refers to memseta.o(.text) for __aeabi_memclr
    flashfs_1.o(.text.f_unlink) refers to memcpya.o(.text) for __aeabi_memcpy
    flashfs_1.o(.text.f_unlink) refers to flashfs_1.o(.text.f_file_search) for f_file_search
    flashfs_1.o(.text.f_unlink) refers to mallocr.o(i.__free$realloc) for free
    flashfs_1.o(.text.f_unlink) refers to ext_flash.o(.text.flash_sector_read) for flash_sector_read
    flashfs_1.o(.text.f_unlink) refers to ext_flash_1.o(.text.flash_sector_read) for flash_sector_read
    flashfs_1.o(.text.f_unlink) refers to ffsystem.o(.text.ff_rel_grant) for ff_rel_grant
    flashfs_1.o(.text.f_unlink) refers to flashfs_1.o(.text.f_floder_isfree) for f_floder_isfree
    flashfs_1.o(.text.f_unlink) refers to flashfs_1.o(.text.f_set_free_clust) for f_set_free_clust
    flashfs_1.o(.text.f_unlink) refers to flashfs_1.o(.text.f_savefs) for f_savefs
    flashfs_1.o(.text.f_unlink) refers to ext_flash.o(.text.flash_sector_erase) for flash_sector_erase
    flashfs_1.o(.text.f_unlink) refers to ext_flash_1.o(.text.flash_sector_erase) for flash_sector_erase
    flashfs_1.o(.text.f_unlink) refers to ext_flash.o(.text.flash_sector_write) for flash_sector_write
    flashfs_1.o(.text.f_unlink) refers to ext_flash_1.o(.text.flash_sector_write) for flash_sector_write
    flashfs_1.o(.ARM.exidx.text.f_unlink) refers to flashfs_1.o(.text.f_unlink) for [Anonymous Symbol]
    flashfs_1.o(.ARM.exidx.text.f_set_free_clust) refers to flashfs_1.o(.text.f_set_free_clust) for [Anonymous Symbol]
    flashfs_1.o(.text.f_floder_isfree) refers to ext_flash.o(.text.flash_sector_read) for flash_sector_read
    flashfs_1.o(.text.f_floder_isfree) refers to ext_flash_1.o(.text.flash_sector_read) for flash_sector_read
    flashfs_1.o(.ARM.exidx.text.f_floder_isfree) refers to flashfs_1.o(.text.f_floder_isfree) for [Anonymous Symbol]
    flashfs_1.o(.text.f_rename) refers to flashfs_1.o(.rodata.str1.1) for .L.str
    flashfs_1.o(.text.f_rename) refers to printf3.o(i.__0sprintf$3) for __2sprintf
    flashfs_1.o(.text.f_rename) refers to strlen.o(.text) for strlen
    flashfs_1.o(.text.f_rename) refers to strncmp.o(.text) for strncmp
    flashfs_1.o(.text.f_rename) refers to flashfs.o(.bss.pfs_table) for pfs_table
    flashfs_1.o(.text.f_rename) refers to flashfs_1.o(.bss.pfs_table) for pfs_table
    flashfs_1.o(.text.f_rename) refers to ffsystem.o(.text.ff_req_grant) for ff_req_grant
    flashfs_1.o(.text.f_rename) refers to flashfs.o(.text.f_open) for f_open
    flashfs_1.o(.text.f_rename) refers to flashfs_1.o(.text.f_open) for f_open
    flashfs_1.o(.text.f_rename) refers to ffsystem.o(.text.ff_rel_grant) for ff_rel_grant
    flashfs_1.o(.text.f_rename) refers to flashfs.o(.text.f_close) for f_close
    flashfs_1.o(.text.f_rename) refers to flashfs_1.o(.text.f_close) for f_close
    flashfs_1.o(.text.f_rename) refers to strchr.o(.text) for strchr
    flashfs_1.o(.text.f_rename) refers to mallocr.o(i.__malloc$realloc) for malloc
    flashfs_1.o(.text.f_rename) refers to memseta.o(.text) for __aeabi_memclr
    flashfs_1.o(.text.f_rename) refers to memcpya.o(.text) for __aeabi_memcpy
    flashfs_1.o(.text.f_rename) refers to flashfs_1.o(.text.f_file_search) for f_file_search
    flashfs_1.o(.text.f_rename) refers to mallocr.o(i.__free$realloc) for free
    flashfs_1.o(.text.f_rename) refers to ext_flash.o(.text.flash_sector_read) for flash_sector_read
    flashfs_1.o(.text.f_rename) refers to ext_flash_1.o(.text.flash_sector_read) for flash_sector_read
    flashfs_1.o(.text.f_rename) refers to ext_flash.o(.text.flash_sector_write) for flash_sector_write
    flashfs_1.o(.text.f_rename) refers to ext_flash_1.o(.text.flash_sector_write) for flash_sector_write
    flashfs_1.o(.ARM.exidx.text.f_rename) refers to flashfs_1.o(.text.f_rename) for [Anonymous Symbol]
    flashfs_1.o(.text.f_getfree) refers to ffsystem.o(.text.ff_req_grant) for ff_req_grant
    flashfs_1.o(.text.f_getfree) refers to ffsystem.o(.text.ff_rel_grant) for ff_rel_grant
    flashfs_1.o(.ARM.exidx.text.f_getfree) refers to flashfs_1.o(.text.f_getfree) for [Anonymous Symbol]
    flashfs_1.o(.text.f_ls) refers to memseta.o(.text) for __aeabi_memclr
    flashfs_1.o(.text.f_ls) refers to flashfs.o(.text.f_open) for f_open
    flashfs_1.o(.text.f_ls) refers to flashfs_1.o(.text.f_open) for f_open
    flashfs_1.o(.text.f_ls) refers to flashfs.o(.text.f_close) for f_close
    flashfs_1.o(.text.f_ls) refers to flashfs_1.o(.text.f_close) for f_close
    flashfs_1.o(.text.f_ls) refers to ffsystem.o(.text.ff_req_grant) for ff_req_grant
    flashfs_1.o(.text.f_ls) refers to flashfs_1.o(.text.f_get_cur_clust) for f_get_cur_clust
    flashfs_1.o(.text.f_ls) refers to flashfs_1.o(.text.f_file_scan) for f_file_scan
    flashfs_1.o(.text.f_ls) refers to ffsystem.o(.text.ff_rel_grant) for ff_rel_grant
    flashfs_1.o(.text.f_ls) refers to strlen.o(.text) for strlen
    flashfs_1.o(.text.f_ls) refers to printf3.o(i.__0sprintf$3) for __2sprintf
    flashfs_1.o(.text.f_ls) refers to mallocr.o(i.__free$realloc) for free
    flashfs_1.o(.ARM.exidx.text.f_ls) refers to flashfs_1.o(.text.f_ls) for [Anonymous Symbol]
    flashfs_1.o(.text.f_file_scan) refers to mallocr.o(i.__malloc$realloc) for malloc
    flashfs_1.o(.text.f_file_scan) refers to memseta.o(.text) for __aeabi_memclr
    flashfs_1.o(.text.f_file_scan) refers to ext_flash.o(.text.flash_sector_read) for flash_sector_read
    flashfs_1.o(.text.f_file_scan) refers to ext_flash_1.o(.text.flash_sector_read) for flash_sector_read
    flashfs_1.o(.ARM.exidx.text.f_file_scan) refers to flashfs_1.o(.text.f_file_scan) for [Anonymous Symbol]
    entry.o(.ARM.Collect$$$$00000000) refers (Special) to entry10a.o(.ARM.Collect$$$$0000000D) for __rt_final_cpp
    entry.o(.ARM.Collect$$$$00000000) refers (Special) to entry11a.o(.ARM.Collect$$$$0000000F) for __rt_final_exit
    entry.o(.ARM.Collect$$$$00000000) refers (Special) to entry7b.o(.ARM.Collect$$$$00000008) for _main_clock
    entry.o(.ARM.Collect$$$$00000000) refers (Special) to entry8b.o(.ARM.Collect$$$$0000000A) for _main_cpp_init
    entry.o(.ARM.Collect$$$$00000000) refers (Special) to entry9a.o(.ARM.Collect$$$$0000000B) for _main_init
    entry.o(.ARM.Collect$$$$00000000) refers (Special) to entry5.o(.ARM.Collect$$$$00000004) for _main_scatterload
    entry.o(.ARM.Collect$$$$00000000) refers (Special) to entry2.o(.ARM.Collect$$$$00000001) for _main_stk
    fwrite.o(i.fwrite) refers to fputc.o(i.fputc) for fputc
    fread.o(i.fread) refers to fgetc.o(.text) for fgetc
    fwrite_e.o(.text) refers to fputc.o(i.fputc) for fputc
    printfb.o(i.__0fprintf$bare) refers to printfb.o(i._printf_core) for _printf_core
    printfb.o(i.__0fprintf$bare) refers to fputc.o(i.fputc) for fputc
    printfb.o(i.__0printf$bare) refers to printfb.o(i._printf_core) for _printf_core
    printfb.o(i.__0printf$bare) refers to fputc.o(i.fputc) for fputc
    printfb.o(i.__0printf$bare) refers to stdout.o(.data) for __stdout
    printfb.o(i.__0snprintf$bare) refers to printfb.o(i._printf_core) for _printf_core
    printfb.o(i.__0snprintf$bare) refers to printfb.o(i._snputc) for _snputc
    printfb.o(i.__0sprintf$bare) refers to printfb.o(i._printf_core) for _printf_core
    printfb.o(i.__0sprintf$bare) refers to printfb.o(i._sputc) for _sputc
    printfb.o(i.__0vfprintf$bare) refers to printfb.o(i._printf_core) for _printf_core
    printfb.o(i.__0vfprintf$bare) refers to fputc.o(i.fputc) for fputc
    printfb.o(i.__0vprintf$bare) refers to printfb.o(i._printf_core) for _printf_core
    printfb.o(i.__0vprintf$bare) refers to fputc.o(i.fputc) for fputc
    printfb.o(i.__0vprintf$bare) refers to stdout.o(.data) for __stdout
    printfb.o(i.__0vsnprintf$bare) refers to printfb.o(i._printf_core) for _printf_core
    printfb.o(i.__0vsnprintf$bare) refers to printfb.o(i._snputc) for _snputc
    printfb.o(i.__0vsprintf$bare) refers to printfb.o(i._printf_core) for _printf_core
    printfb.o(i.__0vsprintf$bare) refers to printfb.o(i._sputc) for _sputc
    printf0.o(i.__0fprintf$0) refers to printf0.o(i._printf_core) for _printf_core
    printf0.o(i.__0fprintf$0) refers to fputc.o(i.fputc) for fputc
    printf0.o(i.__0printf$0) refers to printf0.o(i._printf_core) for _printf_core
    printf0.o(i.__0printf$0) refers to fputc.o(i.fputc) for fputc
    printf0.o(i.__0printf$0) refers to stdout.o(.data) for __stdout
    printf0.o(i.__0snprintf$0) refers to printf0.o(i._printf_core) for _printf_core
    printf0.o(i.__0snprintf$0) refers to printf0.o(i._snputc) for _snputc
    printf0.o(i.__0sprintf$0) refers to printf0.o(i._printf_core) for _printf_core
    printf0.o(i.__0sprintf$0) refers to printf0.o(i._sputc) for _sputc
    printf0.o(i.__0vfprintf$0) refers to printf0.o(i._printf_core) for _printf_core
    printf0.o(i.__0vfprintf$0) refers to fputc.o(i.fputc) for fputc
    printf0.o(i.__0vprintf$0) refers to printf0.o(i._printf_core) for _printf_core
    printf0.o(i.__0vprintf$0) refers to fputc.o(i.fputc) for fputc
    printf0.o(i.__0vprintf$0) refers to stdout.o(.data) for __stdout
    printf0.o(i.__0vsnprintf$0) refers to printf0.o(i._printf_core) for _printf_core
    printf0.o(i.__0vsnprintf$0) refers to printf0.o(i._snputc) for _snputc
    printf0.o(i.__0vsprintf$0) refers to printf0.o(i._printf_core) for _printf_core
    printf0.o(i.__0vsprintf$0) refers to printf0.o(i._sputc) for _sputc
    printf1.o(i.__0fprintf$1) refers to printf1.o(i._printf_core) for _printf_core
    printf1.o(i.__0fprintf$1) refers to fputc.o(i.fputc) for fputc
    printf1.o(i.__0printf$1) refers to printf1.o(i._printf_core) for _printf_core
    printf1.o(i.__0printf$1) refers to fputc.o(i.fputc) for fputc
    printf1.o(i.__0printf$1) refers to stdout.o(.data) for __stdout
    printf1.o(i.__0snprintf$1) refers to printf1.o(i._printf_core) for _printf_core
    printf1.o(i.__0snprintf$1) refers to printf1.o(i._snputc) for _snputc
    printf1.o(i.__0sprintf$1) refers to printf1.o(i._printf_core) for _printf_core
    printf1.o(i.__0sprintf$1) refers to printf1.o(i._sputc) for _sputc
    printf1.o(i.__0vfprintf$1) refers to printf1.o(i._printf_core) for _printf_core
    printf1.o(i.__0vfprintf$1) refers to fputc.o(i.fputc) for fputc
    printf1.o(i.__0vprintf$1) refers to printf1.o(i._printf_core) for _printf_core
    printf1.o(i.__0vprintf$1) refers to fputc.o(i.fputc) for fputc
    printf1.o(i.__0vprintf$1) refers to stdout.o(.data) for __stdout
    printf1.o(i.__0vsnprintf$1) refers to printf1.o(i._printf_core) for _printf_core
    printf1.o(i.__0vsnprintf$1) refers to printf1.o(i._snputc) for _snputc
    printf1.o(i.__0vsprintf$1) refers to printf1.o(i._printf_core) for _printf_core
    printf1.o(i.__0vsprintf$1) refers to printf1.o(i._sputc) for _sputc
    printf1.o(i._printf_core) refers to uidiv.o(.text) for __aeabi_uidivmod
    printf2.o(i.__0fprintf$2) refers to printf2.o(i._printf_core) for _printf_core
    printf2.o(i.__0fprintf$2) refers to fputc.o(i.fputc) for fputc
    printf2.o(i.__0printf$2) refers to printf2.o(i._printf_core) for _printf_core
    printf2.o(i.__0printf$2) refers to fputc.o(i.fputc) for fputc
    printf2.o(i.__0printf$2) refers to stdout.o(.data) for __stdout
    printf2.o(i.__0snprintf$2) refers to printf2.o(i._printf_core) for _printf_core
    printf2.o(i.__0snprintf$2) refers to printf2.o(i._snputc) for _snputc
    printf2.o(i.__0sprintf$2) refers to printf2.o(i._printf_core) for _printf_core
    printf2.o(i.__0sprintf$2) refers to printf2.o(i._sputc) for _sputc
    printf2.o(i.__0vfprintf$2) refers to printf2.o(i._printf_core) for _printf_core
    printf2.o(i.__0vfprintf$2) refers to fputc.o(i.fputc) for fputc
    printf2.o(i.__0vprintf$2) refers to printf2.o(i._printf_core) for _printf_core
    printf2.o(i.__0vprintf$2) refers to fputc.o(i.fputc) for fputc
    printf2.o(i.__0vprintf$2) refers to stdout.o(.data) for __stdout
    printf2.o(i.__0vsnprintf$2) refers to printf2.o(i._printf_core) for _printf_core
    printf2.o(i.__0vsnprintf$2) refers to printf2.o(i._snputc) for _snputc
    printf2.o(i.__0vsprintf$2) refers to printf2.o(i._printf_core) for _printf_core
    printf2.o(i.__0vsprintf$2) refers to printf2.o(i._sputc) for _sputc
    printf3.o(i.__0fprintf$3) refers to printf3.o(i._printf_core) for _printf_core
    printf3.o(i.__0fprintf$3) refers to fputc.o(i.fputc) for fputc
    printf3.o(i.__0printf$3) refers to printf3.o(i._printf_core) for _printf_core
    printf3.o(i.__0printf$3) refers to fputc.o(i.fputc) for fputc
    printf3.o(i.__0printf$3) refers to stdout.o(.data) for __stdout
    printf3.o(i.__0snprintf$3) refers to printf3.o(i._printf_core) for _printf_core
    printf3.o(i.__0snprintf$3) refers to printf3.o(i._snputc) for _snputc
    printf3.o(i.__0sprintf$3) refers to printf3.o(i._printf_core) for _printf_core
    printf3.o(i.__0sprintf$3) refers to printf3.o(i._sputc) for _sputc
    printf3.o(i.__0vfprintf$3) refers to printf3.o(i._printf_core) for _printf_core
    printf3.o(i.__0vfprintf$3) refers to fputc.o(i.fputc) for fputc
    printf3.o(i.__0vprintf$3) refers to printf3.o(i._printf_core) for _printf_core
    printf3.o(i.__0vprintf$3) refers to fputc.o(i.fputc) for fputc
    printf3.o(i.__0vprintf$3) refers to stdout.o(.data) for __stdout
    printf3.o(i.__0vsnprintf$3) refers to printf3.o(i._printf_core) for _printf_core
    printf3.o(i.__0vsnprintf$3) refers to printf3.o(i._snputc) for _snputc
    printf3.o(i.__0vsprintf$3) refers to printf3.o(i._printf_core) for _printf_core
    printf3.o(i.__0vsprintf$3) refers to printf3.o(i._sputc) for _sputc
    printf3.o(i._printf_core) refers to uidiv.o(.text) for __aeabi_uidivmod
    printf4.o(i.__0fprintf$4) refers to printf4.o(i._printf_core) for _printf_core
    printf4.o(i.__0fprintf$4) refers to fputc.o(i.fputc) for fputc
    printf4.o(i.__0printf$4) refers to printf4.o(i._printf_core) for _printf_core
    printf4.o(i.__0printf$4) refers to fputc.o(i.fputc) for fputc
    printf4.o(i.__0printf$4) refers to stdout.o(.data) for __stdout
    printf4.o(i.__0snprintf$4) refers to printf4.o(i._printf_core) for _printf_core
    printf4.o(i.__0snprintf$4) refers to printf4.o(i._snputc) for _snputc
    printf4.o(i.__0sprintf$4) refers to printf4.o(i._printf_core) for _printf_core
    printf4.o(i.__0sprintf$4) refers to printf4.o(i._sputc) for _sputc
    printf4.o(i.__0vfprintf$4) refers to printf4.o(i._printf_core) for _printf_core
    printf4.o(i.__0vfprintf$4) refers to fputc.o(i.fputc) for fputc
    printf4.o(i.__0vprintf$4) refers to printf4.o(i._printf_core) for _printf_core
    printf4.o(i.__0vprintf$4) refers to fputc.o(i.fputc) for fputc
    printf4.o(i.__0vprintf$4) refers to stdout.o(.data) for __stdout
    printf4.o(i.__0vsnprintf$4) refers to printf4.o(i._printf_core) for _printf_core
    printf4.o(i.__0vsnprintf$4) refers to printf4.o(i._snputc) for _snputc
    printf4.o(i.__0vsprintf$4) refers to printf4.o(i._printf_core) for _printf_core
    printf4.o(i.__0vsprintf$4) refers to printf4.o(i._sputc) for _sputc
    printf4.o(i._printf_core) refers to uldiv.o(.text) for __aeabi_uldivmod
    printf5.o(i.__0fprintf$5) refers to printf5.o(i._printf_core) for _printf_core
    printf5.o(i.__0fprintf$5) refers to fputc.o(i.fputc) for fputc
    printf5.o(i.__0printf$5) refers to printf5.o(i._printf_core) for _printf_core
    printf5.o(i.__0printf$5) refers to fputc.o(i.fputc) for fputc
    printf5.o(i.__0printf$5) refers to stdout.o(.data) for __stdout
    printf5.o(i.__0snprintf$5) refers to printf5.o(i._printf_core) for _printf_core
    printf5.o(i.__0snprintf$5) refers to printf5.o(i._snputc) for _snputc
    printf5.o(i.__0sprintf$5) refers to printf5.o(i._printf_core) for _printf_core
    printf5.o(i.__0sprintf$5) refers to printf5.o(i._sputc) for _sputc
    printf5.o(i.__0vfprintf$5) refers to printf5.o(i._printf_core) for _printf_core
    printf5.o(i.__0vfprintf$5) refers to fputc.o(i.fputc) for fputc
    printf5.o(i.__0vprintf$5) refers to printf5.o(i._printf_core) for _printf_core
    printf5.o(i.__0vprintf$5) refers to fputc.o(i.fputc) for fputc
    printf5.o(i.__0vprintf$5) refers to stdout.o(.data) for __stdout
    printf5.o(i.__0vsnprintf$5) refers to printf5.o(i._printf_core) for _printf_core
    printf5.o(i.__0vsnprintf$5) refers to printf5.o(i._snputc) for _snputc
    printf5.o(i.__0vsprintf$5) refers to printf5.o(i._printf_core) for _printf_core
    printf5.o(i.__0vsprintf$5) refers to printf5.o(i._sputc) for _sputc
    printf5.o(i._printf_core) refers to uldiv.o(.text) for __aeabi_uldivmod
    printf6.o(i.__0fprintf$6) refers to printf6.o(i._printf_core) for _printf_core
    printf6.o(i.__0fprintf$6) refers to fputc.o(i.fputc) for fputc
    printf6.o(i.__0printf$6) refers to printf6.o(i._printf_core) for _printf_core
    printf6.o(i.__0printf$6) refers to fputc.o(i.fputc) for fputc
    printf6.o(i.__0printf$6) refers to stdout.o(.data) for __stdout
    printf6.o(i.__0snprintf$6) refers to printf6.o(i._printf_core) for _printf_core
    printf6.o(i.__0snprintf$6) refers to printf6.o(i._snputc) for _snputc
    printf6.o(i.__0sprintf$6) refers to printf6.o(i._printf_core) for _printf_core
    printf6.o(i.__0sprintf$6) refers to printf6.o(i._sputc) for _sputc
    printf6.o(i.__0vfprintf$6) refers to printf6.o(i._printf_core) for _printf_core
    printf6.o(i.__0vfprintf$6) refers to fputc.o(i.fputc) for fputc
    printf6.o(i.__0vprintf$6) refers to printf6.o(i._printf_core) for _printf_core
    printf6.o(i.__0vprintf$6) refers to fputc.o(i.fputc) for fputc
    printf6.o(i.__0vprintf$6) refers to stdout.o(.data) for __stdout
    printf6.o(i.__0vsnprintf$6) refers to printf6.o(i._printf_core) for _printf_core
    printf6.o(i.__0vsnprintf$6) refers to printf6.o(i._snputc) for _snputc
    printf6.o(i.__0vsprintf$6) refers to printf6.o(i._printf_core) for _printf_core
    printf6.o(i.__0vsprintf$6) refers to printf6.o(i._sputc) for _sputc
    printf6.o(i._printf_core) refers to printf6.o(i._printf_pre_padding) for _printf_pre_padding
    printf6.o(i._printf_core) refers to uidiv.o(.text) for __aeabi_uidivmod
    printf6.o(i._printf_core) refers to printf6.o(i._printf_post_padding) for _printf_post_padding
    printf7.o(i.__0fprintf$7) refers to printf7.o(i._printf_core) for _printf_core
    printf7.o(i.__0fprintf$7) refers to fputc.o(i.fputc) for fputc
    printf7.o(i.__0printf$7) refers to printf7.o(i._printf_core) for _printf_core
    printf7.o(i.__0printf$7) refers to fputc.o(i.fputc) for fputc
    printf7.o(i.__0printf$7) refers to stdout.o(.data) for __stdout
    printf7.o(i.__0snprintf$7) refers to printf7.o(i._printf_core) for _printf_core
    printf7.o(i.__0snprintf$7) refers to printf7.o(i._snputc) for _snputc
    printf7.o(i.__0sprintf$7) refers to printf7.o(i._printf_core) for _printf_core
    printf7.o(i.__0sprintf$7) refers to printf7.o(i._sputc) for _sputc
    printf7.o(i.__0vfprintf$7) refers to printf7.o(i._printf_core) for _printf_core
    printf7.o(i.__0vfprintf$7) refers to fputc.o(i.fputc) for fputc
    printf7.o(i.__0vprintf$7) refers to printf7.o(i._printf_core) for _printf_core
    printf7.o(i.__0vprintf$7) refers to fputc.o(i.fputc) for fputc
    printf7.o(i.__0vprintf$7) refers to stdout.o(.data) for __stdout
    printf7.o(i.__0vsnprintf$7) refers to printf7.o(i._printf_core) for _printf_core
    printf7.o(i.__0vsnprintf$7) refers to printf7.o(i._snputc) for _snputc
    printf7.o(i.__0vsprintf$7) refers to printf7.o(i._printf_core) for _printf_core
    printf7.o(i.__0vsprintf$7) refers to printf7.o(i._sputc) for _sputc
    printf7.o(i._printf_core) refers to printf7.o(i._printf_pre_padding) for _printf_pre_padding
    printf7.o(i._printf_core) refers to uldiv.o(.text) for __aeabi_uldivmod
    printf7.o(i._printf_core) refers to printf7.o(i._printf_post_padding) for _printf_post_padding
    printf8.o(i.__0fprintf$8) refers to printf8.o(i._printf_core) for _printf_core
    printf8.o(i.__0fprintf$8) refers to fputc.o(i.fputc) for fputc
    printf8.o(i.__0printf$8) refers to printf8.o(i._printf_core) for _printf_core
    printf8.o(i.__0printf$8) refers to fputc.o(i.fputc) for fputc
    printf8.o(i.__0printf$8) refers to stdout.o(.data) for __stdout
    printf8.o(i.__0snprintf$8) refers to printf8.o(i._printf_core) for _printf_core
    printf8.o(i.__0snprintf$8) refers to printf8.o(i._snputc) for _snputc
    printf8.o(i.__0sprintf$8) refers to printf8.o(i._printf_core) for _printf_core
    printf8.o(i.__0sprintf$8) refers to printf8.o(i._sputc) for _sputc
    printf8.o(i.__0vfprintf$8) refers to printf8.o(i._printf_core) for _printf_core
    printf8.o(i.__0vfprintf$8) refers to fputc.o(i.fputc) for fputc
    printf8.o(i.__0vprintf$8) refers to printf8.o(i._printf_core) for _printf_core
    printf8.o(i.__0vprintf$8) refers to fputc.o(i.fputc) for fputc
    printf8.o(i.__0vprintf$8) refers to stdout.o(.data) for __stdout
    printf8.o(i.__0vsnprintf$8) refers to printf8.o(i._printf_core) for _printf_core
    printf8.o(i.__0vsnprintf$8) refers to printf8.o(i._snputc) for _snputc
    printf8.o(i.__0vsprintf$8) refers to printf8.o(i._printf_core) for _printf_core
    printf8.o(i.__0vsprintf$8) refers to printf8.o(i._sputc) for _sputc
    printf8.o(i._printf_core) refers to printf8.o(i._printf_pre_padding) for _printf_pre_padding
    printf8.o(i._printf_core) refers to uldiv.o(.text) for __aeabi_uldivmod
    printf8.o(i._printf_core) refers to printf8.o(i._printf_post_padding) for _printf_post_padding
    printfa.o(i.__0fprintf) refers (Special) to iusefp.o(.text) for __I$use$fp
    printfa.o(i.__0fprintf) refers to printfa.o(i._printf_core) for _printf_core
    printfa.o(i.__0fprintf) refers to fputc.o(i.fputc) for fputc
    printfa.o(i.__0printf) refers (Special) to iusefp.o(.text) for __I$use$fp
    printfa.o(i.__0printf) refers to printfa.o(i._printf_core) for _printf_core
    printfa.o(i.__0printf) refers to fputc.o(i.fputc) for fputc
    printfa.o(i.__0printf) refers to stdout.o(.data) for __stdout
    printfa.o(i.__0snprintf) refers (Special) to iusefp.o(.text) for __I$use$fp
    printfa.o(i.__0snprintf) refers to printfa.o(i._printf_core) for _printf_core
    printfa.o(i.__0snprintf) refers to printfa.o(i._snputc) for _snputc
    printfa.o(i.__0sprintf) refers (Special) to iusefp.o(.text) for __I$use$fp
    printfa.o(i.__0sprintf) refers to printfa.o(i._printf_core) for _printf_core
    printfa.o(i.__0sprintf) refers to printfa.o(i._sputc) for _sputc
    printfa.o(i.__0vfprintf) refers (Special) to iusefp.o(.text) for __I$use$fp
    printfa.o(i.__0vfprintf) refers to printfa.o(i._printf_core) for _printf_core
    printfa.o(i.__0vfprintf) refers to fputc.o(i.fputc) for fputc
    printfa.o(i.__0vprintf) refers (Special) to iusefp.o(.text) for __I$use$fp
    printfa.o(i.__0vprintf) refers to printfa.o(i._printf_core) for _printf_core
    printfa.o(i.__0vprintf) refers to fputc.o(i.fputc) for fputc
    printfa.o(i.__0vprintf) refers to stdout.o(.data) for __stdout
    printfa.o(i.__0vsnprintf) refers (Special) to iusefp.o(.text) for __I$use$fp
    printfa.o(i.__0vsnprintf) refers to printfa.o(i._printf_core) for _printf_core
    printfa.o(i.__0vsnprintf) refers to printfa.o(i._snputc) for _snputc
    printfa.o(i.__0vsprintf) refers (Special) to iusefp.o(.text) for __I$use$fp
    printfa.o(i.__0vsprintf) refers to printfa.o(i._printf_core) for _printf_core
    printfa.o(i.__0vsprintf) refers to printfa.o(i._sputc) for _sputc
    printfa.o(i._fp_digits) refers (Special) to iusefp.o(.text) for __I$use$fp
    printfa.o(i._fp_digits) refers to dmul.o(.text) for __aeabi_dmul
    printfa.o(i._fp_digits) refers to ddiv.o(.text) for __aeabi_ddiv
    printfa.o(i._fp_digits) refers to cdrcmple.o(.text) for __aeabi_cdrcmple
    printfa.o(i._fp_digits) refers to dadd.o(.text) for __aeabi_dadd
    printfa.o(i._fp_digits) refers to dfixul.o(.text) for __aeabi_d2ulz
    printfa.o(i._fp_digits) refers to uldiv.o(.text) for __aeabi_uldivmod
    printfa.o(i._printf_core) refers (Special) to iusefp.o(.text) for __I$use$fp
    printfa.o(i._printf_core) refers to printfa.o(i._printf_pre_padding) for _printf_pre_padding
    printfa.o(i._printf_core) refers to uldiv.o(.text) for __aeabi_uldivmod
    printfa.o(i._printf_core) refers to printfa.o(i._printf_post_padding) for _printf_post_padding
    printfa.o(i._printf_core) refers to printfa.o(i._fp_digits) for _fp_digits
    printfa.o(i._printf_core) refers to uidiv.o(.text) for __aeabi_uidivmod
    printfa.o(i._printf_post_padding) refers (Special) to iusefp.o(.text) for __I$use$fp
    printfa.o(i._printf_pre_padding) refers (Special) to iusefp.o(.text) for __I$use$fp
    printfa.o(i._snputc) refers (Special) to iusefp.o(.text) for __I$use$fp
    printfa.o(i._sputc) refers (Special) to iusefp.o(.text) for __I$use$fp
    malloc.o(i.free) refers to mvars.o(.data) for __microlib_freelist
    malloc.o(i.malloc) refers to mvars.o(.data) for __microlib_freelist_initialised
    malloc.o(i.malloc) refers to mvars.o(.data) for __microlib_freelist
    malloc.o(i.malloc) refers to startup_gd32f30x_hd.o(HEAP) for __heap_base
    mallocr.o(i.__free$realloc) refers to mvars.o(.data) for __microlib_freelist
    mallocr.o(i.__malloc$realloc) refers to mallocr.o(i.internal_alloc) for internal_alloc
    mallocr.o(i.__malloc$realloc) refers to mvars.o(.data) for __microlib_freelist_initialised
    mallocr.o(i.__malloc$realloc) refers to startup_gd32f30x_hd.o(HEAP) for __heap_base
    mallocr.o(i.__malloc$realloc) refers to mvars.o(.data) for __microlib_freelist
    mallocr.o(i.internal_alloc) refers to memcpya.o(.text) for __aeabi_memcpy
    mallocr.o(i.internal_alloc) refers to mvars.o(.data) for __microlib_freelist
    mallocr.o(i.realloc) refers to mallocr.o(i.__free$realloc) for free
    mallocr.o(i.realloc) refers to mallocr.o(i.internal_alloc) for internal_alloc
    mallocr.o(i.realloc) refers to mallocr.o(i.__malloc$realloc) for malloc
    mallocr.o(i.realloc) refers to mvars.o(.data) for __microlib_freelist
    malloca.o(i.__aligned_malloc) refers to mvars.o(.data) for __microlib_freelist_initialised
    malloca.o(i.__aligned_malloc) refers to mvars.o(.data) for __microlib_freelist
    malloca.o(i.__aligned_malloc) refers to startup_gd32f30x_hd.o(HEAP) for __heap_base
    malloca.o(i.__free$memalign) refers to mvars.o(.data) for __microlib_freelist
    malloca.o(i.__malloc$memalign) refers to malloca.o(i.__aligned_malloc) for __aligned_malloc
    mallocra.o(i.__aligned_malloc$realloc) refers to mallocra.o(i.internal_alloc) for internal_alloc
    mallocra.o(i.__aligned_malloc$realloc) refers to mvars.o(.data) for __microlib_freelist_initialised
    mallocra.o(i.__aligned_malloc$realloc) refers to startup_gd32f30x_hd.o(HEAP) for __heap_base
    mallocra.o(i.__aligned_malloc$realloc) refers to mvars.o(.data) for __microlib_freelist
    mallocra.o(i.__free$realloc$memalign) refers to mvars.o(.data) for __microlib_freelist
    mallocra.o(i.__malloc$realloc$memalign) refers to mallocra.o(i.__aligned_malloc$realloc) for __aligned_malloc$realloc
    mallocra.o(i.__realloc$memalign) refers to mallocra.o(i.__free$realloc$memalign) for __free$realloc$memalign
    mallocra.o(i.__realloc$memalign) refers to mallocra.o(i.internal_alloc) for internal_alloc
    mallocra.o(i.__realloc$memalign) refers to mallocra.o(i.__malloc$realloc$memalign) for __malloc$realloc$memalign
    mallocra.o(i.__realloc$memalign) refers to mvars.o(.data) for __microlib_freelist
    mallocra.o(i.internal_alloc) refers to memcpya.o(.text) for __aeabi_memcpy
    mallocra.o(i.internal_alloc) refers to mvars.o(.data) for __microlib_freelist
    entry2.o(.ARM.Collect$$$$00000001) refers to entry2.o(.ARM.Collect$$$$00002712) for __lit__00000000
    entry2.o(.ARM.Collect$$$$00002712) refers to startup_gd32f30x_hd.o(STACK) for __initial_sp
    entry2.o(__vectab_stack_and_reset_area) refers to startup_gd32f30x_hd.o(STACK) for __initial_sp
    entry2.o(__vectab_stack_and_reset_area) refers to entry.o(.ARM.Collect$$$$00000000) for __main
    entry5.o(.ARM.Collect$$$$00000004) refers to init.o(.text) for __scatterload
    entry9a.o(.ARM.Collect$$$$0000000B) refers to components.o(.text.$Sub$$main) for main
    entry9b.o(.ARM.Collect$$$$0000000C) refers to components.o(.text.$Sub$$main) for main
    fgetc.o(.text) refers (Special) to iusesemig.o(.text) for __I$use$semihosting$fgetc
    fgetc.o(.text) refers (Special) to semi.o(.text) for __semihosting_library_function
    fgetc_u.o(.text) refers (Special) to iusesemig.o(.text) for __I$use$semihosting$fgetc
    fgetc_u.o(.text) refers (Special) to semi.o(.text) for __semihosting_library_function
    fgetc_u.o(.text) refers to fgetc_u.o(.data) for .data
    fgetc_u.o(.data) refers (Special) to iusesemig.o(.text) for __I$use$semihosting$fgetc
    fgetc_u.o(.data) refers (Special) to semi.o(.text) for __semihosting_library_function
    fgetc_b.o(.text) refers (Special) to iusesemig.o(.text) for __I$use$semihosting$fgetc
    fgetc_b.o(.text) refers (Special) to semi.o(.text) for __semihosting_library_function
    fgetc_b.o(.text) refers to fgetc_b.o(.data) for .data
    fgetc_b.o(.data) refers (Special) to iusesemig.o(.text) for __I$use$semihosting$fgetc
    fgetc_b.o(.data) refers (Special) to semi.o(.text) for __semihosting_library_function
    fgetc_ub.o(.text) refers (Special) to iusesemig.o(.text) for __I$use$semihosting$fgetc
    fgetc_ub.o(.text) refers (Special) to semi.o(.text) for __semihosting_library_function
    fgetc_ub.o(.text) refers to fgetc_ub.o(.data) for .data
    fgetc_ub.o(.data) refers (Special) to iusesemig.o(.text) for __I$use$semihosting$fgetc
    fgetc_ub.o(.data) refers (Special) to semi.o(.text) for __semihosting_library_function
    fgetc_h.o(.text) refers (Special) to iusesemig.o(.text) for __I$use$semihosting$fgetc
    fgetc_h.o(.text) refers (Special) to semi.o(.text) for __semihosting_library_function
    fputc.o(i.fputc) refers (Special) to iusesemip.o(.text) for __I$use$semihosting$fputc
    fputc.o(i.fputc) refers (Special) to semi.o(.text) for __semihosting_library_function
    fputc_h.o(i._fputc$hlt) refers (Special) to iusesemip.o(.text) for __I$use$semihosting$fputc
    fputc_h.o(i._fputc$hlt) refers (Special) to semi.o(.text) for __semihosting_library_function
    uldiv.o(.text) refers to llushr.o(.text) for __aeabi_llsr
    uldiv.o(.text) refers to llshl.o(.text) for __aeabi_llsl
    dadd.o(.text) refers (Special) to iusefp.o(.text) for __I$use$fp
    dadd.o(.text) refers to llshl.o(.text) for __aeabi_llsl
    dadd.o(.text) refers to llsshr.o(.text) for __aeabi_lasr
    dadd.o(.text) refers to depilogue.o(.text) for _double_epilogue
    dmul.o(.text) refers (Special) to iusefp.o(.text) for __I$use$fp
    dmul.o(.text) refers to depilogue.o(.text) for _double_epilogue
    ddiv.o(.text) refers (Special) to iusefp.o(.text) for __I$use$fp
    ddiv.o(.text) refers to depilogue.o(.text) for _double_round
    dfixul.o(.text) refers (Special) to iusefp.o(.text) for __I$use$fp
    dfixul.o(.text) refers to llushr.o(.text) for __aeabi_llsr
    dfixul.o(.text) refers to llshl.o(.text) for __aeabi_llsl
    cdrcmple.o(.text) refers (Special) to iusefp.o(.text) for __I$use$fp
    init.o(.text) refers to entry5.o(.ARM.Collect$$$$00000004) for __main_after_scatterload
    depilogue.o(.text) refers (Special) to iusefp.o(.text) for __I$use$fp
    depilogue.o(.text) refers to llshl.o(.text) for __aeabi_llsl
    depilogue.o(.text) refers to llushr.o(.text) for __aeabi_llsr

