<html>
<body>
<pre>
<h1>µVision Build Log</h1>
<h2>Tool Versions:</h2>
IDE-Version: ¦ÌVision V5.36.0.0
Copyright (C) 2021 ARM Ltd and ARM Germany GmbH. All rights reserved.
License Information: A Lee, HT, LIC=UJWP0-B6D0D-VEJHA-1CU03-4UUX7-ZH4R1
 
Tool Versions:
Toolchain:       MDK-ARM Plus  Version: 5.36.0.0
Toolchain Path:  D:\App\Keil\ARM\ARMCLANG\Bin
C Compiler:      ArmClang.exe V6.16
Assembler:       Armasm.exe V6.16
Linker/Locator:  ArmLink.exe V6.16
Library Manager: ArmAr.exe V6.16
Hex Converter:   FromElf.exe V6.16
CPU DLL:         SARMCM3.DLL V5.36.0.0
Dialog DLL:      DCM.DLL V1.17.3.0
Target DLL:      Segger\JL2CM3.dll V2.99.40.0
Dialog DLL:      TCM.DLL V1.53.0.0
 
<h2>Project:</h2>
D:\HET\editing\GD32F30x\Project\Application\app.uvprojx
Project File Date:  07/11/2023

<h2>Output:</h2>
*** Using Compiler 'V6.16', folder: 'D:\App\Keil\ARM\ARMCLANG\Bin'
Rebuild target 'GD32F30X_XD'
compiling systick.c...
compiling main.c...
compiling gd32f30x_it.c...
compiling system_gd32f30x.c...
compiling gd32f30x_bkp.c...
compiling gd32f30x_adc.c...
compiling gd32f30x_can.c...
compiling gd32f30x_crc.c...
compiling gd32f30x_dbg.c...
compiling gd32f30x_ctc.c...
compiling gd32f30x_dac.c...
compiling gd32f30x_enet.c...
compiling gd32f30x_dma.c...
compiling gd32f30x_exmc.c...
compiling gd32f30x_exti.c...
compiling gd32f30x_fwdgt.c...
compiling gd32f30x_gpio.c...
compiling gd32f30x_fmc.c...
compiling gd32f30x_misc.c...
compiling gd32f30x_i2c.c...
compiling gd32f30x_pmu.c...
compiling gd32f30x_rtc.c...
compiling gd32f30x_rcu.c...
compiling gd32f30x_sdio.c...
compiling gd32f30x_spi.c...
compiling gd32f30x_wwdgt.c...
assembling startup_gd32f30x_xd.s...
compiling gd32f30x_usart.c...
compiling gd32f30x_timer.c...
linking...
Program Size: Code=1428 RO-data=336 RW-data=8 ZI-data=1024  
FromELF: creating hex file...
".\output\Project.axf" - 0 Error(s), 0 Warning(s).

<h2>Software Packages used:</h2>

Package Vendor: GigaDevice
                http://gd32mcu.com/data/documents/pack/GigaDevice.GD32F30x_DFP.2.2.0.pack
                GigaDevice.GD32F30x_DFP.2.2.0
                GigaDevice GD32F30x Series Device Support and Examples

<h2>Collection of Component include folders:</h2>
  D:\App\Keil\Arm\Packs\GigaDevice\GD32F30x_DFP\2.2.0\Device\Include

<h2>Collection of Component Files used:</h2>
Build Time Elapsed:  00:00:02
</pre>
</body>
</html>
