<html>
<body>
<pre>
<h1>µVision Build Log</h1>
<h2>Tool Versions:</h2>
IDE-Version: ¦ÌVision V5.36.0.0
Copyright (C) 2021 ARM Ltd and ARM Germany GmbH. All rights reserved.
License Information: A Lee, HT, LIC=UJWP0-B6D0D-VEJHA-1CU03-4UUX7-ZH4R1
 
Tool Versions:
Toolchain:       MDK-ARM Plus  Version: 5.36.0.0
Toolchain Path:  D:\App\Keil\ARM\ARMCLANG\Bin
C Compiler:      ArmClang.exe V6.16
Assembler:       Armasm.exe V6.16
Linker/Locator:  ArmLink.exe V6.16
Library Manager: ArmAr.exe V6.16
Hex Converter:   FromElf.exe V6.16
CPU DLL:         SARMCM3.DLL V5.36.0.0
Dialog DLL:      DCM.DLL V1.17.3.0
Target DLL:      CMSIS_AGDI.dll V1.33.0.0
Dialog DLL:      TCM.DLL V1.53.0.0
 
<h2>Project:</h2>
D:\Code\ARM\ARM32\STM32F103C8\MDK-ARM\STM32F103C8.uvprojx
Project File Date:  08/25/2023

<h2>Output:</h2>
*** Using Compiler 'V6.16', folder: 'D:\App\Keil\ARM\ARMCLANG\Bin'
Build target 'STM32F103C8'
assembling startup_stm32f103xb.s...
compiling stm32f1xx_hal_gpio_ex.c...
compiling main.c...
compiling stm32f1xx_hal_msp.c...
compiling stm32f1xx_hal_pcd_ex.c...
compiling stm32f1xx_it.c...
compiling stm32f1xx_hal_pcd.c...
compiling stm32f1xx_ll_usb.c...
compiling stm32f1xx_hal_gpio.c...
compiling stm32f1xx_hal_rcc_ex.c...
compiling stm32f1xx_hal.c...
compiling stm32f1xx_hal_dma.c...
compiling stm32f1xx_hal_rcc.c...
compiling stm32f1xx_hal_cortex.c...
compiling stm32f1xx_hal_pwr.c...
compiling stm32f1xx_hal_flash.c...
compiling stm32f1xx_hal_exti.c...
compiling stm32f1xx_hal_tim.c...
compiling stm32f1xx_hal_flash_ex.c...
compiling stm32f1xx_hal_tim_ex.c...
compiling stm32f1xx_hal_wwdg.c...
compiling usb_device.c...
compiling usbd_dfu_if.c...
compiling usbd_desc.c...
compiling system_stm32f1xx.c...
compiling usbd_conf.c...
compiling usbd_core.c...
compiling stm32f1xx_hal_uart.c...
compiling usbd_ioreq.c...
compiling usbd_ctlreq.c...
compiling usbd_dfu.c...
linking...
Program Size: Code=14530 RO-data=386 RW-data=216 ZI-data=5080  
FromELF: creating hex file...
"STM32F103C8\STM32F103C8.axf" - 0 Error(s), 0 Warning(s).

<h2>Software Packages used:</h2>

Package Vendor: ARM
                http://www.keil.com/pack/ARM.CMSIS.5.8.0.pack
                ARM.CMSIS.5.8.0
                CMSIS (Common Microcontroller Software Interface Standard)
   * Component: CORE Version: 5.5.0

Package Vendor: Keil
                http://www.keil.com/pack/Keil.STM32F1xx_DFP.2.3.0.pack
                Keil.STM32F1xx_DFP.2.3.0
                STMicroelectronics STM32F1 Series Device Support, Drivers and Examples

<h2>Collection of Component include folders:</h2>
  .\RTE\_STM32F103C8
  D:\App\Keil\Arm\Packs\ARM\CMSIS\5.8.0\CMSIS\Core\Include
  D:\App\Keil\Arm\Packs\Keil\STM32F1xx_DFP\2.3.0\Device\Include

<h2>Collection of Component Files used:</h2>

   * Component: ARM::CMSIS:CORE:5.5.0
      Include file:  CMSIS\Core\Include\tz_context.h
Build Time Elapsed:  00:00:03
</pre>
</body>
</html>
