Component: ARM Compiler 6.16 Tool: armlink [5dfeaa00]

==============================================================================

Section Cross References

    startup_stm32f103xb.o(STACK) refers (Special) to heapauxi.o(.text) for __use_two_region_memory
    startup_stm32f103xb.o(HEAP) refers (Special) to heapauxi.o(.text) for __use_two_region_memory
    startup_stm32f103xb.o(RESET) refers (Special) to heapauxi.o(.text) for __use_two_region_memory
    startup_stm32f103xb.o(RESET) refers to startup_stm32f103xb.o(STACK) for __initial_sp
    startup_stm32f103xb.o(RESET) refers to startup_stm32f103xb.o(.text) for Reset_Handler
    startup_stm32f103xb.o(RESET) refers to stm32f1xx_it.o(.text.NMI_Handler) for NMI_Handler
    startup_stm32f103xb.o(RESET) refers to stm32f1xx_it.o(.text.HardFault_Handler) for HardFault_Handler
    startup_stm32f103xb.o(RESET) refers to stm32f1xx_it.o(.text.MemManage_Handler) for MemManage_Handler
    startup_stm32f103xb.o(RESET) refers to stm32f1xx_it.o(.text.BusFault_Handler) for BusFault_Handler
    startup_stm32f103xb.o(RESET) refers to stm32f1xx_it.o(.text.UsageFault_Handler) for UsageFault_Handler
    startup_stm32f103xb.o(RESET) refers to stm32f1xx_it.o(.text.SVC_Handler) for SVC_Handler
    startup_stm32f103xb.o(RESET) refers to stm32f1xx_it.o(.text.DebugMon_Handler) for DebugMon_Handler
    startup_stm32f103xb.o(RESET) refers to stm32f1xx_it.o(.text.PendSV_Handler) for PendSV_Handler
    startup_stm32f103xb.o(RESET) refers to stm32f1xx_it.o(.text.SysTick_Handler) for SysTick_Handler
    startup_stm32f103xb.o(RESET) refers to stm32f1xx_it.o(.text.USB_LP_CAN1_RX0_IRQHandler) for USB_LP_CAN1_RX0_IRQHandler
    startup_stm32f103xb.o(.text) refers (Special) to heapauxi.o(.text) for __use_two_region_memory
    startup_stm32f103xb.o(.text) refers to system_stm32f1xx.o(.text.SystemInit) for SystemInit
    startup_stm32f103xb.o(.text) refers to __main.o(!!!main) for __main
    startup_stm32f103xb.o(.text) refers to startup_stm32f103xb.o(HEAP) for Heap_Mem
    startup_stm32f103xb.o(.text) refers to startup_stm32f103xb.o(STACK) for Stack_Mem
    main.o(.text.main) refers to stm32f1xx_hal.o(.text.HAL_Init) for HAL_Init
    main.o(.text.main) refers to main.o(.text.SystemClock_Config) for SystemClock_Config
    main.o(.text.main) refers to main.o(.text.MX_DMA_Init) for MX_DMA_Init
    main.o(.text.main) refers to main.o(.text.MX_GPIO_Init) for MX_GPIO_Init
    main.o(.text.main) refers to main.o(.text.MX_WWDG_Init) for MX_WWDG_Init
    main.o(.text.main) refers to main.o(.text.MX_USART3_UART_Init) for MX_USART3_UART_Init
    main.o(.text.main) refers to usb_device.o(.text.MX_USB_DEVICE_Init) for MX_USB_DEVICE_Init
    main.o(.ARM.exidx.text.main) refers to main.o(.text.main) for [Anonymous Symbol]
    main.o(.text.SystemClock_Config) refers to rt_memclr_w.o(.text) for __aeabi_memclr4
    main.o(.text.SystemClock_Config) refers to stm32f1xx_hal_rcc.o(.text.HAL_RCC_OscConfig) for HAL_RCC_OscConfig
    main.o(.text.SystemClock_Config) refers to stm32f1xx_hal_rcc.o(.text.HAL_RCC_ClockConfig) for HAL_RCC_ClockConfig
    main.o(.text.SystemClock_Config) refers to stm32f1xx_hal_rcc_ex.o(.text.HAL_RCCEx_PeriphCLKConfig) for HAL_RCCEx_PeriphCLKConfig
    main.o(.text.SystemClock_Config) refers to main.o(.text.Error_Handler) for Error_Handler
    main.o(.ARM.exidx.text.SystemClock_Config) refers to main.o(.text.SystemClock_Config) for [Anonymous Symbol]
    main.o(.text.MX_DMA_Init) refers to main.o(.bss.hdma_memtomem_dma1_channel1) for hdma_memtomem_dma1_channel1
    main.o(.text.MX_DMA_Init) refers to stm32f1xx_hal_dma.o(.text.HAL_DMA_Init) for HAL_DMA_Init
    main.o(.text.MX_DMA_Init) refers to main.o(.text.Error_Handler) for Error_Handler
    main.o(.ARM.exidx.text.MX_DMA_Init) refers to main.o(.text.MX_DMA_Init) for [Anonymous Symbol]
    main.o(.ARM.exidx.text.MX_GPIO_Init) refers to main.o(.text.MX_GPIO_Init) for [Anonymous Symbol]
    main.o(.text.MX_WWDG_Init) refers to main.o(.bss.hwwdg) for hwwdg
    main.o(.text.MX_WWDG_Init) refers to stm32f1xx_hal_wwdg.o(.text.HAL_WWDG_Init) for HAL_WWDG_Init
    main.o(.text.MX_WWDG_Init) refers to main.o(.text.Error_Handler) for Error_Handler
    main.o(.ARM.exidx.text.MX_WWDG_Init) refers to main.o(.text.MX_WWDG_Init) for [Anonymous Symbol]
    main.o(.text.MX_USART3_UART_Init) refers to main.o(.bss.huart3) for huart3
    main.o(.text.MX_USART3_UART_Init) refers to stm32f1xx_hal_uart.o(.text.HAL_UART_Init) for HAL_UART_Init
    main.o(.text.MX_USART3_UART_Init) refers to main.o(.text.Error_Handler) for Error_Handler
    main.o(.ARM.exidx.text.MX_USART3_UART_Init) refers to main.o(.text.MX_USART3_UART_Init) for [Anonymous Symbol]
    main.o(.ARM.exidx.text.Error_Handler) refers to main.o(.text.Error_Handler) for [Anonymous Symbol]
    stm32f1xx_it.o(.ARM.exidx.text.NMI_Handler) refers to stm32f1xx_it.o(.text.NMI_Handler) for [Anonymous Symbol]
[...]
    [Anonymous Symbol]                       0x080009f0   Section        0  usbd_conf.o(.text.HAL_PCD_DataOutStageCallback)
    [Anonymous Symbol]                       0x08000a0c   Section        0  stm32f1xx_hal_pcd.o(.text.HAL_PCD_EP_ClrStall)
    HAL_PCD_EP_DB_Receive                    0x08000a6d   Thumb Code   198  stm32f1xx_hal_pcd.o(.text.HAL_PCD_EP_DB_Receive)
    [Anonymous Symbol]                       0x08000a6c   Section        0  stm32f1xx_hal_pcd.o(.text.HAL_PCD_EP_DB_Receive)
    HAL_PCD_EP_DB_Transmit                   0x08000b35   Thumb Code   824  stm32f1xx_hal_pcd.o(.text.HAL_PCD_EP_DB_Transmit)
    [Anonymous Symbol]                       0x08000b34   Section        0  stm32f1xx_hal_pcd.o(.text.HAL_PCD_EP_DB_Transmit)
    [Anonymous Symbol]                       0x08000e6c   Section        0  stm32f1xx_hal_pcd.o(.text.HAL_PCD_EP_Open)
    [Anonymous Symbol]                       0x08000ec4   Section        0  stm32f1xx_hal_pcd.o(.text.HAL_PCD_EP_Receive)
    [Anonymous Symbol]                       0x08000ef8   Section        0  stm32f1xx_hal_pcd.o(.text.HAL_PCD_EP_SetStall)
    [Anonymous Symbol]                       0x08000f64   Section        0  stm32f1xx_hal_pcd.o(.text.HAL_PCD_EP_Transmit)
    [Anonymous Symbol]                       0x08000f9c   Section        0  stm32f1xx_hal_pcd.o(.text.HAL_PCD_IRQHandler)
    [Anonymous Symbol]                       0x080010fc   Section        0  stm32f1xx_hal_pcd.o(.text.HAL_PCD_Init)
    [Anonymous Symbol]                       0x080011f0   Section        0  usbd_conf.o(.text.HAL_PCD_MspInit)
    [Anonymous Symbol]                       0x08001234   Section        0  usbd_conf.o(.text.HAL_PCD_ResetCallback)
    [Anonymous Symbol]                       0x08001258   Section        0  usbd_conf.o(.text.HAL_PCD_ResumeCallback)
    [Anonymous Symbol]                       0x08001264   Section        0  usbd_conf.o(.text.HAL_PCD_SOFCallback)
    [Anonymous Symbol]                       0x08001270   Section        0  stm32f1xx_hal_pcd.o(.text.HAL_PCD_SetAddress)
    [Anonymous Symbol]                       0x08001298   Section        0  usbd_conf.o(.text.HAL_PCD_SetupStageCallback)
    [Anonymous Symbol]                       0x080012ac   Section        0  stm32f1xx_hal_pcd.o(.text.HAL_PCD_Start)
    [Anonymous Symbol]                       0x080012e0   Section        0  stm32f1xx_hal_pcd.o(.text.HAL_PCD_Stop)
    [Anonymous Symbol]                       0x08001314   Section        0  usbd_conf.o(.text.HAL_PCD_SuspendCallback)
    [Anonymous Symbol]                       0x0800133c   Section        0  stm32f1xx_hal_rcc_ex.o(.text.HAL_RCCEx_PeriphCLKConfig)
    [Anonymous Symbol]                       0x08001444   Section        0  stm32f1xx_hal_rcc.o(.text.HAL_RCC_ClockConfig)
    [Anonymous Symbol]                       0x080015b8   Section        0  stm32f1xx_hal_rcc.o(.text.HAL_RCC_GetHCLKFreq)
    [Anonymous Symbol]                       0x080015c4   Section        0  stm32f1xx_hal_rcc.o(.text.HAL_RCC_GetPCLK1Freq)
    [Anonymous Symbol]                       0x080015e8   Section        0  stm32f1xx_hal_rcc.o(.text.HAL_RCC_GetPCLK2Freq)
    [Anonymous Symbol]                       0x0800160c   Section        0  stm32f1xx_hal_rcc.o(.text.HAL_RCC_GetSysClockFreq)
    HAL_RCC_GetSysClockFreq.aPLLMULFactorTable 0x08001658   Number         0  stm32f1xx_hal_rcc.o(.text.HAL_RCC_GetSysClockFreq)
    HAL_RCC_GetSysClockFreq.aPredivFactorTable 0x08001668   Number         0  stm32f1xx_hal_rcc.o(.text.HAL_RCC_GetSysClockFreq)
    [Anonymous Symbol]                       0x0800166c   Section        0  stm32f1xx_hal_rcc.o(.text.HAL_RCC_OscConfig)
    [Anonymous Symbol]                       0x08001978   Section        0  stm32f1xx_hal_cortex.o(.text.HAL_SYSTICK_Config)
    [Anonymous Symbol]                       0x08001980   Section        0  stm32f1xx_hal_uart.o(.text.HAL_UART_Init)
    [Anonymous Symbol]                       0x080019e0   Section        0  stm32f1xx_hal_msp.o(.text.HAL_UART_MspInit)
    [Anonymous Symbol]                       0x08001a60   Section        0  stm32f1xx_hal_wwdg.o(.text.HAL_WWDG_Init)
    [Anonymous Symbol]                       0x08001a88   Section        0  stm32f1xx_hal_msp.o(.text.HAL_WWDG_MspInit)
    [Anonymous Symbol]                       0x08001abc   Section        0  stm32f1xx_it.o(.text.HardFault_Handler)
    IntToUnicode                             0x08001ac1   Thumb Code    54  usbd_desc.o(.text.IntToUnicode)
    [Anonymous Symbol]                       0x08001ac0   Section        0  usbd_desc.o(.text.IntToUnicode)
    MEM_If_DeInit_FS                         0x08001af9   Thumb Code     4  usbd_dfu_if.o(.text.MEM_If_DeInit_FS)
    [Anonymous Symbol]                       0x08001af8   Section        0  usbd_dfu_if.o(.text.MEM_If_DeInit_FS)
    MEM_If_Erase_FS                          0x08001afd   Thumb Code     4  usbd_dfu_if.o(.text.MEM_If_Erase_FS)
    [Anonymous Symbol]                       0x08001afc   Section        0  usbd_dfu_if.o(.text.MEM_If_Erase_FS)
    MEM_If_GetStatus_FS                      0x08001b01   Thumb Code     4  usbd_dfu_if.o(.text.MEM_If_GetStatus_FS)
    [Anonymous Symbol]                       0x08001b00   Section        0  usbd_dfu_if.o(.text.MEM_If_GetStatus_FS)
    MEM_If_Init_FS                           0x08001b05   Thumb Code     4  usbd_dfu_if.o(.text.MEM_If_Init_FS)
    [Anonymous Symbol]                       0x08001b04   Section        0  usbd_dfu_if.o(.text.MEM_If_Init_FS)
    MEM_If_Read_FS                           0x08001b09   Thumb Code     4  usbd_dfu_if.o(.text.MEM_If_Read_FS)
    [Anonymous Symbol]                       0x08001b08   Section        0  usbd_dfu_if.o(.text.MEM_If_Read_FS)
    MEM_If_Write_FS                          0x08001b0d   Thumb Code     4  usbd_dfu_if.o(.text.MEM_If_Write_FS)
    [Anonymous Symbol]                       0x08001b0c   Section        0  usbd_dfu_if.o(.text.MEM_If_Write_FS)
    MX_DMA_Init                              0x08001b11   Thumb Code    90  main.o(.text.MX_DMA_Init)
    [Anonymous Symbol]                       0x08001b10   Section        0  main.o(.text.MX_DMA_Init)
    MX_GPIO_Init                             0x08001b6d   Thumb Code    68  main.o(.text.MX_GPIO_Init)
    [Anonymous Symbol]                       0x08001b6c   Section        0  main.o(.text.MX_GPIO_Init)
    MX_USART3_UART_Init                      0x08001bb1   Thumb Code    56  main.o(.text.MX_USART3_UART_Init)
    [Anonymous Symbol]                       0x08001bb0   Section        0  main.o(.text.MX_USART3_UART_Init)
    [Anonymous Symbol]                       0x08001be8   Section        0  usb_device.o(.text.MX_USB_DEVICE_Init)
    MX_WWDG_Init                             0x08001c59   Thumb Code    44  main.o(.text.MX_WWDG_Init)
    [Anonymous Symbol]                       0x08001c58   Section        0  main.o(.text.MX_WWDG_Init)
    [Anonymous Symbol]                       0x08001c84   Section        0  stm32f1xx_it.o(.text.MemManage_Handler)
    [Anonymous Symbol]                       0x08001c88   Section        0  stm32f1xx_it.o(.text.NMI_Handler)
    NVIC_EncodePriority                      0x08001c8d   Thumb Code    44  stm32f1xx_hal_cortex.o(.text.NVIC_EncodePriority)
    [Anonymous Symbol]                       0x08001c8c   Section        0  stm32f1xx_hal_cortex.o(.text.NVIC_EncodePriority)
    PCD_EP_ISR_Handler                       0x08001cb9   Thumb Code   946  stm32f1xx_hal_pcd.o(.text.PCD_EP_ISR_Handler)
    [Anonymous Symbol]                       0x08001cb8   Section        0  stm32f1xx_hal_pcd.o(.text.PCD_EP_ISR_Handler)
    [Anonymous Symbol]                       0x0800206c   Section        0  stm32f1xx_it.o(.text.PendSV_Handler)
    RCC_Delay                                0x08002071   Thumb Code    44  stm32f1xx_hal_rcc.o(.text.RCC_Delay)
    [Anonymous Symbol]                       0x08002070   Section        0  stm32f1xx_hal_rcc.o(.text.RCC_Delay)
    [Anonymous Symbol]                       0x0800209c   Section        0  stm32f1xx_it.o(.text.SVC_Handler)
    SysTick_Config                           0x080020a1   Thumb Code    46  stm32f1xx_hal_cortex.o(.text.SysTick_Config)
    [Anonymous Symbol]                       0x080020a0   Section        0  stm32f1xx_hal_cortex.o(.text.SysTick_Config)
    [Anonymous Symbol]                       0x080020d0   Section        0  stm32f1xx_it.o(.text.SysTick_Handler)
    [Anonymous Symbol]                       0x080020d8   Section        0  main.o(.text.SystemClock_Config)
    [Anonymous Symbol]                       0x08002150   Section        0  system_stm32f1xx.o(.text.SystemInit)
    UART_SetConfig                           0x08002155   Thumb Code   142  stm32f1xx_hal_uart.o(.text.UART_SetConfig)
    [Anonymous Symbol]                       0x08002154   Section        0  stm32f1xx_hal_uart.o(.text.UART_SetConfig)
    [Anonymous Symbol]                       0x080021e4   Section        0  usbd_core.o(.text.USBD_ClrClassConfig)
    USBD_ClrFeature                          0x080021f5   Thumb Code    38  usbd_ctlreq.o(.text.USBD_ClrFeature)
    [Anonymous Symbol]                       0x080021f4   Section        0  usbd_ctlreq.o(.text.USBD_ClrFeature)
    [Anonymous Symbol]                       0x0800221c   Section        0  usbd_ioreq.o(.text.USBD_CtlContinueRx)
    [Anonymous Symbol]                       0x0800222c   Section        0  usbd_ioreq.o(.text.USBD_CtlContinueSendData)
    [Anonymous Symbol]                       0x0800223c   Section        0  usbd_ctlreq.o(.text.USBD_CtlError)
    [Anonymous Symbol]                       0x08002250   Section        0  usbd_ioreq.o(.text.USBD_CtlPrepareRx)
    [Anonymous Symbol]                       0x0800226c   Section        0  usbd_ioreq.o(.text.USBD_CtlReceiveStatus)
    [Anonymous Symbol]                       0x08002284   Section        0  usbd_ioreq.o(.text.USBD_CtlSendData)
    [Anonymous Symbol]                       0x080022a0   Section        0  usbd_ioreq.o(.text.USBD_CtlSendStatus)
    USBD_DFU_DataIn                          0x080022b9   Thumb Code     4  usbd_dfu.o(.text.USBD_DFU_DataIn)
    [Anonymous Symbol]                       0x080022b8   Section        0  usbd_dfu.o(.text.USBD_DFU_DataIn)
    USBD_DFU_DataOut                         0x080022bd   Thumb Code     4  usbd_dfu.o(.text.USBD_DFU_DataOut)
    [Anonymous Symbol]                       0x080022bc   Section        0  usbd_dfu.o(.text.USBD_DFU_DataOut)
    USBD_DFU_DeInit                          0x080022c1   Thumb Code    62  usbd_dfu.o(.text.USBD_DFU_DeInit)
    [Anonymous Symbol]                       0x080022c0   Section        0  usbd_dfu.o(.text.USBD_DFU_DeInit)
    USBD_DFU_EP0_RxReady                     0x08002301   Thumb Code     4  usbd_dfu.o(.text.USBD_DFU_EP0_RxReady)
    [Anonymous Symbol]                       0x08002300   Section        0  usbd_dfu.o(.text.USBD_DFU_EP0_RxReady)
    USBD_DFU_EP0_TxReady                     0x08002305   Thumb Code   208  usbd_dfu.o(.text.USBD_DFU_EP0_TxReady)
    [Anonymous Symbol]                       0x08002304   Section        0  usbd_dfu.o(.text.USBD_DFU_EP0_TxReady)
    USBD_DFU_GetCfgDesc                      0x080023d5   Thumb Code    16  usbd_dfu.o(.text.USBD_DFU_GetCfgDesc)
    [Anonymous Symbol]                       0x080023d4   Section        0  usbd_dfu.o(.text.USBD_DFU_GetCfgDesc)
    USBD_DFU_GetDeviceQualifierDesc          0x080023e5   Thumb Code    16  usbd_dfu.o(.text.USBD_DFU_GetDeviceQualifierDesc)
    [Anonymous Symbol]                       0x080023e4   Section        0  usbd_dfu.o(.text.USBD_DFU_GetDeviceQualifierDesc)
    USBD_DFU_GetUsrStringDesc                0x080023f5   Thumb Code    34  usbd_dfu.o(.text.USBD_DFU_GetUsrStringDesc)
    [Anonymous Symbol]                       0x080023f4   Section        0  usbd_dfu.o(.text.USBD_DFU_GetUsrStringDesc)
    USBD_DFU_Init                            0x08002419   Thumb Code    76  usbd_dfu.o(.text.USBD_DFU_Init)
    [Anonymous Symbol]                       0x08002418   Section        0  usbd_dfu.o(.text.USBD_DFU_Init)
    USBD_DFU_IsoINIncomplete                 0x08002465   Thumb Code     4  usbd_dfu.o(.text.USBD_DFU_IsoINIncomplete)
    [Anonymous Symbol]                       0x08002464   Section        0  usbd_dfu.o(.text.USBD_DFU_IsoINIncomplete)
    USBD_DFU_IsoOutIncomplete                0x08002469   Thumb Code     4  usbd_dfu.o(.text.USBD_DFU_IsoOutIncomplete)
    [Anonymous Symbol]                       0x08002468   Section        0  usbd_dfu.o(.text.USBD_DFU_IsoOutIncomplete)
    [Anonymous Symbol]                       0x0800246c   Section        0  usbd_dfu.o(.text.USBD_DFU_RegisterMedia)
    USBD_DFU_SOF                             0x08002479   Thumb Code     4  usbd_dfu.o(.text.USBD_DFU_SOF)
    [Anonymous Symbol]                       0x08002478   Section        0  usbd_dfu.o(.text.USBD_DFU_SOF)
    USBD_DFU_Setup                           0x0800247d   Thumb Code   214  usbd_dfu.o(.text.USBD_DFU_Setup)
    [Anonymous Symbol]                       0x0800247c   Section        0  usbd_dfu.o(.text.USBD_DFU_Setup)
    [Anonymous Symbol]                       0x08002554   Section        0  usbd_desc.o(.text.USBD_FS_ConfigStrDescriptor)
    [Anonymous Symbol]                       0x08002578   Section        0  usbd_desc.o(.text.USBD_FS_DeviceDescriptor)
    [Anonymous Symbol]                       0x08002588   Section        0  usbd_desc.o(.text.USBD_FS_InterfaceStrDescriptor)
    [Anonymous Symbol]                       0x080025b0   Section        0  usbd_desc.o(.text.USBD_FS_LangIDStrDescriptor)
    [Anonymous Symbol]                       0x080025c0   Section        0  usbd_desc.o(.text.USBD_FS_ManufacturerStrDescriptor)
    [Anonymous Symbol]                       0x080025ec   Section        0  usbd_desc.o(.text.USBD_FS_ProductStrDescriptor)
    [Anonymous Symbol]                       0x08002624   Section        0  usbd_desc.o(.text.USBD_FS_SerialStrDescriptor)
    USBD_GetConfig                           0x08002639   Thumb Code    48  usbd_ctlreq.o(.text.USBD_GetConfig)
    [Anonymous Symbol]                       0x08002638   Section        0  usbd_ctlreq.o(.text.USBD_GetConfig)
    USBD_GetDescriptor                       0x08002669   Thumb Code   270  usbd_ctlreq.o(.text.USBD_GetDescriptor)
    [Anonymous Symbol]                       0x08002668   Section        0  usbd_ctlreq.o(.text.USBD_GetDescriptor)
    USBD_GetLen                              0x08002779   Thumb Code    30  usbd_ctlreq.o(.text.USBD_GetLen)
    [Anonymous Symbol]                       0x08002778   Section        0  usbd_ctlreq.o(.text.USBD_GetLen)
    USBD_GetStatus                           0x08002799   Thumb Code    50  usbd_ctlreq.o(.text.USBD_GetStatus)
    [Anonymous Symbol]                       0x08002798   Section        0  usbd_ctlreq.o(.text.USBD_GetStatus)
    [Anonymous Symbol]                       0x080027cc   Section        0  usbd_ctlreq.o(.text.USBD_GetString)
    USBD_Get_USB_Status                      0x08002811   Thumb Code    26  usbd_conf.o(.text.USBD_Get_USB_Status)
    [Anonymous Symbol]                       0x08002810   Section        0  usbd_conf.o(.text.USBD_Get_USB_Status)
    [Anonymous Symbol]                       0x0800282c   Section        0  usbd_core.o(.text.USBD_Init)
    [Anonymous Symbol]                       0x0800285c   Section        0  usbd_conf.o(.text.USBD_LL_ClearStallEP)
    [Anonymous Symbol]                       0x0800286c   Section        0  usbd_core.o(.text.USBD_LL_DataInStage)
    [Anonymous Symbol]                       0x08002930   Section        0  usbd_core.o(.text.USBD_LL_DataOutStage)
    [Anonymous Symbol]                       0x080029b8   Section        0  usbd_conf.o(.text.USBD_LL_Init)
    [Anonymous Symbol]                       0x08002a10   Section        0  usbd_conf.o(.text.USBD_LL_IsStallEP)
    [Anonymous Symbol]                       0x08002a30   Section        0  usbd_conf.o(.text.USBD_LL_OpenEP)
    [Anonymous Symbol]                       0x08002a48   Section        0  usbd_conf.o(.text.USBD_LL_PrepareReceive)
    [Anonymous Symbol]                       0x08002a58   Section        0  usbd_core.o(.text.USBD_LL_Reset)
    [Anonymous Symbol]                       0x08002aac   Section        0  usbd_core.o(.text.USBD_LL_Resume)
    [Anonymous Symbol]                       0x08002ac0   Section        0  usbd_core.o(.text.USBD_LL_SOF)
    [Anonymous Symbol]                       0x08002adc   Section        0  usbd_core.o(.text.USBD_LL_SetSpeed)
    [Anonymous Symbol]                       0x08002ae4   Section        0  usbd_conf.o(.text.USBD_LL_SetUSBAddress)
    [Anonymous Symbol]                       0x08002af4   Section        0  usbd_core.o(.text.USBD_LL_SetupStage)
    [Anonymous Symbol]                       0x08002b54   Section        0  usbd_conf.o(.text.USBD_LL_StallEP)
    [Anonymous Symbol]                       0x08002b64   Section        0  usbd_conf.o(.text.USBD_LL_Start)
    [Anonymous Symbol]                       0x08002b74   Section        0  usbd_conf.o(.text.USBD_LL_Stop)
    [Anonymous Symbol]                       0x08002b84   Section        0  usbd_core.o(.text.USBD_LL_Suspend)
    [Anonymous Symbol]                       0x08002b98   Section        0  usbd_conf.o(.text.USBD_LL_Transmit)
    [Anonymous Symbol]                       0x08002ba8   Section        0  usbd_ctlreq.o(.text.USBD_ParseSetupRequest)
    [Anonymous Symbol]                       0x08002bc0   Section        0  usbd_core.o(.text.USBD_RegisterClass)
    USBD_SetAddress                          0x08002bd1   Thumb Code    70  usbd_ctlreq.o(.text.USBD_SetAddress)
    [Anonymous Symbol]                       0x08002bd0   Section        0  usbd_ctlreq.o(.text.USBD_SetAddress)
    [Anonymous Symbol]                       0x08002c18   Section        0  usbd_core.o(.text.USBD_SetClassConfig)
    USBD_SetConfig                           0x08002c35   Thumb Code   134  usbd_ctlreq.o(.text.USBD_SetConfig)
    [Anonymous Symbol]                       0x08002c34   Section        0  usbd_ctlreq.o(.text.USBD_SetConfig)
    USBD_SetFeature                          0x08002cbd   Thumb Code    22  usbd_ctlreq.o(.text.USBD_SetFeature)
    [Anonymous Symbol]                       0x08002cbc   Section        0  usbd_ctlreq.o(.text.USBD_SetFeature)
    [Anonymous Symbol]                       0x08002cd4   Section        0  usbd_core.o(.text.USBD_Start)
    [Anonymous Symbol]                       0x08002ce0   Section        0  usbd_ctlreq.o(.text.USBD_StdDevReq)
    [Anonymous Symbol]                       0x08002d54   Section        0  usbd_ctlreq.o(.text.USBD_StdEPReq)
    [Anonymous Symbol]                       0x08002e9c   Section        0  usbd_ctlreq.o(.text.USBD_StdItfReq)
    [Anonymous Symbol]                       0x08002ef8   Section        0  usbd_core.o(.text.USBD_Stop)
    [Anonymous Symbol]                       0x08002f14   Section        0  usbd_conf.o(.text.USBD_static_free)
    [Anonymous Symbol]                       0x08002f18   Section        0  usbd_conf.o(.text.USBD_static_malloc)
    [Anonymous Symbol]                       0x08002f24   Section        0  stm32f1xx_ll_usb.o(.text.USB_ActivateEndpoint)
    [Anonymous Symbol]                       0x08003150   Section        0  stm32f1xx_ll_usb.o(.text.USB_CoreInit)
    [Anonymous Symbol]                       0x08003154   Section        0  stm32f1xx_ll_usb.o(.text.USB_DevConnect)
    [Anonymous Symbol]                       0x08003158   Section        0  stm32f1xx_ll_usb.o(.text.USB_DevDisconnect)
    [Anonymous Symbol]                       0x0800315c   Section        0  stm32f1xx_ll_usb.o(.text.USB_DevInit)
    [Anonymous Symbol]                       0x08003178   Section        0  stm32f1xx_ll_usb.o(.text.USB_DisableGlobalInt)
    [Anonymous Symbol]                       0x0800318c   Section        0  stm32f1xx_ll_usb.o(.text.USB_EP0_OutStart)
    [Anonymous Symbol]                       0x08003190   Section        0  stm32f1xx_ll_usb.o(.text.USB_EPClearStall)
    [Anonymous Symbol]                       0x08003210   Section        0  stm32f1xx_ll_usb.o(.text.USB_EPSetStall)
    [Anonymous Symbol]                       0x08003244   Section        0  stm32f1xx_ll_usb.o(.text.USB_EPStartXfer)
    [Anonymous Symbol]                       0x08003854   Section        0  stm32f1xx_ll_usb.o(.text.USB_EnableGlobalInt)
    [Anonymous Symbol]                       0x08003868   Section        0  stm32f1xx_it.o(.text.USB_LP_CAN1_RX0_IRQHandler)
    [Anonymous Symbol]                       0x08003878   Section        0  stm32f1xx_ll_usb.o(.text.USB_ReadInterrupts)
    [Anonymous Symbol]                       0x08003880   Section        0  stm32f1xx_ll_usb.o(.text.USB_ReadPMA)
    [Anonymous Symbol]                       0x080038b4   Section        0  stm32f1xx_ll_usb.o(.text.USB_SetCurrentMode)
    [Anonymous Symbol]                       0x080038b8   Section        0  stm32f1xx_ll_usb.o(.text.USB_SetDevAddress)
    [Anonymous Symbol]                       0x080038c8   Section        0  stm32f1xx_ll_usb.o(.text.USB_WritePMA)
    [Anonymous Symbol]                       0x080038f4   Section        0  stm32f1xx_it.o(.text.UsageFault_Handler)
    __NVIC_EnableIRQ                         0x080038f9   Thumb Code    32  stm32f1xx_hal_cortex.o(.text.__NVIC_EnableIRQ)
    [Anonymous Symbol]                       0x080038f8   Section        0  stm32f1xx_hal_cortex.o(.text.__NVIC_EnableIRQ)
    __NVIC_GetPriorityGrouping               0x08003919   Thumb Code    16  stm32f1xx_hal_cortex.o(.text.__NVIC_GetPriorityGrouping)
    [Anonymous Symbol]                       0x08003918   Section        0  stm32f1xx_hal_cortex.o(.text.__NVIC_GetPriorityGrouping)
    __NVIC_SetPriority                       0x08003929   Thumb Code    34  stm32f1xx_hal_cortex.o(.text.__NVIC_SetPriority)
    [Anonymous Symbol]                       0x08003928   Section        0  stm32f1xx_hal_cortex.o(.text.__NVIC_SetPriority)
    __NVIC_SetPriorityGrouping               0x0800394d   Thumb Code    32  stm32f1xx_hal_cortex.o(.text.__NVIC_SetPriorityGrouping)
    [Anonymous Symbol]                       0x0800394c   Section        0  stm32f1xx_hal_cortex.o(.text.__NVIC_SetPriorityGrouping)
    __NVIC_SystemReset                       0x0800396d   Thumb Code    36  usbd_dfu.o(.text.__NVIC_SystemReset)
    [Anonymous Symbol]                       0x0800396c   Section        0  usbd_dfu.o(.text.__NVIC_SystemReset)
    [Anonymous Symbol]                       0x08003990   Section        0  main.o(.text.main)
    [Anonymous Symbol]                       0x080039c6   Section        0  usbd_dfu_if.o(.rodata.str1.1)
    USBD_DFU_CfgDesc                         0x2000005c   Data          27  usbd_dfu.o(.data.USBD_DFU_CfgDesc)
    [Anonymous Symbol]                       0x2000005c   Section        0  usbd_dfu.o(.data.USBD_DFU_CfgDesc)
    USBD_DFU_DeviceQualifierDesc             0x20000078   Data          10  usbd_dfu.o(.data.USBD_DFU_DeviceQualifierDesc)
    [Anonymous Symbol]                       0x20000078   Section        0  usbd_dfu.o(.data.USBD_DFU_DeviceQualifierDesc)
    .bss                                     0x200000d8   Section       96  libspace.o(.bss)
    USBD_DFU_GetUsrStringDesc.USBD_StrDesc   0x20000138   Data         255  usbd_dfu.o(.bss.USBD_DFU_GetUsrStringDesc.USBD_StrDesc)
    [Anonymous Symbol]                       0x20000138   Section        0  usbd_dfu.o(.bss.USBD_DFU_GetUsrStringDesc.USBD_StrDesc)
    USBD_SetConfig.cfgidx                    0x20000237   Data           1  usbd_ctlreq.o(.bss.USBD_SetConfig.cfgidx)
    [Anonymous Symbol]                       0x20000237   Section        0  usbd_ctlreq.o(.bss.USBD_SetConfig.cfgidx)
    USBD_static_malloc.mem                   0x20000438   Data        1056  usbd_conf.o(.bss.USBD_static_malloc.mem)
    [Anonymous Symbol]                       0x20000438   Section        0  usbd_conf.o(.bss.USBD_static_malloc.mem)
    Heap_Mem                                 0x20000eb0   Data         512  startup_stm32f103xb.o(HEAP)
    HEAP                                     0x20000eb0   Section      512  startup_stm32f103xb.o(HEAP)
    Stack_Mem                                0x200010b0   Data        1024  startup_stm32f103xb.o(STACK)
    STACK                                    0x200010b0   Section     1024  startup_stm32f103xb.o(STACK)
    __initial_sp                             0x200014b0   Data           0  startup_stm32f103xb.o(STACK)

    Global Symbols

    Symbol Name                              Value     Ov Type        Size  Object(Section)

    BuildAttributes$$THM_ISAv4$P$D$K$B$S$PE$A:L22UL41UL21$X:L11$S22US41US21$IEEE1$IW$~IW$USESV6$~STKCKD$USESV7$~SHL$OTIME$ROPI$EBA8$UX$STANDARDLIB$REQ8$PRES8$EABIv2 0x00000000   Number         0  anon$$obj.o ABSOLUTE
    __fp_init_empty                          0x00000000   Number         0  fpinit_empty.o ABSOLUTE
    __ARM_exceptions_init                     - Undefined Weak Reference
    __alloca_initialize                       - Undefined Weak Reference
    __arm_preinit_                            - Undefined Weak Reference
    __cpp_initialize__aeabi_                  - Undefined Weak Reference
    __cxa_finalize                            - Undefined Weak Reference
    __rt_locale                               - Undefined Weak Reference
    __sigvec_lookup                           - Undefined Weak Reference
    _atexit_init                              - Undefined Weak Reference
    _call_atexit_fns                          - Undefined Weak Reference
    _clock_init                               - Undefined Weak Reference
    _fp_trap_init                             - Undefined Weak Reference
    _fp_trap_shutdown                         - Undefined Weak Reference
    _get_lc_collate                           - Undefined Weak Reference
    _get_lc_ctype                             - Undefined Weak Reference
    _get_lc_monetary                          - Undefined Weak Reference
    _get_lc_numeric                           - Undefined Weak Reference
    _get_lc_time                              - Undefined Weak Reference
    _getenv_init                              - Undefined Weak Reference
    _handle_redirection                       - Undefined Weak Reference
    _init_alloc                               - Undefined Weak Reference
    _init_user_alloc                          - Undefined Weak Reference
    _initio                                   - Undefined Weak Reference
    _rand_init                                - Undefined Weak Reference
    _signal_finish                            - Undefined Weak Reference
    _signal_init                              - Undefined Weak Reference
    _terminate_alloc                          - Undefined Weak Reference
    _terminate_user_alloc                     - Undefined Weak Reference
    _terminateio                              - Undefined Weak Reference
    __Vectors_Size                           0x000000ec   Number         0  startup_stm32f103xb.o ABSOLUTE
    __Vectors                                0x08000000   Data           4  startup_stm32f103xb.o(RESET)
    __Vectors_End                            0x080000ec   Data           0  startup_stm32f103xb.o(RESET)
    __main                                   0x080000ed   Thumb Code     8  __main.o(!!!main)
    __scatterload                            0x080000f5   Thumb Code     0  __scatter.o(!!!scatter)
    __scatterload_rt2                        0x080000f5   Thumb Code    44  __scatter.o(!!!scatter)
    __scatterload_rt2_thumb_only             0x080000f5   Thumb Code     0  __scatter.o(!!!scatter)
    __scatterload_null                       0x08000103   Thumb Code     0  __scatter.o(!!!scatter)
    __scatterload_copy                       0x08000129   Thumb Code    26  __scatter_copy.o(!!handler_copy)
    __scatterload_zeroinit                   0x08000145   Thumb Code    28  __scatter_zi.o(!!handler_zi)
    __rt_lib_init                            0x08000161   Thumb Code     0  libinit.o(.ARM.Collect$$libinit$$00000000)
    __rt_lib_init_alloca_1                   0x08000163   Thumb Code     0  libinit2.o(.ARM.Collect$$libinit$$0000002E)
    __rt_lib_init_argv_1                     0x08000163   Thumb Code     0  libinit2.o(.ARM.Collect$$libinit$$0000002C)
    __rt_lib_init_atexit_1                   0x08000163   Thumb Code     0  libinit2.o(.ARM.Collect$$libinit$$0000001B)
    __rt_lib_init_clock_1                    0x08000163   Thumb Code     0  libinit2.o(.ARM.Collect$$libinit$$00000021)
    __rt_lib_init_cpp_1                      0x08000163   Thumb Code     0  libinit2.o(.ARM.Collect$$libinit$$00000032)
    __rt_lib_init_exceptions_1               0x08000163   Thumb Code     0  libinit2.o(.ARM.Collect$$libinit$$00000030)
    __rt_lib_init_fp_1                       0x08000163   Thumb Code     0  libinit2.o(.ARM.Collect$$libinit$$00000002)
    __rt_lib_init_fp_trap_1                  0x08000163   Thumb Code     0  libinit2.o(.ARM.Collect$$libinit$$0000001F)
    __rt_lib_init_getenv_1                   0x08000163   Thumb Code     0  libinit2.o(.ARM.Collect$$libinit$$00000023)
    __rt_lib_init_heap_1                     0x08000163   Thumb Code     0  libinit2.o(.ARM.Collect$$libinit$$0000000A)
    __rt_lib_init_lc_collate_1               0x08000163   Thumb Code     0  libinit2.o(.ARM.Collect$$libinit$$00000011)
    __rt_lib_init_lc_ctype_1                 0x08000163   Thumb Code     0  libinit2.o(.ARM.Collect$$libinit$$00000013)
    __rt_lib_init_lc_monetary_1              0x08000163   Thumb Code     0  libinit2.o(.ARM.Collect$$libinit$$00000015)
    __rt_lib_init_lc_numeric_1               0x08000163   Thumb Code     0  libinit2.o(.ARM.Collect$$libinit$$00000017)
    __rt_lib_init_lc_time_1                  0x08000163   Thumb Code     0  libinit2.o(.ARM.Collect$$libinit$$00000019)
    __rt_lib_init_preinit_1                  0x08000163   Thumb Code     0  libinit2.o(.ARM.Collect$$libinit$$00000004)
    __rt_lib_init_rand_1                     0x08000163   Thumb Code     0  libinit2.o(.ARM.Collect$$libinit$$0000000E)
    __rt_lib_init_return                     0x08000163   Thumb Code     0  libinit2.o(.ARM.Collect$$libinit$$00000033)
    __rt_lib_init_signal_1                   0x08000163   Thumb Code     0  libinit2.o(.ARM.Collect$$libinit$$0000001D)
    __rt_lib_init_stdio_1                    0x08000163   Thumb Code     0  libinit2.o(.ARM.Collect$$libinit$$00000025)
    __rt_lib_init_user_alloc_1               0x08000163   Thumb Code     0  libinit2.o(.ARM.Collect$$libinit$$0000000C)
    __rt_lib_shutdown                        0x08000165   Thumb Code     0  libshutdown.o(.ARM.Collect$$libshutdown$$00000000)
    __rt_lib_shutdown_cpp_1                  0x08000167   Thumb Code     0  libshutdown2.o(.ARM.Collect$$libshutdown$$00000002)
    __rt_lib_shutdown_fp_trap_1              0x08000167   Thumb Code     0  libshutdown2.o(.ARM.Collect$$libshutdown$$00000007)
    __rt_lib_shutdown_heap_1                 0x08000167   Thumb Code     0  libshutdown2.o(.ARM.Collect$$libshutdown$$0000000F)
    __rt_lib_shutdown_return                 0x08000167   Thumb Code     0  libshutdown2.o(.ARM.Collect$$libshutdown$$00000010)
    __rt_lib_shutdown_signal_1               0x08000167   Thumb Code     0  libshutdown2.o(.ARM.Collect$$libshutdown$$0000000A)
    __rt_lib_shutdown_stdio_1                0x08000167   Thumb Code     0  libshutdown2.o(.ARM.Collect$$libshutdown$$00000004)
    __rt_lib_shutdown_user_alloc_1           0x08000167   Thumb Code     0  libshutdown2.o(.ARM.Collect$$libshutdown$$0000000C)
    __rt_entry                               0x08000169   Thumb Code     0  __rtentry.o(.ARM.Collect$$rtentry$$00000000)
    __rt_entry_presh_1                       0x08000169   Thumb Code     0  __rtentry2.o(.ARM.Collect$$rtentry$$00000002)
    __rt_entry_sh                            0x08000169   Thumb Code     0  __rtentry4.o(.ARM.Collect$$rtentry$$00000004)
    __rt_entry_li                            0x0800016f   Thumb Code     0  __rtentry2.o(.ARM.Collect$$rtentry$$0000000A)
    __rt_entry_postsh_1                      0x0800016f   Thumb Code     0  __rtentry2.o(.ARM.Collect$$rtentry$$00000009)
    __rt_entry_main                          0x08000173   Thumb Code     0  __rtentry2.o(.ARM.Collect$$rtentry$$0000000D)
    __rt_entry_postli_1                      0x08000173   Thumb Code     0  __rtentry2.o(.ARM.Collect$$rtentry$$0000000C)
    __rt_exit                                0x0800017b   Thumb Code     0  rtexit.o(.ARM.Collect$$rtexit$$00000000)
    __rt_exit_ls                             0x0800017d   Thumb Code     0  rtexit2.o(.ARM.Collect$$rtexit$$00000003)
    __rt_exit_prels_1                        0x0800017d   Thumb Code     0  rtexit2.o(.ARM.Collect$$rtexit$$00000002)
    __rt_exit_exit                           0x08000181   Thumb Code     0  rtexit2.o(.ARM.Collect$$rtexit$$00000004)
    Reset_Handler                            0x08000189   Thumb Code     8  startup_stm32f103xb.o(.text)
    ADC1_2_IRQHandler                        0x080001a3   Thumb Code     0  startup_stm32f103xb.o(.text)
    CAN1_RX1_IRQHandler                      0x080001a3   Thumb Code     0  startup_stm32f103xb.o(.text)
    CAN1_SCE_IRQHandler                      0x080001a3   Thumb Code     0  startup_stm32f103xb.o(.text)
    DMA1_Channel1_IRQHandler                 0x080001a3   Thumb Code     0  startup_stm32f103xb.o(.text)
    DMA1_Channel2_IRQHandler                 0x080001a3   Thumb Code     0  startup_stm32f103xb.o(.text)
    DMA1_Channel3_IRQHandler                 0x080001a3   Thumb Code     0  startup_stm32f103xb.o(.text)
    DMA1_Channel4_IRQHandler                 0x080001a3   Thumb Code     0  startup_stm32f103xb.o(.text)
    DMA1_Channel5_IRQHandler                 0x080001a3   Thumb Code     0  startup_stm32f103xb.o(.text)
    DMA1_Channel6_IRQHandler                 0x080001a3   Thumb Code     0  startup_stm32f103xb.o(.text)
    DMA1_Channel7_IRQHandler                 0x080001a3   Thumb Code     0  startup_stm32f103xb.o(.text)
    EXTI0_IRQHandler                         0x080001a3   Thumb Code     0  startup_stm32f103xb.o(.text)
    EXTI15_10_IRQHandler                     0x080001a3   Thumb Code     0  startup_stm32f103xb.o(.text)
    EXTI1_IRQHandler                         0x080001a3   Thumb Code     0  startup_stm32f103xb.o(.text)
    EXTI2_IRQHandler                         0x080001a3   Thumb Code     0  startup_stm32f103xb.o(.text)
    EXTI3_IRQHandler                         0x080001a3   Thumb Code     0  startup_stm32f103xb.o(.text)
    EXTI4_IRQHandler                         0x080001a3   Thumb Code     0  startup_stm32f103xb.o(.text)
    EXTI9_5_IRQHandler                       0x080001a3   Thumb Code     0  startup_stm32f103xb.o(.text)
    FLASH_IRQHandler                         0x080001a3   Thumb Code     0  startup_stm32f103xb.o(.text)
    I2C1_ER_IRQHandler                       0x080001a3   Thumb Code     0  startup_stm32f103xb.o(.text)
    I2C1_EV_IRQHandler                       0x080001a3   Thumb Code     0  startup_stm32f103xb.o(.text)
    I2C2_ER_IRQHandler                       0x080001a3   Thumb Code     0  startup_stm32f103xb.o(.text)
    I2C2_EV_IRQHandler                       0x080001a3   Thumb Code     0  startup_stm32f103xb.o(.text)
    PVD_IRQHandler                           0x080001a3   Thumb Code     0  startup_stm32f103xb.o(.text)
    RCC_IRQHandler                           0x080001a3   Thumb Code     0  startup_stm32f103xb.o(.text)
    RTC_Alarm_IRQHandler                     0x080001a3   Thumb Code     0  startup_stm32f103xb.o(.text)
    RTC_IRQHandler                           0x080001a3   Thumb Code     0  startup_stm32f103xb.o(.text)
    SPI1_IRQHandler                          0x080001a3   Thumb Code     0  startup_stm32f103xb.o(.text)
    SPI2_IRQHandler                          0x080001a3   Thumb Code     0  startup_stm32f103xb.o(.text)
    TAMPER_IRQHandler                        0x080001a3   Thumb Code     0  startup_stm32f103xb.o(.text)
    TIM1_BRK_IRQHandler                      0x080001a3   Thumb Code     0  startup_stm32f103xb.o(.text)
    TIM1_CC_IRQHandler                       0x080001a3   Thumb Code     0  startup_stm32f103xb.o(.text)
    TIM1_TRG_COM_IRQHandler                  0x080001a3   Thumb Code     0  startup_stm32f103xb.o(.text)
    TIM1_UP_IRQHandler                       0x080001a3   Thumb Code     0  startup_stm32f103xb.o(.text)
    TIM2_IRQHandler                          0x080001a3   Thumb Code     0  startup_stm32f103xb.o(.text)
    TIM3_IRQHandler                          0x080001a3   Thumb Code     0  startup_stm32f103xb.o(.text)
    TIM4_IRQHandler                          0x080001a3   Thumb Code     0  startup_stm32f103xb.o(.text)
    USART1_IRQHandler                        0x080001a3   Thumb Code     0  startup_stm32f103xb.o(.text)
    USART2_IRQHandler                        0x080001a3   Thumb Code     0  startup_stm32f103xb.o(.text)
    USART3_IRQHandler                        0x080001a3   Thumb Code     0  startup_stm32f103xb.o(.text)
    USBWakeUp_IRQHandler                     0x080001a3   Thumb Code     0  startup_stm32f103xb.o(.text)
    USB_HP_CAN1_TX_IRQHandler                0x080001a3   Thumb Code     0  startup_stm32f103xb.o(.text)
    WWDG_IRQHandler                          0x080001a3   Thumb Code     0  startup_stm32f103xb.o(.text)
    __user_initial_stackheap                 0x080001a5   Thumb Code     0  startup_stm32f103xb.o(.text)
    __aeabi_memclr4                          0x080001c9   Thumb Code     0  rt_memclr_w.o(.text)
    __aeabi_memclr8                          0x080001c9   Thumb Code     0  rt_memclr_w.o(.text)
    __rt_memclr_w                            0x080001c9   Thumb Code     0  rt_memclr_w.o(.text)
    _memset_w                                0x080001cd   Thumb Code    74  rt_memclr_w.o(.text)
    __use_two_region_memory                  0x08000217   Thumb Code     2  heapauxi.o(.text)
    __rt_heap_escrow$2region                 0x08000219   Thumb Code     2  heapauxi.o(.text)
    __rt_heap_expand$2region                 0x0800021b   Thumb Code     2  heapauxi.o(.text)
    __user_setup_stackheap                   0x0800021d   Thumb Code    74  sys_stackheap_outer.o(.text)
    exit                                     0x08000267   Thumb Code    18  exit.o(.text)
    __user_libspace                          0x08000279   Thumb Code     8  libspace.o(.text)
    __user_perproc_libspace                  0x08000279   Thumb Code     0  libspace.o(.text)
    __user_perthread_libspace                0x08000279   Thumb Code     0  libspace.o(.text)
    _sys_exit                                0x08000281   Thumb Code     8  sys_exit.o(.text)
    __I$use$semihosting                      0x0800028d   Thumb Code     0  use_no_semi.o(.text)
    __use_no_semihosting_swi                 0x0800028d   Thumb Code     2  use_no_semi.o(.text)
    __semihosting_library_function           0x0800028f   Thumb Code     0  indicate_semi.o(.text)
    BusFault_Handler                         0x08000291   Thumb Code     2  stm32f1xx_it.o(.text.BusFault_Handler)
    DebugMon_Handler                         0x08000589   Thumb Code     2  stm32f1xx_it.o(.text.DebugMon_Handler)
    Error_Handler                            0x0800058d   Thumb Code    10  main.o(.text.Error_Handler)
    HAL_DMA_Init                             0x080005cd   Thumb Code   136  stm32f1xx_hal_dma.o(.text.HAL_DMA_Init)
    HAL_Delay                                0x08000655   Thumb Code    40  stm32f1xx_hal.o(.text.HAL_Delay)
    HAL_GPIO_Init                            0x0800067d   Thumb Code   506  stm32f1xx_hal_gpio.o(.text.HAL_GPIO_Init)
    HAL_GetTick                              0x08000879   Thumb Code    12  stm32f1xx_hal.o(.text.HAL_GetTick)
    HAL_IncTick                              0x08000885   Thumb Code    26  stm32f1xx_hal.o(.text.HAL_IncTick)
    HAL_Init                                 0x080008a1   Thumb Code    38  stm32f1xx_hal.o(.text.HAL_Init)
    HAL_InitTick                             0x080008c9   Thumb Code    80  stm32f1xx_hal.o(.text.HAL_InitTick)
    HAL_MspInit                              0x08000919   Thumb Code    66  stm32f1xx_hal_msp.o(.text.HAL_MspInit)
    HAL_NVIC_EnableIRQ                       0x0800095d   Thumb Code     8  stm32f1xx_hal_cortex.o(.text.HAL_NVIC_EnableIRQ)
    HAL_NVIC_SetPriority                     0x08000965   Thumb Code    30  stm32f1xx_hal_cortex.o(.text.HAL_NVIC_SetPriority)
    HAL_NVIC_SetPriorityGrouping             0x08000985   Thumb Code     8  stm32f1xx_hal_cortex.o(.text.HAL_NVIC_SetPriorityGrouping)
    HAL_PCDEx_PMAConfig                      0x0800098d   Thumb Code    70  stm32f1xx_hal_pcd_ex.o(.text.HAL_PCDEx_PMAConfig)
    HAL_PCDEx_SetConnectionState             0x080009d5   Thumb Code     2  usbd_conf.o(.text.HAL_PCDEx_SetConnectionState)
    HAL_PCD_DataInStageCallback              0x080009d9   Thumb Code    24  usbd_conf.o(.text.HAL_PCD_DataInStageCallback)
    HAL_PCD_DataOutStageCallback             0x080009f1   Thumb Code    26  usbd_conf.o(.text.HAL_PCD_DataOutStageCallback)
    HAL_PCD_EP_ClrStall                      0x08000a0d   Thumb Code    94  stm32f1xx_hal_pcd.o(.text.HAL_PCD_EP_ClrStall)
    HAL_PCD_EP_Open                          0x08000e6d   Thumb Code    88  stm32f1xx_hal_pcd.o(.text.HAL_PCD_EP_Open)
    HAL_PCD_EP_Receive                       0x08000ec5   Thumb Code    50  stm32f1xx_hal_pcd.o(.text.HAL_PCD_EP_Receive)
    HAL_PCD_EP_SetStall                      0x08000ef9   Thumb Code   108  stm32f1xx_hal_pcd.o(.text.HAL_PCD_EP_SetStall)
    HAL_PCD_EP_Transmit                      0x08000f65   Thumb Code    54  stm32f1xx_hal_pcd.o(.text.HAL_PCD_EP_Transmit)
    HAL_PCD_IRQHandler                       0x08000f9d   Thumb Code   350  stm32f1xx_hal_pcd.o(.text.HAL_PCD_IRQHandler)
    HAL_PCD_Init                             0x080010fd   Thumb Code   242  stm32f1xx_hal_pcd.o(.text.HAL_PCD_Init)
    HAL_PCD_MspInit                          0x080011f1   Thumb Code    68  usbd_conf.o(.text.HAL_PCD_MspInit)
    HAL_PCD_ResetCallback                    0x08001235   Thumb Code    34  usbd_conf.o(.text.HAL_PCD_ResetCallback)
    HAL_PCD_ResumeCallback                   0x08001259   Thumb Code    12  usbd_conf.o(.text.HAL_PCD_ResumeCallback)
    HAL_PCD_SOFCallback                      0x08001265   Thumb Code    12  usbd_conf.o(.text.HAL_PCD_SOFCallback)
    HAL_PCD_SetAddress                       0x08001271   Thumb Code    40  stm32f1xx_hal_pcd.o(.text.HAL_PCD_SetAddress)
    HAL_PCD_SetupStageCallback               0x08001299   Thumb Code    18  usbd_conf.o(.text.HAL_PCD_SetupStageCallback)
    HAL_PCD_Start                            0x080012ad   Thumb Code    50  stm32f1xx_hal_pcd.o(.text.HAL_PCD_Start)
    HAL_PCD_Stop                             0x080012e1   Thumb Code    52  stm32f1xx_hal_pcd.o(.text.HAL_PCD_Stop)
    HAL_PCD_SuspendCallback                  0x08001315   Thumb Code    38  usbd_conf.o(.text.HAL_PCD_SuspendCallback)
    HAL_RCCEx_PeriphCLKConfig                0x0800133d   Thumb Code   262  stm32f1xx_hal_rcc_ex.o(.text.HAL_RCCEx_PeriphCLKConfig)
    HAL_RCC_ClockConfig                      0x08001445   Thumb Code   372  stm32f1xx_hal_rcc.o(.text.HAL_RCC_ClockConfig)
    HAL_RCC_GetHCLKFreq                      0x080015b9   Thumb Code    12  stm32f1xx_hal_rcc.o(.text.HAL_RCC_GetHCLKFreq)
    HAL_RCC_GetPCLK1Freq                     0x080015c5   Thumb Code    34  stm32f1xx_hal_rcc.o(.text.HAL_RCC_GetPCLK1Freq)
    HAL_RCC_GetPCLK2Freq                     0x080015e9   Thumb Code    34  stm32f1xx_hal_rcc.o(.text.HAL_RCC_GetPCLK2Freq)
    HAL_RCC_GetSysClockFreq                  0x0800160d   Thumb Code    76  stm32f1xx_hal_rcc.o(.text.HAL_RCC_GetSysClockFreq)
    HAL_RCC_OscConfig                        0x0800166d   Thumb Code   780  stm32f1xx_hal_rcc.o(.text.HAL_RCC_OscConfig)
    HAL_SYSTICK_Config                       0x08001979   Thumb Code     8  stm32f1xx_hal_cortex.o(.text.HAL_SYSTICK_Config)
    HAL_UART_Init                            0x08001981   Thumb Code    96  stm32f1xx_hal_uart.o(.text.HAL_UART_Init)
    HAL_UART_MspInit                         0x080019e1   Thumb Code   126  stm32f1xx_hal_msp.o(.text.HAL_UART_MspInit)
    HAL_WWDG_Init                            0x08001a61   Thumb Code    40  stm32f1xx_hal_wwdg.o(.text.HAL_WWDG_Init)
    HAL_WWDG_MspInit                         0x08001a89   Thumb Code    50  stm32f1xx_hal_msp.o(.text.HAL_WWDG_MspInit)
    HardFault_Handler                        0x08001abd   Thumb Code     2  stm32f1xx_it.o(.text.HardFault_Handler)
    MX_USB_DEVICE_Init                       0x08001be9   Thumb Code   110  usb_device.o(.text.MX_USB_DEVICE_Init)
    MemManage_Handler                        0x08001c85   Thumb Code     2  stm32f1xx_it.o(.text.MemManage_Handler)
    NMI_Handler                              0x08001c89   Thumb Code     2  stm32f1xx_it.o(.text.NMI_Handler)
    PendSV_Handler                           0x0800206d   Thumb Code     2  stm32f1xx_it.o(.text.PendSV_Handler)
    SVC_Handler                              0x0800209d   Thumb Code     2  stm32f1xx_it.o(.text.SVC_Handler)
    SysTick_Handler                          0x080020d1   Thumb Code     8  stm32f1xx_it.o(.text.SysTick_Handler)
    SystemClock_Config                       0x080020d9   Thumb Code   120  main.o(.text.SystemClock_Config)
    SystemInit                               0x08002151   Thumb Code     2  system_stm32f1xx.o(.text.SystemInit)
    USBD_ClrClassConfig                      0x080021e5   Thumb Code    14  usbd_core.o(.text.USBD_ClrClassConfig)
    USBD_CtlContinueRx                       0x0800221d   Thumb Code    16  usbd_ioreq.o(.text.USBD_CtlContinueRx)
    USBD_CtlContinueSendData                 0x0800222d   Thumb Code    16  usbd_ioreq.o(.text.USBD_CtlContinueSendData)
    USBD_CtlError                            0x0800223d   Thumb Code    20  usbd_ctlreq.o(.text.USBD_CtlError)
    USBD_CtlPrepareRx                        0x08002251   Thumb Code    26  usbd_ioreq.o(.text.USBD_CtlPrepareRx)
    USBD_CtlReceiveStatus                    0x0800226d   Thumb Code    22  usbd_ioreq.o(.text.USBD_CtlReceiveStatus)
    USBD_CtlSendData                         0x08002285   Thumb Code    26  usbd_ioreq.o(.text.USBD_CtlSendData)
    USBD_CtlSendStatus                       0x080022a1   Thumb Code    22  usbd_ioreq.o(.text.USBD_CtlSendStatus)
    USBD_DFU_RegisterMedia                   0x0800246d   Thumb Code    12  usbd_dfu.o(.text.USBD_DFU_RegisterMedia)
    USBD_FS_ConfigStrDescriptor              0x08002555   Thumb Code    24  usbd_desc.o(.text.USBD_FS_ConfigStrDescriptor)
    USBD_FS_DeviceDescriptor                 0x08002579   Thumb Code    14  usbd_desc.o(.text.USBD_FS_DeviceDescriptor)
    USBD_FS_InterfaceStrDescriptor           0x08002589   Thumb Code    24  usbd_desc.o(.text.USBD_FS_InterfaceStrDescriptor)
    USBD_FS_LangIDStrDescriptor              0x080025b1   Thumb Code    14  usbd_desc.o(.text.USBD_FS_LangIDStrDescriptor)
    USBD_FS_ManufacturerStrDescriptor        0x080025c1   Thumb Code    24  usbd_desc.o(.text.USBD_FS_ManufacturerStrDescriptor)
    USBD_FS_ProductStrDescriptor             0x080025ed   Thumb Code    24  usbd_desc.o(.text.USBD_FS_ProductStrDescriptor)
    USBD_FS_SerialStrDescriptor              0x08002625   Thumb Code    20  usbd_desc.o(.text.USBD_FS_SerialStrDescriptor)
    USBD_GetString                           0x080027cd   Thumb Code    68  usbd_ctlreq.o(.text.USBD_GetString)
    USBD_Init                                0x0800282d   Thumb Code    48  usbd_core.o(.text.USBD_Init)
    USBD_LL_ClearStallEP                     0x0800285d   Thumb Code    16  usbd_conf.o(.text.USBD_LL_ClearStallEP)
    USBD_LL_DataInStage                      0x0800286d   Thumb Code   194  usbd_core.o(.text.USBD_LL_DataInStage)
    USBD_LL_DataOutStage                     0x08002931   Thumb Code   134  usbd_core.o(.text.USBD_LL_DataOutStage)
    USBD_LL_Init                             0x080029b9   Thumb Code    88  usbd_conf.o(.text.USBD_LL_Init)
    USBD_LL_IsStallEP                        0x08002a11   Thumb Code    32  usbd_conf.o(.text.USBD_LL_IsStallEP)
    USBD_LL_OpenEP                           0x08002a31   Thumb Code    22  usbd_conf.o(.text.USBD_LL_OpenEP)
    USBD_LL_PrepareReceive                   0x08002a49   Thumb Code    16  usbd_conf.o(.text.USBD_LL_PrepareReceive)
    USBD_LL_Reset                            0x08002a59   Thumb Code    84  usbd_core.o(.text.USBD_LL_Reset)
    USBD_LL_Resume                           0x08002aad   Thumb Code    20  usbd_core.o(.text.USBD_LL_Resume)
    USBD_LL_SOF                              0x08002ac1   Thumb Code    26  usbd_core.o(.text.USBD_LL_SOF)
    USBD_LL_SetSpeed                         0x08002add   Thumb Code     8  usbd_core.o(.text.USBD_LL_SetSpeed)
    USBD_LL_SetUSBAddress                    0x08002ae5   Thumb Code    16  usbd_conf.o(.text.USBD_LL_SetUSBAddress)
    USBD_LL_SetupStage                       0x08002af5   Thumb Code    96  usbd_core.o(.text.USBD_LL_SetupStage)
    USBD_LL_StallEP                          0x08002b55   Thumb Code    16  usbd_conf.o(.text.USBD_LL_StallEP)
    USBD_LL_Start                            0x08002b65   Thumb Code    16  usbd_conf.o(.text.USBD_LL_Start)
    USBD_LL_Stop                             0x08002b75   Thumb Code    16  usbd_conf.o(.text.USBD_LL_Stop)
    USBD_LL_Suspend                          0x08002b85   Thumb Code    20  usbd_core.o(.text.USBD_LL_Suspend)
    USBD_LL_Transmit                         0x08002b99   Thumb Code    16  usbd_conf.o(.text.USBD_LL_Transmit)
    USBD_ParseSetupRequest                   0x08002ba9   Thumb Code    22  usbd_ctlreq.o(.text.USBD_ParseSetupRequest)
    USBD_RegisterClass                       0x08002bc1   Thumb Code    14  usbd_core.o(.text.USBD_RegisterClass)
    USBD_SetClassConfig                      0x08002c19   Thumb Code    26  usbd_core.o(.text.USBD_SetClassConfig)
    USBD_Start                               0x08002cd5   Thumb Code    10  usbd_core.o(.text.USBD_Start)
    USBD_StdDevReq                           0x08002ce1   Thumb Code   114  usbd_ctlreq.o(.text.USBD_StdDevReq)
    USBD_StdEPReq                            0x08002d55   Thumb Code   326  usbd_ctlreq.o(.text.USBD_StdEPReq)
    USBD_StdItfReq                           0x08002e9d   Thumb Code    92  usbd_ctlreq.o(.text.USBD_StdItfReq)
    USBD_Stop                                0x08002ef9   Thumb Code    26  usbd_core.o(.text.USBD_Stop)
    USBD_static_free                         0x08002f15   Thumb Code     2  usbd_conf.o(.text.USBD_static_free)
    USBD_static_malloc                       0x08002f19   Thumb Code    10  usbd_conf.o(.text.USBD_static_malloc)
    USB_ActivateEndpoint                     0x08002f25   Thumb Code   556  stm32f1xx_ll_usb.o(.text.USB_ActivateEndpoint)
    USB_CoreInit                             0x08003151   Thumb Code     4  stm32f1xx_ll_usb.o(.text.USB_CoreInit)
    USB_DevConnect                           0x08003155   Thumb Code     4  stm32f1xx_ll_usb.o(.text.USB_DevConnect)
    USB_DevDisconnect                        0x08003159   Thumb Code     4  stm32f1xx_ll_usb.o(.text.USB_DevDisconnect)
    USB_DevInit                              0x0800315d   Thumb Code    26  stm32f1xx_ll_usb.o(.text.USB_DevInit)
    USB_DisableGlobalInt                     0x08003179   Thumb Code    20  stm32f1xx_ll_usb.o(.text.USB_DisableGlobalInt)
    USB_EP0_OutStart                         0x0800318d   Thumb Code     4  stm32f1xx_ll_usb.o(.text.USB_EP0_OutStart)
    USB_EPClearStall                         0x08003191   Thumb Code   126  stm32f1xx_ll_usb.o(.text.USB_EPClearStall)
    USB_EPSetStall                           0x08003211   Thumb Code    50  stm32f1xx_ll_usb.o(.text.USB_EPSetStall)
    USB_EPStartXfer                          0x08003245   Thumb Code  1552  stm32f1xx_ll_usb.o(.text.USB_EPStartXfer)
    USB_EnableGlobalInt                      0x08003855   Thumb Code    20  stm32f1xx_ll_usb.o(.text.USB_EnableGlobalInt)
    USB_LP_CAN1_RX0_IRQHandler               0x08003869   Thumb Code    16  stm32f1xx_it.o(.text.USB_LP_CAN1_RX0_IRQHandler)
    USB_ReadInterrupts                       0x08003879   Thumb Code     6  stm32f1xx_ll_usb.o(.text.USB_ReadInterrupts)
    USB_ReadPMA                              0x08003881   Thumb Code    50  stm32f1xx_ll_usb.o(.text.USB_ReadPMA)
    USB_SetCurrentMode                       0x080038b5   Thumb Code     4  stm32f1xx_ll_usb.o(.text.USB_SetCurrentMode)
    USB_SetDevAddress                        0x080038b9   Thumb Code    14  stm32f1xx_ll_usb.o(.text.USB_SetDevAddress)
    USB_WritePMA                             0x080038c9   Thumb Code    42  stm32f1xx_ll_usb.o(.text.USB_WritePMA)
    UsageFault_Handler                       0x080038f5   Thumb Code     2  stm32f1xx_it.o(.text.UsageFault_Handler)
    main                                     0x08003991   Thumb Code    30  main.o(.text.main)
    AHBPrescTable                            0x080039ae   Data          16  system_stm32f1xx.o(.rodata.AHBPrescTable)
    APBPrescTable                            0x080039be   Data           8  system_stm32f1xx.o(.rodata.APBPrescTable)
    Region$$Table$$Base                      0x08003a24   Number         0  anon$$obj.o(Region$$Table)
    Region$$Table$$Limit                     0x08003a44   Number         0  anon$$obj.o(Region$$Table)
    FS_Desc                                  0x20000000   Data          28  usbd_desc.o(.data.FS_Desc)
    SystemCoreClock                          0x2000001c   Data           4  system_stm32f1xx.o(.data.SystemCoreClock)
    USBD_DFU                                 0x20000020   Data          60  usbd_dfu.o(.data.USBD_DFU)
    USBD_DFU_fops_FS                         0x20000084   Data          28  usbd_dfu_if.o(.data.USBD_DFU_fops_FS)
    USBD_FS_DeviceDesc                       0x200000a0   Data          18  usbd_desc.o(.data.USBD_FS_DeviceDesc)
    USBD_LangIDDesc                          0x200000b4   Data           4  usbd_desc.o(.data.USBD_LangIDDesc)
    USBD_StringSerial                        0x200000b8   Data          26  usbd_desc.o(.data.USBD_StringSerial)
    uwTickFreq                               0x200000d2   Data           1  stm32f1xx_hal.o(.data.uwTickFreq)
    uwTickPrio                               0x200000d4   Data           4  stm32f1xx_hal.o(.data.uwTickPrio)
    __libspace_start                         0x200000d8   Data          96  libspace.o(.bss)
    __temporary_stack_top$libspace           0x20000138   Data           0  libspace.o(.bss)
    USBD_StrDesc                             0x20000238   Data         512  usbd_desc.o(.bss.USBD_StrDesc)
    hUsbDeviceFS                             0x20000858   Data         708  usb_device.o(.bss.hUsbDeviceFS)
    hdma_memtomem_dma1_channel1              0x20000b1c   Data          68  main.o(.bss.hdma_memtomem_dma1_channel1)
    hpcd_USB_FS                              0x20000b60   Data         752  usbd_conf.o(.bss.hpcd_USB_FS)
    huart3                                   0x20000e50   Data          72  main.o(.bss.huart3)
    hwwdg                                    0x20000e98   Data          20  main.o(.bss.hwwdg)
    uwTick                                   0x20000eac   Data           4  stm32f1xx_hal.o(.bss.uwTick)



==============================================================================

Memory Map of the image

  Image Entry point : 0x080000ed

  Load Region LR_IROM1 (Base: 0x08000000, Size: 0x00003b20, Max: 0x00010000, ABSOLUTE)

    Execution Region ER_IROM1 (Exec base: 0x08000000, Load base: 0x08000000, Size: 0x00003a44, Max: 0x00010000, ABSOLUTE)

    Exec Addr    Load Addr    Size         Type   Attr      Idx    E Section Name        Object

    0x08000000   0x08000000   0x000000ec   Data   RO            3    RESET               startup_stm32f103xb.o
    0x080000ec   0x080000ec   0x00000008   Code   RO         1112  * !!!main             c_w.l(__main.o)
    0x080000f4   0x080000f4   0x00000034   Code   RO         1275    !!!scatter          c_w.l(__scatter.o)
    0x08000128   0x08000128   0x0000001a   Code   RO         1277    !!handler_copy      c_w.l(__scatter_copy.o)
    0x08000142   0x08000142   0x00000002   PAD
    0x08000144   0x08000144   0x0000001c   Code   RO         1279    !!handler_zi        c_w.l(__scatter_zi.o)
    0x08000160   0x08000160   0x00000002   Code   RO         1139    .ARM.Collect$$libinit$$00000000  c_w.l(libinit.o)
    0x08000162   0x08000162   0x00000000   Code   RO         1146    .ARM.Collect$$libinit$$00000002  c_w.l(libinit2.o)
    0x08000162   0x08000162   0x00000000   Code   RO         1148    .ARM.Collect$$libinit$$00000004  c_w.l(libinit2.o)
    0x08000162   0x08000162   0x00000000   Code   RO         1151    .ARM.Collect$$libinit$$0000000A  c_w.l(libinit2.o)
    0x08000162   0x08000162   0x00000000   Code   RO         1153    .ARM.Collect$$libinit$$0000000C  c_w.l(libinit2.o)
    0x08000162   0x08000162   0x00000000   Code   RO         1155    .ARM.Collect$$libinit$$0000000E  c_w.l(libinit2.o)
    0x08000162   0x08000162   0x00000000   Code   RO         1158    .ARM.Collect$$libinit$$00000011  c_w.l(libinit2.o)
    0x08000162   0x08000162   0x00000000   Code   RO         1160    .ARM.Collect$$libinit$$00000013  c_w.l(libinit2.o)
    0x08000162   0x08000162   0x00000000   Code   RO         1162    .ARM.Collect$$libinit$$00000015  c_w.l(libinit2.o)
    0x08000162   0x08000162   0x00000000   Code   RO         1164    .ARM.Collect$$libinit$$00000017  c_w.l(libinit2.o)
    0x08000162   0x08000162   0x00000000   Code   RO         1166    .ARM.Collect$$libinit$$00000019  c_w.l(libinit2.o)
    0x08000162   0x08000162   0x00000000   Code   RO         1168    .ARM.Collect$$libinit$$0000001B  c_w.l(libinit2.o)
    0x08000162   0x08000162   0x00000000   Code   RO         1170    .ARM.Collect$$libinit$$0000001D  c_w.l(libinit2.o)
    0x08000162   0x08000162   0x00000000   Code   RO         1172    .ARM.Collect$$libinit$$0000001F  c_w.l(libinit2.o)
    0x08000162   0x08000162   0x00000000   Code   RO         1174    .ARM.Collect$$libinit$$00000021  c_w.l(libinit2.o)
    0x08000162   0x08000162   0x00000000   Code   RO         1176    .ARM.Collect$$libinit$$00000023  c_w.l(libinit2.o)
    0x08000162   0x08000162   0x00000000   Code   RO         1178    .ARM.Collect$$libinit$$00000025  c_w.l(libinit2.o)
    0x08000162   0x08000162   0x00000000   Code   RO         1182    .ARM.Collect$$libinit$$0000002C  c_w.l(libinit2.o)
    0x08000162   0x08000162   0x00000000   Code   RO         1184    .ARM.Collect$$libinit$$0000002E  c_w.l(libinit2.o)
    0x08000162   0x08000162   0x00000000   Code   RO         1186    .ARM.Collect$$libinit$$00000030  c_w.l(libinit2.o)
    0x08000162   0x08000162   0x00000000   Code   RO         1188    .ARM.Collect$$libinit$$00000032  c_w.l(libinit2.o)
    0x08000162   0x08000162   0x00000002   Code   RO         1189    .ARM.Collect$$libinit$$00000033  c_w.l(libinit2.o)
    0x08000164   0x08000164   0x00000002   Code   RO         1211    .ARM.Collect$$libshutdown$$00000000  c_w.l(libshutdown.o)
    0x08000166   0x08000166   0x00000000   Code   RO         1226    .ARM.Collect$$libshutdown$$00000002  c_w.l(libshutdown2.o)
    0x08000166   0x08000166   0x00000000   Code   RO         1228    .ARM.Collect$$libshutdown$$00000004  c_w.l(libshutdown2.o)
    0x08000166   0x08000166   0x00000000   Code   RO         1231    .ARM.Collect$$libshutdown$$00000007  c_w.l(libshutdown2.o)
    0x08000166   0x08000166   0x00000000   Code   RO         1234    .ARM.Collect$$libshutdown$$0000000A  c_w.l(libshutdown2.o)
    0x08000166   0x08000166   0x00000000   Code   RO         1236    .ARM.Collect$$libshutdown$$0000000C  c_w.l(libshutdown2.o)
    0x08000166   0x08000166   0x00000000   Code   RO         1239    .ARM.Collect$$libshutdown$$0000000F  c_w.l(libshutdown2.o)
    0x08000166   0x08000166   0x00000002   Code   RO         1240    .ARM.Collect$$libshutdown$$00000010  c_w.l(libshutdown2.o)
    0x08000168   0x08000168   0x00000000   Code   RO         1114    .ARM.Collect$$rtentry$$00000000  c_w.l(__rtentry.o)
    0x08000168   0x08000168   0x00000000   Code   RO         1116    .ARM.Collect$$rtentry$$00000002  c_w.l(__rtentry2.o)
    0x08000168   0x08000168   0x00000006   Code   RO         1128    .ARM.Collect$$rtentry$$00000004  c_w.l(__rtentry4.o)
    0x0800016e   0x0800016e   0x00000000   Code   RO         1118    .ARM.Collect$$rtentry$$00000009  c_w.l(__rtentry2.o)
    0x0800016e   0x0800016e   0x00000004   Code   RO         1119    .ARM.Collect$$rtentry$$0000000A  c_w.l(__rtentry2.o)
    0x08000172   0x08000172   0x00000000   Code   RO         1121    .ARM.Collect$$rtentry$$0000000C  c_w.l(__rtentry2.o)
    0x08000172   0x08000172   0x00000008   Code   RO         1122    .ARM.Collect$$rtentry$$0000000D  c_w.l(__rtentry2.o)
    0x0800017a   0x0800017a   0x00000002   Code   RO         1143    .ARM.Collect$$rtexit$$00000000  c_w.l(rtexit.o)
    0x0800017c   0x0800017c   0x00000000   Code   RO         1191    .ARM.Collect$$rtexit$$00000002  c_w.l(rtexit2.o)
    0x0800017c   0x0800017c   0x00000004   Code   RO         1192    .ARM.Collect$$rtexit$$00000003  c_w.l(rtexit2.o)
    0x08000180   0x08000180   0x00000006   Code   RO         1193    .ARM.Collect$$rtexit$$00000004  c_w.l(rtexit2.o)
    0x08000186   0x08000186   0x00000002   PAD
    0x08000188   0x08000188   0x00000040   Code   RO            4    .text               startup_stm32f103xb.o
    0x080001c8   0x080001c8   0x0000004e   Code   RO         1108    .text               c_w.l(rt_memclr_w.o)
    0x08000216   0x08000216   0x00000006   Code   RO         1110    .text               c_w.l(heapauxi.o)
    0x0800021c   0x0800021c   0x0000004a   Code   RO         1130    .text               c_w.l(sys_stackheap_outer.o)
    0x08000266   0x08000266   0x00000012   Code   RO         1132    .text               c_w.l(exit.o)
    0x08000278   0x08000278   0x00000008   Code   RO         1140    .text               c_w.l(libspace.o)
    0x08000280   0x08000280   0x0000000c   Code   RO         1201    .text               c_w.l(sys_exit.o)
    0x0800028c   0x0800028c   0x00000002   Code   RO         1216    .text               c_w.l(use_no_semi.o)
    0x0800028e   0x0800028e   0x00000000   Code   RO         1218    .text               c_w.l(indicate_semi.o)
    0x0800028e   0x0800028e   0x00000002   PAD
    0x08000290   0x08000290   0x00000002   Code   RO           42    .text.BusFault_Handler  stm32f1xx_it.o
    0x08000292   0x08000292   0x00000002   PAD
    0x08000294   0x08000294   0x00000036   Code   RO         1087    .text.DFU_Abort     usbd_dfu.o
    0x080002ca   0x080002ca   0x00000002   PAD
    0x080002cc   0x080002cc   0x00000036   Code   RO         1083    .text.DFU_ClearStatus  usbd_dfu.o
    0x08000302   0x08000302   0x00000002   PAD
    0x08000304   0x08000304   0x0000005a   Code   RO         1089    .text.DFU_Detach    usbd_dfu.o
    0x0800035e   0x0800035e   0x00000002   PAD
    0x08000360   0x08000360   0x00000058   Code   RO         1077    .text.DFU_Download  usbd_dfu.o
    0x080003b8   0x080003b8   0x00000012   Code   RO         1085    .text.DFU_GetState  usbd_dfu.o
    0x080003ca   0x080003ca   0x00000002   PAD
    0x080003cc   0x080003cc   0x000000ae   Code   RO         1081    .text.DFU_GetStatus  usbd_dfu.o
    0x0800047a   0x0800047a   0x00000002   PAD
    0x0800047c   0x0800047c   0x0000004e   Code   RO         1091    .text.DFU_Leave     usbd_dfu.o
    0x080004ca   0x080004ca   0x00000002   PAD
    0x080004cc   0x080004cc   0x000000bc   Code   RO         1079    .text.DFU_Upload    usbd_dfu.o
    0x08000588   0x08000588   0x00000002   Code   RO           48    .text.DebugMon_Handler  stm32f1xx_it.o
    0x0800058a   0x0800058a   0x00000002   PAD
    0x0800058c   0x0800058c   0x0000000a   Code   RO           23    .text.Error_Handler  main.o
    0x08000596   0x08000596   0x00000002   PAD
    0x08000598   0x08000598   0x00000034   Code   RO          829    .text.Get_SerialNum  usbd_desc.o
    0x080005cc   0x080005cc   0x00000088   Code   RO          392    .text.HAL_DMA_Init  stm32f1xx_hal_dma.o
    0x08000654   0x08000654   0x00000028   Code   RO          275    .text.HAL_Delay     stm32f1xx_hal.o
    0x0800067c   0x0800067c   0x000001fa   Code   RO          368    .text.HAL_GPIO_Init  stm32f1xx_hal_gpio.o
    0x08000876   0x08000876   0x00000002   PAD
    0x08000878   0x08000878   0x0000000c   Code   RO          267    .text.HAL_GetTick   stm32f1xx_hal.o
    0x08000884   0x08000884   0x0000001a   Code   RO          265    .text.HAL_IncTick   stm32f1xx_hal.o
    0x0800089e   0x0800089e   0x00000002   PAD
    0x080008a0   0x080008a0   0x00000026   Code   RO          255    .text.HAL_Init      stm32f1xx_hal.o
    0x080008c6   0x080008c6   0x00000002   PAD
    0x080008c8   0x080008c8   0x00000050   Code   RO          257    .text.HAL_InitTick  stm32f1xx_hal.o
    0x08000918   0x08000918   0x00000042   Code   RO           63    .text.HAL_MspInit   stm32f1xx_hal_msp.o
    0x0800095a   0x0800095a   0x00000002   PAD
    0x0800095c   0x0800095c   0x00000008   Code   RO          438    .text.HAL_NVIC_EnableIRQ  stm32f1xx_hal_cortex.o
    0x08000964   0x08000964   0x0000001e   Code   RO          430    .text.HAL_NVIC_SetPriority  stm32f1xx_hal_cortex.o
    0x08000982   0x08000982   0x00000002   PAD
    0x08000984   0x08000984   0x00000008   Code   RO          426    .text.HAL_NVIC_SetPriorityGrouping  stm32f1xx_hal_cortex.o
    0x0800098c   0x0800098c   0x00000046   Code   RO          175    .text.HAL_PCDEx_PMAConfig  stm32f1xx_hal_pcd_ex.o
    0x080009d2   0x080009d2   0x00000002   PAD
    0x080009d4   0x080009d4   0x00000002   Code   RO          930    .text.HAL_PCDEx_SetConnectionState  usbd_conf.o
    0x080009d6   0x080009d6   0x00000002   PAD
    0x080009d8   0x080009d8   0x00000018   Code   RO          876    .text.HAL_PCD_DataInStageCallback  usbd_conf.o
    0x080009f0   0x080009f0   0x0000001a   Code   RO          874    .text.HAL_PCD_DataOutStageCallback  usbd_conf.o
    0x08000a0a   0x08000a0a   0x00000002   PAD
    0x08000a0c   0x08000a0c   0x0000005e   Code   RO          151    .text.HAL_PCD_EP_ClrStall  stm32f1xx_hal_pcd.o
    0x08000a6a   0x08000a6a   0x00000002   PAD
    0x08000a6c   0x08000a6c   0x000000c6   Code   RO          163    .text.HAL_PCD_EP_DB_Receive  stm32f1xx_hal_pcd.o
    0x08000b32   0x08000b32   0x00000002   PAD
    0x08000b34   0x08000b34   0x00000338   Code   RO          165    .text.HAL_PCD_EP_DB_Transmit  stm32f1xx_hal_pcd.o
    0x08000e6c   0x08000e6c   0x00000058   Code   RO          139    .text.HAL_PCD_EP_Open  stm32f1xx_hal_pcd.o
    0x08000ec4   0x08000ec4   0x00000032   Code   RO          143    .text.HAL_PCD_EP_Receive  stm32f1xx_hal_pcd.o
    0x08000ef6   0x08000ef6   0x00000002   PAD
    0x08000ef8   0x08000ef8   0x0000006c   Code   RO          149    .text.HAL_PCD_EP_SetStall  stm32f1xx_hal_pcd.o
    0x08000f64   0x08000f64   0x00000036   Code   RO          147    .text.HAL_PCD_EP_Transmit  stm32f1xx_hal_pcd.o
    0x08000f9a   0x08000f9a   0x00000002   PAD
    0x08000f9c   0x08000f9c   0x0000015e   Code   RO          105    .text.HAL_PCD_IRQHandler  stm32f1xx_hal_pcd.o
    0x080010fa   0x080010fa   0x00000002   PAD
    0x080010fc   0x080010fc   0x000000f2   Code   RO           93    .text.HAL_PCD_Init  stm32f1xx_hal_pcd.o
    0x080011ee   0x080011ee   0x00000002   PAD
    0x080011f0   0x080011f0   0x00000044   Code   RO          868    .text.HAL_PCD_MspInit  usbd_conf.o
    0x08001234   0x08001234   0x00000022   Code   RO          880    .text.HAL_PCD_ResetCallback  usbd_conf.o
    0x08001256   0x08001256   0x00000002   PAD
    0x08001258   0x08001258   0x0000000c   Code   RO          884    .text.HAL_PCD_ResumeCallback  usbd_conf.o
    0x08001264   0x08001264   0x0000000c   Code   RO          878    .text.HAL_PCD_SOFCallback  usbd_conf.o
    0x08001270   0x08001270   0x00000028   Code   RO          111    .text.HAL_PCD_SetAddress  stm32f1xx_hal_pcd.o
    0x08001298   0x08001298   0x00000012   Code   RO          872    .text.HAL_PCD_SetupStageCallback  usbd_conf.o
    0x080012aa   0x080012aa   0x00000002   PAD
    0x080012ac   0x080012ac   0x00000032   Code   RO          101    .text.HAL_PCD_Start  stm32f1xx_hal_pcd.o
    0x080012de   0x080012de   0x00000002   PAD
    0x080012e0   0x080012e0   0x00000034   Code   RO          103    .text.HAL_PCD_Stop  stm32f1xx_hal_pcd.o
    0x08001314   0x08001314   0x00000026   Code   RO          882    .text.HAL_PCD_SuspendCallback  usbd_conf.o
    0x0800133a   0x0800133a   0x00000002   PAD
    0x0800133c   0x0800133c   0x00000106   Code   RO          354    .text.HAL_RCCEx_PeriphCLKConfig  stm32f1xx_hal_rcc_ex.o
    0x08001442   0x08001442   0x00000002   PAD
    0x08001444   0x08001444   0x00000174   Code   RO          322    .text.HAL_RCC_ClockConfig  stm32f1xx_hal_rcc.o
    0x080015b8   0x080015b8   0x0000000c   Code   RO          332    .text.HAL_RCC_GetHCLKFreq  stm32f1xx_hal_rcc.o
    0x080015c4   0x080015c4   0x00000022   Code   RO          334    .text.HAL_RCC_GetPCLK1Freq  stm32f1xx_hal_rcc.o
    0x080015e6   0x080015e6   0x00000002   PAD
    0x080015e8   0x080015e8   0x00000022   Code   RO          336    .text.HAL_RCC_GetPCLK2Freq  stm32f1xx_hal_rcc.o
    0x0800160a   0x0800160a   0x00000002   PAD
    0x0800160c   0x0800160c   0x00000060   Code   RO          324    .text.HAL_RCC_GetSysClockFreq  stm32f1xx_hal_rcc.o
    0x0800166c   0x0800166c   0x0000030c   Code   RO          318    .text.HAL_RCC_OscConfig  stm32f1xx_hal_rcc.o
    0x08001978   0x08001978   0x00000008   Code   RO          450    .text.HAL_SYSTICK_Config  stm32f1xx_hal_cortex.o
    0x08001980   0x08001980   0x00000060   Code   RO          641    .text.HAL_UART_Init  stm32f1xx_hal_uart.o
    0x080019e0   0x080019e0   0x0000007e   Code   RO           65    .text.HAL_UART_MspInit  stm32f1xx_hal_msp.o
    0x08001a5e   0x08001a5e   0x00000002   PAD
    0x08001a60   0x08001a60   0x00000028   Code   RO          773    .text.HAL_WWDG_Init  stm32f1xx_hal_wwdg.o
    0x08001a88   0x08001a88   0x00000032   Code   RO           69    .text.HAL_WWDG_MspInit  stm32f1xx_hal_msp.o
    0x08001aba   0x08001aba   0x00000002   PAD
    0x08001abc   0x08001abc   0x00000002   Code   RO           38    .text.HardFault_Handler  stm32f1xx_it.o
    0x08001abe   0x08001abe   0x00000002   PAD
    0x08001ac0   0x08001ac0   0x00000036   Code   RO          831    .text.IntToUnicode  usbd_desc.o
    0x08001af6   0x08001af6   0x00000002   PAD
    0x08001af8   0x08001af8   0x00000004   Code   RO          848    .text.MEM_If_DeInit_FS  usbd_dfu_if.o
    0x08001afc   0x08001afc   0x00000004   Code   RO          850    .text.MEM_If_Erase_FS  usbd_dfu_if.o
    0x08001b00   0x08001b00   0x00000004   Code   RO          856    .text.MEM_If_GetStatus_FS  usbd_dfu_if.o
    0x08001b04   0x08001b04   0x00000004   Code   RO          846    .text.MEM_If_Init_FS  usbd_dfu_if.o
    0x08001b08   0x08001b08   0x00000004   Code   RO          854    .text.MEM_If_Read_FS  usbd_dfu_if.o
    0x08001b0c   0x08001b0c   0x00000004   Code   RO          852    .text.MEM_If_Write_FS  usbd_dfu_if.o
    0x08001b10   0x08001b10   0x0000005a   Code   RO           15    .text.MX_DMA_Init   main.o
    0x08001b6a   0x08001b6a   0x00000002   PAD
    0x08001b6c   0x08001b6c   0x00000044   Code   RO           17    .text.MX_GPIO_Init  main.o
    0x08001bb0   0x08001bb0   0x00000038   Code   RO           21    .text.MX_USART3_UART_Init  main.o
    0x08001be8   0x08001be8   0x0000006e   Code   RO          806    .text.MX_USB_DEVICE_Init  usb_device.o
    0x08001c56   0x08001c56   0x00000002   PAD
    0x08001c58   0x08001c58   0x0000002c   Code   RO           19    .text.MX_WWDG_Init  main.o
    0x08001c84   0x08001c84   0x00000002   Code   RO           40    .text.MemManage_Handler  stm32f1xx_it.o
    0x08001c86   0x08001c86   0x00000002   PAD
    0x08001c88   0x08001c88   0x00000002   Code   RO           36    .text.NMI_Handler   stm32f1xx_it.o
    0x08001c8a   0x08001c8a   0x00000002   PAD
    0x08001c8c   0x08001c8c   0x0000002c   Code   RO          436    .text.NVIC_EncodePriority  stm32f1xx_hal_cortex.o
    0x08001cb8   0x08001cb8   0x000003b2   Code   RO          107    .text.PCD_EP_ISR_Handler  stm32f1xx_hal_pcd.o
    0x0800206a   0x0800206a   0x00000002   PAD
    0x0800206c   0x0800206c   0x00000002   Code   RO           50    .text.PendSV_Handler  stm32f1xx_it.o
    0x0800206e   0x0800206e   0x00000002   PAD
    0x08002070   0x08002070   0x0000002c   Code   RO          320    .text.RCC_Delay     stm32f1xx_hal_rcc.o
    0x0800209c   0x0800209c   0x00000002   Code   RO           46    .text.SVC_Handler   stm32f1xx_it.o
    0x0800209e   0x0800209e   0x00000002   PAD
    0x080020a0   0x080020a0   0x0000002e   Code   RO          452    .text.SysTick_Config  stm32f1xx_hal_cortex.o
    0x080020ce   0x080020ce   0x00000002   PAD
    0x080020d0   0x080020d0   0x00000008   Code   RO           52    .text.SysTick_Handler  stm32f1xx_it.o
    0x080020d8   0x080020d8   0x00000078   Code   RO           13    .text.SystemClock_Config  main.o
    0x08002150   0x08002150   0x00000002   Code   RO          791    .text.SystemInit    system_stm32f1xx.o
    0x08002152   0x08002152   0x00000002   PAD
    0x08002154   0x08002154   0x0000008e   Code   RO          645    .text.UART_SetConfig  stm32f1xx_hal_uart.o
    0x080021e2   0x080021e2   0x00000002   PAD
    0x080021e4   0x080021e4   0x0000000e   Code   RO          956    .text.USBD_ClrClassConfig  usbd_core.o
    0x080021f2   0x080021f2   0x00000002   PAD
    0x080021f4   0x080021f4   0x00000026   Code   RO         1004    .text.USBD_ClrFeature  usbd_ctlreq.o
    0x0800221a   0x0800221a   0x00000002   PAD
    0x0800221c   0x0800221c   0x00000010   Code   RO         1033    .text.USBD_CtlContinueRx  usbd_ioreq.o
    0x0800222c   0x0800222c   0x00000010   Code   RO         1029    .text.USBD_CtlContinueSendData  usbd_ioreq.o
    0x0800223c   0x0800223c   0x00000014   Code   RO         1006    .text.USBD_CtlError  usbd_ctlreq.o
    0x08002250   0x08002250   0x0000001a   Code   RO         1031    .text.USBD_CtlPrepareRx  usbd_ioreq.o
    0x0800226a   0x0800226a   0x00000002   PAD
    0x0800226c   0x0800226c   0x00000016   Code   RO         1037    .text.USBD_CtlReceiveStatus  usbd_ioreq.o
    0x08002282   0x08002282   0x00000002   PAD
    0x08002284   0x08002284   0x0000001a   Code   RO         1027    .text.USBD_CtlSendData  usbd_ioreq.o
    0x0800229e   0x0800229e   0x00000002   PAD
    0x080022a0   0x080022a0   0x00000016   Code   RO         1035    .text.USBD_CtlSendStatus  usbd_ioreq.o
    0x080022b6   0x080022b6   0x00000002   PAD
    0x080022b8   0x080022b8   0x00000004   Code   RO         1059    .text.USBD_DFU_DataIn  usbd_dfu.o
    0x080022bc   0x080022bc   0x00000004   Code   RO         1061    .text.USBD_DFU_DataOut  usbd_dfu.o
    0x080022c0   0x080022c0   0x0000003e   Code   RO         1051    .text.USBD_DFU_DeInit  usbd_dfu.o
    0x080022fe   0x080022fe   0x00000002   PAD
    0x08002300   0x08002300   0x00000004   Code   RO         1057    .text.USBD_DFU_EP0_RxReady  usbd_dfu.o
    0x08002304   0x08002304   0x000000d0   Code   RO         1055    .text.USBD_DFU_EP0_TxReady  usbd_dfu.o
    0x080023d4   0x080023d4   0x00000010   Code   RO         1069    .text.USBD_DFU_GetCfgDesc  usbd_dfu.o
    0x080023e4   0x080023e4   0x00000010   Code   RO         1071    .text.USBD_DFU_GetDeviceQualifierDesc  usbd_dfu.o
    0x080023f4   0x080023f4   0x00000022   Code   RO         1073    .text.USBD_DFU_GetUsrStringDesc  usbd_dfu.o
    0x08002416   0x08002416   0x00000002   PAD
    0x08002418   0x08002418   0x0000004c   Code   RO         1049    .text.USBD_DFU_Init  usbd_dfu.o
    0x08002464   0x08002464   0x00000004   Code   RO         1065    .text.USBD_DFU_IsoINIncomplete  usbd_dfu.o
    0x08002468   0x08002468   0x00000004   Code   RO         1067    .text.USBD_DFU_IsoOutIncomplete  usbd_dfu.o
    0x0800246c   0x0800246c   0x0000000c   Code   RO         1075    .text.USBD_DFU_RegisterMedia  usbd_dfu.o
    0x08002478   0x08002478   0x00000004   Code   RO         1063    .text.USBD_DFU_SOF  usbd_dfu.o
    0x0800247c   0x0800247c   0x000000d6   Code   RO         1053    .text.USBD_DFU_Setup  usbd_dfu.o
    0x08002552   0x08002552   0x00000002   PAD
    0x08002554   0x08002554   0x00000024   Code   RO          825    .text.USBD_FS_ConfigStrDescriptor  usbd_desc.o
    0x08002578   0x08002578   0x0000000e   Code   RO          815    .text.USBD_FS_DeviceDescriptor  usbd_desc.o
    0x08002586   0x08002586   0x00000002   PAD
    0x08002588   0x08002588   0x00000028   Code   RO          827    .text.USBD_FS_InterfaceStrDescriptor  usbd_desc.o
    0x080025b0   0x080025b0   0x0000000e   Code   RO          817    .text.USBD_FS_LangIDStrDescriptor  usbd_desc.o
    0x080025be   0x080025be   0x00000002   PAD
    0x080025c0   0x080025c0   0x0000002c   Code   RO          819    .text.USBD_FS_ManufacturerStrDescriptor  usbd_desc.o
    0x080025ec   0x080025ec   0x00000038   Code   RO          821    .text.USBD_FS_ProductStrDescriptor  usbd_desc.o
    0x08002624   0x08002624   0x00000014   Code   RO          823    .text.USBD_FS_SerialStrDescriptor  usbd_desc.o
    0x08002638   0x08002638   0x00000030   Code   RO          998    .text.USBD_GetConfig  usbd_ctlreq.o
    0x08002668   0x08002668   0x0000010e   Code   RO          992    .text.USBD_GetDescriptor  usbd_ctlreq.o
    0x08002776   0x08002776   0x00000002   PAD
    0x08002778   0x08002778   0x0000001e   Code   RO         1016    .text.USBD_GetLen   usbd_ctlreq.o
    0x08002796   0x08002796   0x00000002   PAD
    0x08002798   0x08002798   0x00000032   Code   RO         1000    .text.USBD_GetStatus  usbd_ctlreq.o
    0x080027ca   0x080027ca   0x00000002   PAD
    0x080027cc   0x080027cc   0x00000044   Code   RO         1014    .text.USBD_GetString  usbd_ctlreq.o
    0x08002810   0x08002810   0x0000001a   Code   RO          898    .text.USBD_Get_USB_Status  usbd_conf.o
    0x0800282a   0x0800282a   0x00000002   PAD
    0x0800282c   0x0800282c   0x00000030   Code   RO          942    .text.USBD_Init     usbd_core.o
    0x0800285c   0x0800285c   0x00000010   Code   RO          912    .text.USBD_LL_ClearStallEP  usbd_conf.o
    0x0800286c   0x0800286c   0x000000c2   Code   RO          962    .text.USBD_LL_DataInStage  usbd_core.o
    0x0800292e   0x0800292e   0x00000002   PAD
    0x08002930   0x08002930   0x00000086   Code   RO          960    .text.USBD_LL_DataOutStage  usbd_core.o
    0x080029b6   0x080029b6   0x00000002   PAD
    0x080029b8   0x080029b8   0x00000058   Code   RO          894    .text.USBD_LL_Init  usbd_conf.o
    0x08002a10   0x08002a10   0x00000020   Code   RO          914    .text.USBD_LL_IsStallEP  usbd_conf.o
    0x08002a30   0x08002a30   0x00000016   Code   RO          904    .text.USBD_LL_OpenEP  usbd_conf.o
    0x08002a46   0x08002a46   0x00000002   PAD
    0x08002a48   0x08002a48   0x00000010   Code   RO          920    .text.USBD_LL_PrepareReceive  usbd_conf.o
    0x08002a58   0x08002a58   0x00000054   Code   RO          964    .text.USBD_LL_Reset  usbd_core.o
    0x08002aac   0x08002aac   0x00000014   Code   RO          970    .text.USBD_LL_Resume  usbd_core.o
    0x08002ac0   0x08002ac0   0x0000001a   Code   RO          972    .text.USBD_LL_SOF   usbd_core.o
    0x08002ada   0x08002ada   0x00000002   PAD
    0x08002adc   0x08002adc   0x00000008   Code   RO          966    .text.USBD_LL_SetSpeed  usbd_core.o
    0x08002ae4   0x08002ae4   0x00000010   Code   RO          916    .text.USBD_LL_SetUSBAddress  usbd_conf.o
    0x08002af4   0x08002af4   0x00000060   Code   RO          958    .text.USBD_LL_SetupStage  usbd_core.o
    0x08002b54   0x08002b54   0x00000010   Code   RO          910    .text.USBD_LL_StallEP  usbd_conf.o
    0x08002b64   0x08002b64   0x00000010   Code   RO          900    .text.USBD_LL_Start  usbd_conf.o
    0x08002b74   0x08002b74   0x00000010   Code   RO          902    .text.USBD_LL_Stop  usbd_conf.o
    0x08002b84   0x08002b84   0x00000014   Code   RO          968    .text.USBD_LL_Suspend  usbd_core.o
    0x08002b98   0x08002b98   0x00000010   Code   RO          918    .text.USBD_LL_Transmit  usbd_conf.o
    0x08002ba8   0x08002ba8   0x00000016   Code   RO         1012    .text.USBD_ParseSetupRequest  usbd_ctlreq.o
    0x08002bbe   0x08002bbe   0x00000002   PAD
    0x08002bc0   0x08002bc0   0x0000000e   Code   RO          946    .text.USBD_RegisterClass  usbd_core.o
    0x08002bce   0x08002bce   0x00000002   PAD
    0x08002bd0   0x08002bd0   0x00000046   Code   RO          994    .text.USBD_SetAddress  usbd_ctlreq.o
    0x08002c16   0x08002c16   0x00000002   PAD
    0x08002c18   0x08002c18   0x0000001a   Code   RO          954    .text.USBD_SetClassConfig  usbd_core.o
    0x08002c32   0x08002c32   0x00000002   PAD
    0x08002c34   0x08002c34   0x00000086   Code   RO          996    .text.USBD_SetConfig  usbd_ctlreq.o
    0x08002cba   0x08002cba   0x00000002   PAD
    0x08002cbc   0x08002cbc   0x00000016   Code   RO         1002    .text.USBD_SetFeature  usbd_ctlreq.o
    0x08002cd2   0x08002cd2   0x00000002   PAD
    0x08002cd4   0x08002cd4   0x0000000a   Code   RO          948    .text.USBD_Start    usbd_core.o
    0x08002cde   0x08002cde   0x00000002   PAD
    0x08002ce0   0x08002ce0   0x00000072   Code   RO          990    .text.USBD_StdDevReq  usbd_ctlreq.o
    0x08002d52   0x08002d52   0x00000002   PAD
    0x08002d54   0x08002d54   0x00000146   Code   RO         1010    .text.USBD_StdEPReq  usbd_ctlreq.o
    0x08002e9a   0x08002e9a   0x00000002   PAD
    0x08002e9c   0x08002e9c   0x0000005c   Code   RO         1008    .text.USBD_StdItfReq  usbd_ctlreq.o
    0x08002ef8   0x08002ef8   0x0000001a   Code   RO          950    .text.USBD_Stop     usbd_core.o
    0x08002f12   0x08002f12   0x00000002   PAD
    0x08002f14   0x08002f14   0x00000002   Code   RO          928    .text.USBD_static_free  usbd_conf.o
    0x08002f16   0x08002f16   0x00000002   PAD
    0x08002f18   0x08002f18   0x0000000a   Code   RO          926    .text.USBD_static_malloc  usbd_conf.o
    0x08002f22   0x08002f22   0x00000002   PAD
    0x08002f24   0x08002f24   0x0000022c   Code   RO          205    .text.USB_ActivateEndpoint  stm32f1xx_ll_usb.o
    0x08003150   0x08003150   0x00000004   Code   RO          191    .text.USB_CoreInit  stm32f1xx_ll_usb.o
    0x08003154   0x08003154   0x00000004   Code   RO          223    .text.USB_DevConnect  stm32f1xx_ll_usb.o
    0x08003158   0x08003158   0x00000004   Code   RO          225    .text.USB_DevDisconnect  stm32f1xx_ll_usb.o
    0x0800315c   0x0800315c   0x0000001a   Code   RO          199    .text.USB_DevInit   stm32f1xx_ll_usb.o
    0x08003176   0x08003176   0x00000002   PAD
    0x08003178   0x08003178   0x00000014   Code   RO          195    .text.USB_DisableGlobalInt  stm32f1xx_ll_usb.o
    0x0800318c   0x0800318c   0x00000004   Code   RO          239    .text.USB_EP0_OutStart  stm32f1xx_ll_usb.o
    0x08003190   0x08003190   0x0000007e   Code   RO          215    .text.USB_EPClearStall  stm32f1xx_ll_usb.o
    0x0800320e   0x0800320e   0x00000002   PAD
    0x08003210   0x08003210   0x00000032   Code   RO          213    .text.USB_EPSetStall  stm32f1xx_ll_usb.o
    0x08003242   0x08003242   0x00000002   PAD
    0x08003244   0x08003244   0x00000610   Code   RO          209    .text.USB_EPStartXfer  stm32f1xx_ll_usb.o
    0x08003854   0x08003854   0x00000014   Code   RO          193    .text.USB_EnableGlobalInt  stm32f1xx_ll_usb.o
    0x08003868   0x08003868   0x00000010   Code   RO           54    .text.USB_LP_CAN1_RX0_IRQHandler  stm32f1xx_it.o
    0x08003878   0x08003878   0x00000006   Code   RO          227    .text.USB_ReadInterrupts  stm32f1xx_ll_usb.o
    0x0800387e   0x0800387e   0x00000002   PAD
    0x08003880   0x08003880   0x00000032   Code   RO          245    .text.USB_ReadPMA   stm32f1xx_ll_usb.o
    0x080038b2   0x080038b2   0x00000002   PAD
    0x080038b4   0x080038b4   0x00000004   Code   RO          197    .text.USB_SetCurrentMode  stm32f1xx_ll_usb.o
    0x080038b8   0x080038b8   0x0000000e   Code   RO          221    .text.USB_SetDevAddress  stm32f1xx_ll_usb.o
    0x080038c6   0x080038c6   0x00000002   PAD
    0x080038c8   0x080038c8   0x0000002a   Code   RO          211    .text.USB_WritePMA  stm32f1xx_ll_usb.o
    0x080038f2   0x080038f2   0x00000002   PAD
    0x080038f4   0x080038f4   0x00000002   Code   RO           44    .text.UsageFault_Handler  stm32f1xx_it.o
    0x080038f6   0x080038f6   0x00000002   PAD
    0x080038f8   0x080038f8   0x00000020   Code   RO          440    .text.__NVIC_EnableIRQ  stm32f1xx_hal_cortex.o
    0x08003918   0x08003918   0x00000010   Code   RO          432    .text.__NVIC_GetPriorityGrouping  stm32f1xx_hal_cortex.o
    0x08003928   0x08003928   0x00000022   Code   RO          434    .text.__NVIC_SetPriority  stm32f1xx_hal_cortex.o
    0x0800394a   0x0800394a   0x00000002   PAD
    0x0800394c   0x0800394c   0x00000020   Code   RO          428    .text.__NVIC_SetPriorityGrouping  stm32f1xx_hal_cortex.o
    0x0800396c   0x0800396c   0x00000024   Code   RO         1093    .text.__NVIC_SystemReset  usbd_dfu.o
    0x08003990   0x08003990   0x0000001e   Code   RO           11    .text.main          main.o
    0x080039ae   0x080039ae   0x00000010   Data   RO          796    .rodata.AHBPrescTable  system_stm32f1xx.o
    0x080039be   0x080039be   0x00000008   Data   RO          797    .rodata.APBPrescTable  system_stm32f1xx.o
    0x080039c6   0x080039c6   0x0000005d   Data   RO          858    .rodata.str1.1      usbd_dfu_if.o
    0x08003a23   0x08003a23   0x00000001   PAD
    0x08003a24   0x08003a24   0x00000020   Data   RO         1274    Region$$Table       anon$$obj.o


    Execution Region RW_IRAM1 (Exec base: 0x20000000, Load base: 0x08003a48, Size: 0x000014b0, Max: 0x00005000, ABSOLUTE)

    Exec Addr    Load Addr    Size         Type   Attr      Idx    E Section Name        Object

    0x20000000   0x08003a48   0x0000001c   Data   RW          833    .data.FS_Desc       usbd_desc.o
    0x2000001c   0x08003a64   0x00000004   Data   RW          795    .data.SystemCoreClock  system_stm32f1xx.o
    0x20000020   0x08003a68   0x0000003c   Data   RW         1095    .data.USBD_DFU      usbd_dfu.o
    0x2000005c   0x08003aa4   0x0000001b   Data   RW         1096    .data.USBD_DFU_CfgDesc  usbd_dfu.o
    0x20000077   0x08003abf   0x00000001   PAD
    0x20000078   0x08003ac0   0x0000000a   Data   RW         1097    .data.USBD_DFU_DeviceQualifierDesc  usbd_dfu.o
    0x20000082   0x08003aca   0x00000002   PAD
    0x20000084   0x08003acc   0x0000001c   Data   RW          859    .data.USBD_DFU_fops_FS  usbd_dfu_if.o
    0x200000a0   0x08003ae8   0x00000012   Data   RW          834    .data.USBD_FS_DeviceDesc  usbd_desc.o
    0x200000b2   0x08003afa   0x00000002   PAD
    0x200000b4   0x08003afc   0x00000004   Data   RW          835    .data.USBD_LangIDDesc  usbd_desc.o
    0x200000b8   0x08003b00   0x0000001a   Data   RW          836    .data.USBD_StringSerial  usbd_desc.o
    0x200000d2   0x08003b1a   0x00000001   Data   RW          306    .data.uwTickFreq    stm32f1xx_hal.o
    0x200000d3   0x08003b1b   0x00000001   PAD
    0x200000d4   0x08003b1c   0x00000004   Data   RW          305    .data.uwTickPrio    stm32f1xx_hal.o
    0x200000d8        -       0x00000060   Zero   RW         1141    .bss                c_w.l(libspace.o)
    0x20000138        -       0x000000ff   Zero   RW         1098    .bss.USBD_DFU_GetUsrStringDesc.USBD_StrDesc  usbd_dfu.o
    0x20000237        -       0x00000001   Zero   RW         1018    .bss.USBD_SetConfig.cfgidx  usbd_ctlreq.o
    0x20000238        -       0x00000200   Zero   RW          837    .bss.USBD_StrDesc   usbd_desc.o
    0x20000438        -       0x00000420   Zero   RW          933    .bss.USBD_static_malloc.mem  usbd_conf.o
    0x20000858        -       0x000002c4   Zero   RW          808    .bss.hUsbDeviceFS   usb_device.o
    0x20000b1c        -       0x00000044   Zero   RW           27    .bss.hdma_memtomem_dma1_channel1  main.o
    0x20000b60        -       0x000002f0   Zero   RW          932    .bss.hpcd_USB_FS    usbd_conf.o
    0x20000e50        -       0x00000048   Zero   RW           25    .bss.huart3         main.o
    0x20000e98        -       0x00000014   Zero   RW           26    .bss.hwwdg          main.o
    0x20000eac        -       0x00000004   Zero   RW          307    .bss.uwTick         stm32f1xx_hal.o
    0x20000eb0        -       0x00000200   Zero   RW            2    HEAP                startup_stm32f103xb.o
    0x200010b0        -       0x00000400   Zero   RW            1    STACK               startup_stm32f103xb.o


==============================================================================

Image component sizes


      Code (inc. data)   RO Data    RW Data    ZI Data      Debug   Object Name

       418          0          0          0        160       5340   main.o
        64         26        236          0       1536        768   startup_stm32f103xb.o
       196          0          0          5          4       5713   stm32f1xx_hal.o
       258          0          0          0          0       8688   stm32f1xx_hal_cortex.o
       136          0          0          0          0       7455   stm32f1xx_hal_dma.o
       506         20          0          0          0       4662   stm32f1xx_hal_gpio.o
       242          0          0          0          0       4851   stm32f1xx_hal_msp.o
      3096          0          0          0          0      16035   stm32f1xx_hal_pcd.o
        70          0          0          0          0       4053   stm32f1xx_hal_pcd_ex.o
      1372         20          0          0          0       7025   stm32f1xx_hal_rcc.o
       262          0          0          0          0       3531   stm32f1xx_hal_rcc_ex.o
       238          0          0          0          0      24355   stm32f1xx_hal_uart.o
        40          0          0          0          0       1988   stm32f1xx_hal_wwdg.o
        40          0          0          0          0       1496   stm32f1xx_it.o
      2482          4          0          0          0      15667   stm32f1xx_ll_usb.o
         2          0         24          4          0       1599   system_stm32f1xx.o
       110          0          0          0        708       2859   usb_device.o
       526          0          0          0       1808      14646   usbd_conf.o
       720          0          0          0          0       7501   usbd_core.o
      1304         24          0          0          1       8748   usbd_ctlreq.o
       330         80          0         76        512       3469   usbd_desc.o
      1442         20          0         97        255      11478   usbd_dfu.o
        24          0         93         28          0       2014   usbd_dfu_if.o
       128          0          0          0          0       4443   usbd_ioreq.o

    ----------------------------------------------------------------------
     14174        194        386        216       4984     168384   Object Totals
         0          0         32          0          0          0   (incl. Generated)
       168          0          1          6          0          0   (incl. Padding)

    ----------------------------------------------------------------------

      Code (inc. data)   RO Data    RW Data    ZI Data      Debug   Library Member Name

         8          0          0          0          0         68   __main.o
         0          0          0          0          0          0   __rtentry.o
        12          0          0          0          0          0   __rtentry2.o
         6          0          0          0          0          0   __rtentry4.o
        52          8          0          0          0          0   __scatter.o
        26          0          0          0          0          0   __scatter_copy.o
        28          0          0          0          0          0   __scatter_zi.o
        18          0          0          0          0         80   exit.o
         6          0          0          0          0        152   heapauxi.o
         0          0          0          0          0          0   indicate_semi.o
         2          0          0          0          0          0   libinit.o
         2          0          0          0          0          0   libinit2.o
         2          0          0          0          0          0   libshutdown.o
         2          0          0          0          0          0   libshutdown2.o
         8          4          0          0         96         68   libspace.o
        78          0          0          0          0         80   rt_memclr_w.o
         2          0          0          0          0          0   rtexit.o
        10          0          0          0          0          0   rtexit2.o
        12          4          0          0          0         68   sys_exit.o
        74          0          0          0          0         80   sys_stackheap_outer.o
         2          0          0          0          0         68   use_no_semi.o

    ----------------------------------------------------------------------
       356         16          0          0         96        664   Library Totals
         6          0          0          0          0          0   (incl. Padding)

    ----------------------------------------------------------------------

      Code (inc. data)   RO Data    RW Data    ZI Data      Debug   Library Name

       350         16          0          0         96        664   c_w.l

    ----------------------------------------------------------------------
       356         16          0          0         96        664   Library Totals

    ----------------------------------------------------------------------

==============================================================================


      Code (inc. data)   RO Data    RW Data    ZI Data      Debug   

     14530        210        386        216       5080     168448   Grand Totals
     14530        210        386        216       5080     168448   ELF Image Totals
     14530        210        386        216          0          0   ROM Totals

==============================================================================

    Total RO  Size (Code + RO Data)                14916 (  14.57kB)
    Total RW  Size (RW Data + ZI Data)              5296 (   5.17kB)
    Total ROM Size (Code + RO Data + RW Data)      15132 (  14.78kB)

==============================================================================

